[14:00:36] This is prokka 1.15.6
[14:00:36] Written by Torsten Seemann <torsten.seemann@gmail.com>
[14:00:36] Homepage is https://github.com/tseemann/prokka
[14:00:36] Local time is Thu Apr 30 14:00:36 2026
[14:00:36] You are intern
[14:00:36] Operating system is linux
[14:00:36] You have BioPerl 1.7.8
[14:00:36] System has 8 cores.
[14:00:36] Will use maximum of 8 cores.
[14:00:36] Annotating as >>> Bacteria <<<
[14:00:36] Generating locus_tag from 'FastaFiles/ASM276217v1_FemaleGut.fna' contents.
[14:00:36] Setting --locustag HMEEEBGO from MD5 16eeeb08c63cfc6c26b084ab06ac2bf5
[14:00:36] Creating new output folder: prokka_output/ASM276217v1_FemaleGut
[14:00:36] Running: mkdir -p prokka_output\/ASM276217v1_FemaleGut
[14:00:36] Using filename prefix: ASM276217v1_FemaleGut.XXX
[14:00:36] Setting HMMER_NCPU=1
[14:00:36] Writing log to: prokka_output/ASM276217v1_FemaleGut/ASM276217v1_FemaleGut.log
[14:00:36] Command: /home/intern/miniconda3/envs/prokka/bin/prokka --outdir prokka_output/ASM276217v1_FemaleGut --prefix ASM276217v1_FemaleGut --genus Levilactobacillus --species brevis --kingdom Bacteria --cpus 8 FastaFiles/ASM276217v1_FemaleGut.fna
[14:00:36] Looking for 'aragorn' - found /home/intern/miniconda3/envs/prokka/bin/aragorn
[14:00:36] Determined aragorn version is v1.2 from 'ARAGORN v1.2.41 Dean Laslett'
[14:00:36] Looking for 'barrnap' - found /home/intern/miniconda3/envs/prokka/bin/barrnap
[14:00:36] Determined barrnap version is v1.10 from 'barrnap 1.10.5'
[14:00:36] Looking for 'blastp' - found /home/intern/miniconda3/envs/prokka/bin/blastp
[14:00:36] Determined blastp version is v2.17 from 'blastp: 2.17.0+'
[14:00:36] Looking for 'cmpress' - found /home/intern/miniconda3/envs/prokka/bin/cmpress
[14:00:36] Determined cmpress version is v1.1 from '# INFERNAL 1.1.5 (Sep 2023)'
[14:00:36] Looking for 'cmscan' - found /home/intern/miniconda3/envs/prokka/bin/cmscan
[14:00:36] Determined cmscan version is v1.1 from '# INFERNAL 1.1.5 (Sep 2023)'
[14:00:36] Looking for 'egrep' - found /usr/bin/egrep
[14:00:36] Looking for 'find' - found /usr/bin/find
[14:00:36] Looking for 'grep' - found /usr/bin/grep
[14:00:36] Looking for 'hmmpress' - found /home/intern/miniconda3/envs/prokka/bin/hmmpress
[14:00:36] Determined hmmpress version is v3.4 from '# HMMER 3.4 (Aug 2023); http://hmmer.org/'
[14:00:36] Looking for 'hmmscan' - found /home/intern/miniconda3/envs/prokka/bin/hmmscan
[14:00:36] Determined hmmscan version is v3.4 from '# HMMER 3.4 (Aug 2023); http://hmmer.org/'
[14:00:36] Looking for 'java' - found /home/intern/miniconda3/envs/prokka/bin/java
[14:00:36] Looking for 'makeblastdb' - found /home/intern/miniconda3/envs/prokka/bin/makeblastdb
[14:00:36] Determined makeblastdb version is v2.17 from 'makeblastdb: 2.17.0+'
[14:00:36] Looking for 'minced' - found /home/intern/miniconda3/envs/prokka/bin/minced
[14:00:36] Determined minced version is v4.2 from 'minced 0.4.2'
[14:00:36] Looking for 'parallel' - found /home/intern/miniconda3/envs/prokka/bin/parallel
[14:00:36] Determined parallel version is 20260422 from 'GNU parallel 20260422'
[14:00:36] Looking for 'prodigal' - found /home/intern/miniconda3/envs/prokka/bin/prodigal
[14:00:36] Determined prodigal version is v2.6 from 'Prodigal V2.6.3: February, 2016'
[14:00:36] Looking for 'prokka-genbank_to_fasta_db' - found /home/intern/miniconda3/envs/prokka/bin/prokka-genbank_to_fasta_db
[14:00:36] Looking for 'sed' - found /usr/bin/sed
[14:00:36] Looking for 'tbl2asn' - found /home/intern/miniconda3/envs/prokka/bin/tbl2asn
[14:00:36] Determined tbl2asn version is v25.7 from 'tbl2asn 25.7   arguments:'
[14:00:36] Using genetic code table 11.
[14:00:36] Loading and checking input file: FastaFiles/ASM276217v1_FemaleGut.fna
[14:00:36] Wrote 1 contigs totalling 2785111 bp.
[14:00:36] Predicting tRNAs and tmRNAs
[14:00:36] Running: aragorn -l -gc11  -w prokka_output\/ASM276217v1_FemaleGut\/ASM276217v1_FemaleGut\.fna
[14:00:37] 1 tRNA-Gly [37140,37210] 33 (ccc)
[14:00:37] 2 tRNA-Ser [164054,164141] 33 (cga)
[14:00:37] 3 tRNA-Arg [271728,271799] 34 (tct)
[14:00:37] 4 tRNA-Phe [272729,272821] 34 (aaa)
[14:00:37] 5 tRNA-Met [272924,272999] 36 (cat)
[14:00:37] 6 tRNA-Met c[708851,708923] 34 (cat)
[14:00:37] 7 tRNA-Asn c[709084,709158] 35 (gtt)
[14:00:37] 8 tRNA-Lys c[709236,709310] 35 (ttt)
[14:00:37] 9 tRNA-Leu c[709580,709664] 36 (tag)
[14:00:37] 10 tRNA-Asp c[736865,736942] 37 (gtc)
[14:00:37] 11 tRNA-Met c[736946,737021] 36 (cat)
[14:00:37] 12 tRNA-Glu c[737040,737114] 36 (ttc)
[14:00:37] 13 tRNA-Ser c[737120,737209] 36 (gct)
[14:00:37] 14 tRNA-Ile c[737212,737288] 37 (gat)
[14:00:37] 15 tRNA-Gly c[737294,737364] 33 (tcc)
[14:00:37] 16 tRNA-Phe c[737379,737453] 35 (gaa)
[14:00:37] 17 tRNA-Asp c[737504,737580] 37 (gtc)
[14:00:37] 18 tRNA-Met c[737584,737659] 36 (cat)
[14:00:37] 19 tRNA-Ser c[737669,737758] 37 (tga)
[14:00:37] 20 tRNA-Met c[737791,737866] 36 (cat)
[14:00:37] 21 tRNA-Met c[737879,737954] 36 (cat)
[14:00:37] 22 tRNA-Pro c[737980,738053] 35 (tgg)
[14:00:37] 23 tRNA-Arg c[738059,738134] 36 (acg)
[14:00:37] 24 tRNA-Gly c[738166,738237] 33 (gcc)
[14:00:37] 25 tRNA-Thr c[738242,738316] 35 (tgt)
[14:00:37] 26 tRNA-Lys c[738364,738438] 35 (ttt)
[14:00:37] 27 tRNA-Val c[738440,738514] 35 (tac)
[14:00:37] 28 tRNA-Gln c[892309,892383] 35 (ctg)
[14:00:37] 29 tRNA-Glu [892561,892636] 37 (ctc)
[14:00:37] 30 tmRNA [903881,904249] 91,132 AKNNNNSYALAA**
[14:00:37] 31 tRNA-Arg c[979625,979699] 35 (ccg)
[14:00:37] 32 tRNA-Arg c[980501,980575] 35 (ccg)
[14:00:37] 33 tRNA-Leu c[1091137,1091224] 36 (aag)
[14:00:37] 34 tRNA-Gln c[1102390,1102462] 33 (ttg)
[14:00:37] 35 tRNA-Tyr c[1102471,1102555] 38 (gta)
[14:00:37] 36 tRNA-Thr c[1105900,1105975] 35 (cgt)
[14:00:37] 37 tRNA-Asn c[1106004,1106079] 35 (gtt)
[14:00:37] 38 tRNA-Ala c[1109356,1109430] 35 (tgc)
[14:00:37] 39 tRNA-Ile c[1109451,1109527] 37 (gat)
[14:00:37] 40 tRNA-Thr c[1234737,1234809] 34 (ggt)
[14:00:37] 41 tRNA-Gln c[1664337,1664408] 33 (ttg)
[14:00:37] 42 tRNA-Glu c[1664416,1664491] 36 (ttc)
[14:00:37] 43 tRNA-Lys [1726022,1726097] 35 (ctt)
[14:00:37] 44 tRNA-Gln [1975147,1975220] 34 (ttg)
[14:00:37] 45 tRNA-Arg [2004701,2004772] 34 (tcg)
[14:00:37] 46 tRNA-Arg [2264956,2265029] 35 (tct)
[14:00:37] 47 tRNA-Ala c[2356663,2356737] 35 (cgc)
[14:00:37] 48 tRNA-Arg [2461455,2461526] 34 (tct)
[14:00:37] 49 tRNA-Val [2556452,2556527] 35 (tac)
[14:00:37] 50 tRNA-Leu [2556562,2556645] 36 (tag)
[14:00:37] 51 tRNA-Thr [2556681,2556755] 35 (agt)
[14:00:37] 52 tRNA-Gly [2556781,2556852] 33 (gcc)
[14:00:37] 53 tRNA-Leu [2556862,2556949] 36 (taa)
[14:00:37] 54 tRNA-Arg [2556968,2557043] 36 (acg)
[14:00:37] 55 tRNA-Pro [2557076,2557151] 36 (tgg)
[14:00:37] 56 tRNA-Pro [2557178,2557253] 36 (cgg)
[14:00:37] 57 tRNA-Arg [2686992,2687066] 36 (cct)
[14:00:37] 58 tRNA-Ile [2727075,2727151] 37 (gat)
[14:00:37] 59 tRNA-Ala [2727172,2727246] 35 (tgc)
[14:00:37] 60 tRNA-Asn [2730524,2730597] 34 (gtt)
[14:00:37] 61 tRNA-Ser [2730605,2730697] 36 (gga)
[14:00:37] 62 tRNA-Glu [2730709,2730783] 36 (ttc)
[14:00:37] 63 tRNA-Val [2730786,2730860] 35 (tac)
[14:00:37] 64 tRNA-Asp [2730878,2730954] 37 (gtc)
[14:00:37] 65 tRNA-Phe [2731000,2731074] 35 (gaa)
[14:00:37] 66 tRNA-Tyr [2731077,2731162] 38 (gta)
[14:00:37] 67 tRNA-Trp [2731164,2731236] 34 (cca)
[14:00:37] 68 tRNA-His [2731249,2731322] 34 (gtg)
[14:00:37] 69 tRNA-Cys [2731379,2731449] 33 (gca)
[14:00:37] 70 tRNA-Leu [2731483,2731569] 36 (caa)
[14:00:37] 71 tRNA-Leu [2749106,2749191] 36 (cag)
[14:00:37] 72 tRNA-Met c[2751116,2751189] 35 (cat)
[14:00:37] Found 72 tRNAs
[14:00:37] Predicting Ribosomal RNAs
[14:00:37] Running Barrnap with 8 threads
[14:00:44] 1 NZ_CP024635.1 738521 5S ribosomal RNA
[14:00:44] 2 NZ_CP024635.1 738707 23S ribosomal RNA
[14:00:44] 3 NZ_CP024635.1 741842 16S ribosomal RNA
[14:00:44] 4 NZ_CP024635.1 1106085 5S ribosomal RNA
[14:00:44] 5 NZ_CP024635.1 1106271 23S ribosomal RNA
[14:00:44] 6 NZ_CP024635.1 1109608 16S ribosomal RNA
[14:00:44] 7 NZ_CP024635.1 1234884 5S ribosomal RNA
[14:00:44] 8 NZ_CP024635.1 1235070 23S ribosomal RNA
[14:00:44] 9 NZ_CP024635.1 1238205 16S ribosomal RNA
[14:00:44] 10 NZ_CP024635.1 1649948 5S ribosomal RNA
[14:00:44] 11 NZ_CP024635.1 1650134 23S ribosomal RNA
[14:00:44] 12 NZ_CP024635.1 1653269 16S ribosomal RNA
[14:00:44] 13 NZ_CP024635.1 2725429 16S ribosomal RNA
[14:00:44] 14 NZ_CP024635.1 2727413 23S ribosomal RNA
[14:00:44] 15 NZ_CP024635.1 2730401 5S ribosomal RNA
[14:00:44] Found 15 rRNAs
[14:00:44] Skipping ncRNA search, enable with --rfam if desired.
[14:00:44] Total of 86 tRNA + rRNA features
[14:00:44] Searching for CRISPR repeats
[14:00:44] CRISPR1 NZ_CP024635.1 1947099 with 9 spacers
[14:00:44] Found 1 CRISPRs
[14:00:44] Predicting coding sequences
[14:00:44] Contigs total 2785111 bp, so using single mode
[14:00:44] Running: prodigal -i prokka_output\/ASM276217v1_FemaleGut\/ASM276217v1_FemaleGut\.fna -c -m -g 11 -p single -f sco -q
[14:00:51] Found 2801 CDS
[14:00:51] Connecting features back to sequences
[14:00:51] Not using genus-specific database. Try --usegenus to enable it.
[14:00:51] Annotating CDS, please be patient.
[14:00:51] Will use 8 CPUs for similarity searching.
[14:00:51] There are still 2801 unannotated CDS left (started with 2801)
[14:00:51] Will use blast to search against /home/intern/miniconda3/envs/prokka/db/kingdom/Bacteria/IS with 8 CPUs
[14:00:51] Running: cat prokka_output\/ASM276217v1_FemaleGut\/ASM276217v1_FemaleGut\.IS\.tmp\.119081\.faa | parallel --gnu --plain -j 8 --block 50964 --recstart '>' --pipe blastp -query - -db /home/intern/miniconda3/envs/prokka/db/kingdom/Bacteria/IS -evalue 1e-30 -qcov_hsp_perc 90 -num_threads 1 -num_descriptions 1 -num_alignments 1 -seg no > prokka_output\/ASM276217v1_FemaleGut\/ASM276217v1_FemaleGut\.IS\.tmp\.119081\.blast 2> /dev/null
[14:01:04] Deleting unwanted file: prokka_output/ASM276217v1_FemaleGut/ASM276217v1_FemaleGut.IS.tmp.119081.faa
[14:01:04] Deleting unwanted file: prokka_output/ASM276217v1_FemaleGut/ASM276217v1_FemaleGut.IS.tmp.119081.blast
[14:01:04] There are still 2781 unannotated CDS left (started with 2801)
[14:01:04] Will use blast to search against /home/intern/miniconda3/envs/prokka/db/kingdom/Bacteria/AMR with 8 CPUs
[14:01:04] Running: cat prokka_output\/ASM276217v1_FemaleGut\/ASM276217v1_FemaleGut\.AMR\.tmp\.119081\.faa | parallel --gnu --plain -j 8 --block 50582 --recstart '>' --pipe blastp -query - -db /home/intern/miniconda3/envs/prokka/db/kingdom/Bacteria/AMR -evalue 1e-300 -qcov_hsp_perc 90 -num_threads 1 -num_descriptions 1 -num_alignments 1 -seg no > prokka_output\/ASM276217v1_FemaleGut\/ASM276217v1_FemaleGut\.AMR\.tmp\.119081\.blast 2> /dev/null
[14:01:25] Deleting unwanted file: prokka_output/ASM276217v1_FemaleGut/ASM276217v1_FemaleGut.AMR.tmp.119081.faa
[14:01:25] Deleting unwanted file: prokka_output/ASM276217v1_FemaleGut/ASM276217v1_FemaleGut.AMR.tmp.119081.blast
[14:01:26] There are still 2774 unannotated CDS left (started with 2801)
[14:01:26] Will use blast to search against /home/intern/miniconda3/envs/prokka/db/kingdom/Bacteria/sprot with 8 CPUs
[14:01:26] Running: cat prokka_output\/ASM276217v1_FemaleGut\/ASM276217v1_FemaleGut\.sprot\.tmp\.119081\.faa | parallel --gnu --plain -j 8 --block 50181 --recstart '>' --pipe blastp -query - -db /home/intern/miniconda3/envs/prokka/db/kingdom/Bacteria/sprot -evalue 1e-09 -qcov_hsp_perc 80 -num_threads 1 -num_descriptions 1 -num_alignments 1 -seg no > prokka_output\/ASM276217v1_FemaleGut\/ASM276217v1_FemaleGut\.sprot\.tmp\.119081\.blast 2> /dev/null
[14:02:18] Modify product: Probable cyclic di-GMP phosphodiesterase PdeK => putative cyclic di-GMP phosphodiesterase PdeK
[14:02:18] Modify product: Uncharacterized protein Rv1339 => putative protein
[14:02:18] Modify product: Uncharacterized protein YpjQ => putative protein YpjQ
[14:02:18] Modify product: Uncharacterized oxidoreductase YtbE => putative oxidoreductase YtbE
[14:02:18] Modify product: Probable transcriptional regulatory protein YebC => putative transcriptional regulatory protein YebC
[14:02:18] Modify product: Uncharacterized MscS family protein YkuT => putative MscS family protein YkuT
[14:02:18] Modify product: UPF0473 protein SP_0194 => hypothetical protein
[14:02:18] Modify product: UPF0297 protein EF_1202 => hypothetical protein
[14:02:18] Modify product: Probable bifunctional oligoribonuclease and PAP phosphatase NrnA => putative bifunctional oligoribonuclease and PAP phosphatase NrnA
[14:02:18] Modify product: Probable tRNA sulfurtransferase => putative tRNA sulfurtransferase
[14:02:18] Modify product: Uncharacterized protein YueI => putative protein YueI
[14:02:18] Modify product: Putative universal stress protein SA1532 => Putative universal stress protein
[14:02:18] Modify product: Uncharacterized ABC transporter ATP-binding protein Rv1273c => putative ABC transporter ATP-binding protein
[14:02:18] Modify product: Probable cyclic di-GMP phosphodiesterase PdeG => putative cyclic di-GMP phosphodiesterase PdeG
[14:02:18] Modify product: Potassium channel HX13_20290 => Potassium channel
[14:02:18] Modify product: Probable glucose uptake protein GlcU => putative glucose uptake protein GlcU
[14:02:18] Modify product: Probable heme-iron transport system permease protein IsdF => putative heme-iron transport system permease protein IsdF
[14:02:18] Modify product: Probable cadmium-transporting ATPase => putative cadmium-transporting ATPase
[14:02:18] Modify product: Probable protein-export membrane protein SecG => putative protein-export membrane protein SecG
[14:02:18] Modify product: Uncharacterized HTH-type transcriptional regulator SACOL2360 => putative HTH-type transcriptional regulator
[14:02:18] Modify product: Probable cell division protein WhiA => putative cell division protein WhiA
[14:02:18] Modify product: Phosphate-specific transport system accessory protein PhoU homolog => Phosphate-specific transport system accessory protein PhoU 
[14:02:18] Modify product: Probable undecaprenyl-phosphate N-acetylglucosaminyl 1-phosphate transferase => putative undecaprenyl-phosphate N-acetylglucosaminyl 1-phosphate transferase
[14:02:18] Modify product: Probable ATP-binding protein YheS => putative ATP-binding protein YheS
[14:02:18] Modify product: Uncharacterized transporter YycB => putative transporter YycB
[14:02:18] Modify product: Nucleoid-associated protein SA0437 => Nucleoid-associated protein
[14:02:18] Modify product: Prophage bactoprenol glucosyl transferase homolog => Prophage bactoprenol glucosyl transferase 
[14:02:18] Modify product: Uncharacterized PIN and TRAM-domain containing protein YacL => putative PIN and TRAM-domain containing protein YacL
[14:02:18] Modify product: Probable cyclic di-GMP phosphodiesterase PdeK => putative cyclic di-GMP phosphodiesterase PdeK
[14:02:18] Modify product: Uncharacterized hydrolase SAUSA300_2518 => putative hydrolase
[14:02:18] Modify product: Protease HtpX homolog => Protease HtpX 
[14:02:18] Modify product: Probable DNA-directed RNA polymerase subunit delta => putative DNA-directed RNA polymerase subunit delta
[14:02:18] Modify product: Uncharacterized beta-barrel protein YwiB => putative beta-barrel protein YwiB
[14:02:18] Modify product: GTP cyclohydrolase 1 type 2 homolog => GTP cyclohydrolase 1 type 2 
[14:02:18] Modify product: Probable ATP-dependent DNA helicase RecS => putative ATP-dependent DNA helicase RecS
[14:02:18] Modify product: UPF0073 inner membrane protein YqfA => hypothetical protein
[14:02:18] Modify product: DegV domain-containing protein SP_1112 => DegV domain-containing protein
[14:02:18] Modify product: UPF0346 protein SP_0947 => hypothetical protein
[14:02:18] Modify product: Probable manganese-dependent inorganic pyrophosphatase => putative manganese-dependent inorganic pyrophosphatase
[14:02:18] Modify product: Uncharacterized oxidoreductase SA2266 => putative oxidoreductase
[14:02:18] Modify product: Uncharacterized oxidoreductase SA2266 => putative oxidoreductase
[14:02:18] Modify product: Uncharacterized oxidoreductase SA2266 => putative oxidoreductase
[14:02:18] Modify product: Uncharacterized HTH-type transcriptional regulator Rv1395 => putative HTH-type transcriptional regulator
[14:02:18] Modify product: Rqc2 homolog RqcH => Rqc2 RqcH
[14:02:18] Modify product: UPF0398 protein YpsA => hypothetical protein
[14:02:18] Modify product: Putative phosphatase HI_0003 => Putative phosphatase
[14:02:18] Modify product: Probable succinyl-diaminopimelate desuccinylase => putative succinyl-diaminopimelate desuccinylase
[14:02:18] Modify product: Aldo-keto reductase MSMEG_2408/MSMEI_2347 => Aldo-keto reductase/MSMEI_2347
[14:02:18] Modify product: Uncharacterized HTH-type transcriptional regulator HI_0186 => putative HTH-type transcriptional regulator
[14:02:18] Modify product: Uncharacterized transporter YycB => putative transporter YycB
[14:02:18] Modify product: Probable multidrug ABC transporter ATP-binding protein YbhF => putative multidrug ABC transporter ATP-binding protein YbhF
[14:02:18] Modify product: Uncharacterized protein YyaP => putative protein YyaP
[14:02:18] Modify product: UPF0342 protein SA1663 => hypothetical protein
[14:02:18] Modify product: Putative transport protein Rv0205 => Putative transport protein
[14:02:18] Modify product: Probable amino-acid permease protein YxeN => putative amino-acid permease protein YxeN
[14:02:18] Modify product: Probable ABC transporter extracellular-binding protein YckB => putative ABC transporter extracellular-binding protein YckB
[14:02:18] Modify product: Uncharacterized protein YpuA => putative protein YpuA
[14:02:18] Modify product: UPF0223 protein BH2638 => hypothetical protein
[14:02:18] Modify product: Probable peptidoglycan glycosyltransferase FtsW => putative peptidoglycan glycosyltransferase FtsW
[14:02:18] Modify product: Uncharacterized protein YlbL => putative protein YlbL
[14:02:18] Modify product: Probable GTP-binding protein EngB => putative GTP-binding protein EngB
[14:02:18] Modify product: Putative universal stress protein SA1532 => Putative universal stress protein
[14:02:18] Modify product: Fluoroquinolones export ATP-binding protein Rv2688c => Fluoroquinolones export ATP-binding protein
[14:02:18] Modify product: UPF0702 transmembrane protein YetF => hypothetical protein
[14:02:18] Modify product: Probable ATP-binding protein YbiT => putative ATP-binding protein YbiT
[14:02:18] Modify product: UPF0324 inner membrane protein YeiH => hypothetical protein
[14:02:18] Modify product: Uncharacterized HTH-type transcriptional regulator YtcD => putative HTH-type transcriptional regulator YtcD
[14:02:19] Modify product: Probable carboxylic ester hydrolase LipM => putative carboxylic ester hydrolase LipM
[14:02:19] Modify product: Probable tautomerase SA1195.1 => putative tautomerase.1
[14:02:19] Modify product: Uncharacterized HTH-type transcriptional regulator SACOL2360 => putative HTH-type transcriptional regulator
[14:02:19] Modify product: Uncharacterized HTH-type transcriptional regulator HI_0186 => putative HTH-type transcriptional regulator
[14:02:19] Modify product: UPF0122 protein SPy_1201/M5005_Spy0916 => hypothetical protein
[14:02:19] Modify product: Uncharacterized protein SA1069 => putative protein
[14:02:19] Modify product: Uncharacterized protein Spy1614 => putative protein
[14:02:19] Modify product: Bifunctional protein FolD => Bifunctional protein FolD protein
[14:02:19] Modify product: Uncharacterized protein Spy1535 => putative protein
[14:02:19] Modify product: Uncharacterized protein YibN => putative protein YibN
[14:02:19] Modify product: Uncharacterized protein YqgN => putative protein YqgN
[14:02:19] Modify product: RNA-binding protein HI_1333 => RNA-binding protein
[14:02:19] Modify product: Uncharacterized protein YqeH => putative protein YqeH
[14:02:19] Modify product: Putative universal stress protein SA1532 => Putative universal stress protein
[14:02:19] Modify product: Putative dipeptidase SACOL1801 => Putative dipeptidase
[14:02:19] Modify product: ABC transporter ATP-binding/permease protein Rv1747 => ABC transporter ATP-binding/permease protein
[14:02:19] Modify product: UPF0291 protein SP_1473 => hypothetical protein
[14:02:19] Modify product: UPF0154 protein SA1178 => hypothetical protein
[14:02:19] Modify product: Probable multidrug resistance ABC transporter ATP-binding/permease protein YheI => putative multidrug resistance ABC transporter ATP-binding/permease protein YheI
[14:02:19] Modify product: Probable multidrug resistance ABC transporter ATP-binding/permease protein YheH => putative multidrug resistance ABC transporter ATP-binding/permease protein YheH
[14:02:19] Modify product: UPF0213 protein EF_2693 => hypothetical protein
[14:02:19] Modify product: Putative universal stress protein SA1532 => Putative universal stress protein
[14:02:19] Modify product: Probable ketoamine kinase lp_1983 => putative ketoamine kinase
[14:02:19] Modify product: Probable cell wall amidase LytH => putative cell wall amidase LytH
[14:02:19] Modify product: Probable endonuclease 4 => putative endonuclease 4
[14:02:19] Modify product: Zinc-type alcohol dehydrogenase-like protein SA1988 => Zinc-type alcohol dehydrogenase-like protein
[14:02:19] Modify product: Uncharacterized HTH-type transcriptional regulator YybR => putative HTH-type transcriptional regulator YybR
[14:02:19] Modify product: Uncharacterized protein YqeY => putative protein YqeY
[14:02:19] Modify product: Uncharacterized sugar epimerase YhfK => putative sugar epimerase YhfK
[14:02:19] Modify product: Uncharacterized ABC transporter ATP-binding protein Rv0986 => putative ABC transporter ATP-binding protein
[14:02:19] Modify product: Uncharacterized glycosyltransferase YkoT => putative glycosyltransferase YkoT
[14:02:19] Modify product: Probable copper-transporting ATPase PacS => putative copper-transporting ATPase PacS
[14:02:19] Modify product: Uncharacterized oxidoreductase YtbE => putative oxidoreductase YtbE
[14:02:19] Modify product: Uncharacterized inner membrane transporter YicL => putative inner membrane transporter YicL
[14:02:19] Modify product: Probable cation-transporting ATPase F => putative cation-transporting ATPase F
[14:02:19] Modify product: Probable ergothioneine transporter EgtUBC => putative ergothioneine transporter EgtUBC
[14:02:19] Modify product: Probable succinyl-diaminopimelate desuccinylase => putative succinyl-diaminopimelate desuccinylase
[14:02:19] Modify product: Probable tRNA-dihydrouridine synthase => putative tRNA-dihydrouridine synthase
[14:02:19] Modify product: Putative glutamine amidotransferase Rv2859c => Putative glutamine amidotransferase
[14:02:19] Modify product: Putative universal stress protein SA1532 => Putative universal stress protein
[14:02:19] Modify product: Aldo-keto reductase MSMEG_2408/MSMEI_2347 => Aldo-keto reductase/MSMEI_2347
[14:02:19] Modify product: Probable succinyl-diaminopimelate desuccinylase => putative succinyl-diaminopimelate desuccinylase
[14:02:19] Modify product: Putative universal stress protein SA1532 => Putative universal stress protein
[14:02:19] Modify product: Putative universal stress protein SA1532 => Putative universal stress protein
[14:02:19] Modify product: Probable transporter SCO4007 => putative transporter
[14:02:19] Modify product: Uncharacterized HTH-type transcriptional regulator YtcD => putative HTH-type transcriptional regulator YtcD
[14:02:19] Modify product: Uncharacterized HTH-type transcriptional regulator HI_0186 => putative HTH-type transcriptional regulator
[14:02:19] Modify product: Zinc-type alcohol dehydrogenase-like protein SA1988 => Zinc-type alcohol dehydrogenase-like protein
[14:02:19] Modify product: Probable guanidinium efflux system subunit GdnD => putative guanidinium efflux system subunit GdnD
[14:02:19] Modify product: Uncharacterized HTH-type transcriptional regulator YybR => putative HTH-type transcriptional regulator YybR
[14:02:19] Modify product: UPF0340 protein SAOUHSC_02355 => hypothetical protein
[14:02:19] Modify product: Probable iron export ATP-binding protein FetA => putative iron export ATP-binding protein FetA
[14:02:19] Modify product: Probable iron export permease protein FetB => putative iron export permease protein FetB
[14:02:19] Modify product: Uncharacterized protein Rv2915c => putative protein
[14:02:19] Modify product: Uncharacterized protein Rv2915c => putative protein
[14:02:19] Modify product: Probable succinyl-diaminopimelate desuccinylase => putative succinyl-diaminopimelate desuccinylase
[14:02:19] Modify product: Uncharacterized protein YhaZ => putative protein YhaZ
[14:02:19] Modify product: Probable fructoselysine utilization operon transcriptional repressor => putative fructoselysine utilization operon transcriptional repressor
[14:02:19] Modify product: Uncharacterized sugar kinase YdjH => putative sugar kinase YdjH
[14:02:19] Modify product: Probable transport protein HsrA => putative transport protein HsrA
[14:02:19] Modify product: Uncharacterized symporter YjmB => putative symporter YjmB
[14:02:19] Modify product: Probable HTH-type transcriptional repressor ExuR => putative HTH-type transcriptional repressor ExuR
[14:02:19] Modify product: Uncharacterized symporter YjmB => putative symporter YjmB
[14:02:19] Modify product: Glucuronide carrier protein homolog => Glucuronide carrier protein 
[14:02:19] Modify product: Uncharacterized protein YedJ => putative protein YedJ
[14:02:19] Modify product: Multidrug efflux system ATP-binding protein Rv1218c => Multidrug efflux system ATP-binding protein
[14:02:19] Modify product: Multidrug efflux system permease protein Rv1217c => Multidrug efflux system permease protein
[14:02:19] Modify product: UPF0053 protein Rv1842c => hypothetical protein
[14:02:19] Modify product: Uncharacterized sugar epimerase YhfK => putative sugar epimerase YhfK
[14:02:19] Modify product: Uncharacterized protein Rv1488 => putative protein
[14:02:19] Modify product: Uncharacterized MFS-type transporter EfpA => putative MFS-type transporter EfpA
[14:02:19] Modify product: Cell wall protein Lmo0130 => Cell wall protein
[14:02:19] Modify product: Uncharacterized N-acetyltransferase YafP => putative N-acetyltransferase YafP
[14:02:19] Modify product: Putative dipeptidase SACOL1801 => Putative dipeptidase
[14:02:19] Modify product: Uncharacterized oxidoreductase SA2266 => putative oxidoreductase
[14:02:19] Modify product: Uncharacterized HTH-type transcriptional regulator Rv0681 => putative HTH-type transcriptional regulator
[14:02:19] Modify product: Uncharacterized inner membrane transporter YicL => putative inner membrane transporter YicL
[14:02:19] Modify product: Uncharacterized MFS-type transporter YhjX => putative MFS-type transporter YhjX
[14:02:19] Modify product: Putative universal stress protein SA1532 => Putative universal stress protein
[14:02:19] Modify product: Aldo-keto reductase MSMEG_2408/MSMEI_2347 => Aldo-keto reductase/MSMEI_2347
[14:02:19] Modify product: DegV domain-containing protein MW1315 => DegV domain-containing protein
[14:02:19] Modify product: Probable threonine/serine exporter => putative threonine/serine exporter
[14:02:19] Modify product: Uncharacterized protein YhaP => putative protein YhaP
[14:02:19] Modify product: Multidrug efflux system ATP-binding protein Rv1218c => Multidrug efflux system ATP-binding protein
[14:02:19] Modify product: Acetyltransferase SACOL1063 => Acetyltransferase
[14:02:19] Modify product: Uncharacterized oxidoreductase YkwC => putative oxidoreductase YkwC
[14:02:19] Modify product: Virulence protein STM3117 => Virulence protein
[14:02:19] Modify product: Probable capsular polysaccharide biosynthesis protein YwqC => putative capsular polysaccharide biosynthesis protein YwqC
[14:02:19] Modify product: Uncharacterized lipoprotein YerH => putative lipoprotein YerH
[14:02:19] Modify product: Uncharacterized RNA methyltransferase SP_1029 => putative RNA methyltransferase
[14:02:19] Modify product: Probable ATP-dependent RNA helicase YfmL => putative ATP-dependent RNA helicase YfmL
[14:02:19] Modify product: Putative universal stress protein SA1532 => Putative universal stress protein
[14:02:19] Modify product: Uncharacterized glycosyltransferase sll0501 => putative glycosyltransferase
[14:02:19] Modify product: Uncharacterized protein YkuJ => putative protein YkuJ
[14:02:19] Modify product: UPF0145 protein BC_1012 => hypothetical protein
[14:02:19] Modify product: Putative 2-hydroxyacid dehydrogenase SA2098 => Putative 2-hydroxyacid dehydrogenase
[14:02:19] Modify product: UPF0145 protein YbjQ => hypothetical protein
[14:02:19] Modify product: Probable glutamine ABC transporter permease protein GlnM => putative glutamine ABC transporter permease protein GlnM
[14:02:19] Modify product: Probable glutamine ABC transporter permease protein GlnP => putative glutamine ABC transporter permease protein GlnP
[14:02:20] Cleaned 166 /product names
[14:02:20] Deleting unwanted file: prokka_output/ASM276217v1_FemaleGut/ASM276217v1_FemaleGut.sprot.tmp.119081.faa
[14:02:20] Deleting unwanted file: prokka_output/ASM276217v1_FemaleGut/ASM276217v1_FemaleGut.sprot.tmp.119081.blast
[14:02:20] There are still 1402 unannotated CDS left (started with 2801)
[14:02:20] Will use hmmer3 to search against /home/intern/miniconda3/envs/prokka/db/hmm/HAMAP.hmm with 8 CPUs
[14:02:20] Running: cat prokka_output\/ASM276217v1_FemaleGut\/ASM276217v1_FemaleGut\.HAMAP\.hmm\.tmp\.119081\.faa | parallel --gnu --plain -j 8 --block 20840 --recstart '>' --pipe hmmscan --noali --notextw --acc -E 1e-09 --cpu 1 /home/intern/miniconda3/envs/prokka/db/hmm/HAMAP.hmm /dev/stdin > prokka_output\/ASM276217v1_FemaleGut\/ASM276217v1_FemaleGut\.HAMAP\.hmm\.tmp\.119081\.hmmer3 2> /dev/null
[14:02:40] Modify product: Protein SprT-like => Protein SprT-like protein
[14:02:40] Cleaned 1 /product names
[14:02:40] Deleting unwanted file: prokka_output/ASM276217v1_FemaleGut/ASM276217v1_FemaleGut.HAMAP.hmm.tmp.119081.faa
[14:02:40] Deleting unwanted file: prokka_output/ASM276217v1_FemaleGut/ASM276217v1_FemaleGut.HAMAP.hmm.tmp.119081.hmmer3
[14:02:40] Labelling remaining 1287 proteins as 'hypothetical protein'
[14:02:40] Possible /pseudo 'UDP-N-acetylglucosamine--peptide N-acetylglucosaminyltransferase GtfA subunit' at NZ_CP024635.1 position 64710
[14:02:40] Possible /pseudo 'Alkaline shock protein 23' at NZ_CP024635.1 position 307378
[14:02:40] Possible /pseudo 'putative oxidoreductase' at NZ_CP024635.1 position 419316
[14:02:40] Possible /pseudo 'NADH peroxidase' at NZ_CP024635.1 position 517214
[14:02:40] Possible /pseudo 'putative protein' at NZ_CP024635.1 position 567964
[14:02:40] Possible /pseudo 'Phosphate import ATP-binding protein PstB 3' at NZ_CP024635.1 position 999991
[14:02:40] Possible /pseudo 'Divalent metal cation transporter MntH' at NZ_CP024635.1 position 1242896
[14:02:40] Possible /pseudo '4-deoxy-L-threo-5-hexosulose-uronate ketol-isomerase 1' at NZ_CP024635.1 position 1588699
[14:02:40] Possible /pseudo 'Proline iminopeptidase' at NZ_CP024635.1 position 1872454
[14:02:40] Possible /pseudo 'S-layer protein' at NZ_CP024635.1 position 2088419
[14:02:40] Possible /pseudo 'IS1182 family transposase ISP2' at NZ_CP024635.1 position 2142985
[14:02:40] Possible /pseudo 'Alkaline shock protein 23' at NZ_CP024635.1 position 2192859
[14:02:40] Possible /pseudo 'Purine efflux pump PbuE' at NZ_CP024635.1 position 2225482
[14:02:40] Possible /pseudo 'Dipeptide-binding protein' at NZ_CP024635.1 position 2432132
[14:02:40] Possible /pseudo 'Uracil permease' at NZ_CP024635.1 position 2540391
[14:02:40] Possible /pseudo 'Corrinoid adenosyltransferase PduO' at NZ_CP024635.1 position 2660802
[14:02:40] Possible /pseudo 'Serine/threonine exchanger SteT' at NZ_CP024635.1 position 2678122
[14:02:40] Possible /pseudo 'scyllo-inositol 2-dehydrogenase (NADP(+)) IolU' at NZ_CP024635.1 position 2685018
[14:02:40] Found 1090 unique /gene codes.
[14:02:40] Fixed 2 duplicate /gene - glpK_1 glpK_2
[14:02:40] Fixed 2 duplicate /gene - guaA_1 guaA_2
[14:02:40] Fixed 2 duplicate /gene - yicL_1 yicL_2
[14:02:40] Fixed 2 duplicate /gene - rarA_1 rarA_2
[14:02:40] Fixed 2 duplicate /gene - ppx_1 ppx_2
[14:02:40] Fixed 2 duplicate /gene - malL_1 malL_2
[14:02:40] Fixed 3 duplicate /gene - maa_1 maa_2 maa_3
[14:02:40] Fixed 2 duplicate /gene - lacA_1 lacA_2
[14:02:40] Fixed 2 duplicate /gene - bglB_1 bglB_2
[14:02:40] Fixed 3 duplicate /gene - ribZ_1 ribZ_2 ribZ_3
[14:02:40] Fixed 2 duplicate /gene - ykoD_1 ykoD_2
[14:02:40] Fixed 3 duplicate /gene - adhR_1 adhR_2 adhR_3
[14:02:40] Fixed 2 duplicate /gene - gltX_1 gltX_2
[14:02:40] Fixed 2 duplicate /gene - murA1_1 murA1_2
[14:02:40] Fixed 2 duplicate /gene - spsB_1 spsB_2
[14:02:40] Fixed 3 duplicate /gene - steT_1 steT_2 steT_3
[14:02:40] Fixed 2 duplicate /gene - nhaC_1 nhaC_2
[14:02:40] Fixed 2 duplicate /gene - lacX_1 lacX_2
[14:02:40] Fixed 2 duplicate /gene - ldh_1 ldh_2
[14:02:40] Fixed 2 duplicate /gene - sbnD_1 sbnD_2
[14:02:40] Fixed 2 duplicate /gene - abfA_1 abfA_2
[14:02:40] Fixed 2 duplicate /gene - elaA_1 elaA_2
[14:02:40] Fixed 2 duplicate /gene - dinB_1 dinB_2
[14:02:40] Fixed 4 duplicate /gene - kdgK_1 kdgK_2 kdgK_3 kdgK_4
[14:02:40] Fixed 5 duplicate /gene - pepDA_1 pepDA_2 pepDA_3 pepDA_4 pepDA_5
[14:02:40] Fixed 2 duplicate /gene - dinG_1 dinG_2
[14:02:40] Fixed 2 duplicate /gene - brnQ_1 brnQ_2
[14:02:40] Fixed 2 duplicate /gene - ptsI_1 ptsI_2
[14:02:40] Fixed 3 duplicate /gene - pstB3_1 pstB3_2 pstB3_3
[14:02:40] Fixed 2 duplicate /gene - yvgN_1 yvgN_2
[14:02:40] Fixed 2 duplicate /gene - mepA_1 mepA_2
[14:02:40] Fixed 4 duplicate /gene - mntH_1 mntH_2 mntH_3 mntH_4
[14:02:40] Fixed 2 duplicate /gene - fabZ_1 fabZ_2
[14:02:40] Fixed 2 duplicate /gene - rhaS_1 rhaS_2
[14:02:40] Fixed 5 duplicate /gene - xylB_1 xylB_2 xylB_3 xylB_4 xylB_5
[14:02:40] Fixed 2 duplicate /gene - pduO_1 pduO_2
[14:02:40] Fixed 2 duplicate /gene - yjmB_1 yjmB_2
[14:02:40] Fixed 3 duplicate /gene - uxaC_1 uxaC_2 uxaC_3
[14:02:40] Fixed 2 duplicate /gene - aguA_1 aguA_2
[14:02:40] Fixed 2 duplicate /gene - cdaR_1 cdaR_2
[14:02:40] Fixed 4 duplicate /gene - emrB_1 emrB_2 emrB_3 emrB_4
[14:02:40] Fixed 2 duplicate /gene - polC_1 polC_2
[14:02:40] Fixed 3 duplicate /gene - ywnA_1 ywnA_2 ywnA_3
[14:02:40] Fixed 2 duplicate /gene - tkt_1 tkt_2
[14:02:40] Fixed 2 duplicate /gene - nth_1 nth_2
[14:02:40] Fixed 2 duplicate /gene - mshD_1 mshD_2
[14:02:40] Fixed 3 duplicate /gene - ccpA_1 ccpA_2 ccpA_3
[14:02:40] Fixed 2 duplicate /gene - rihC_1 rihC_2
[14:02:40] Fixed 2 duplicate /gene - pnuC_1 pnuC_2
[14:02:40] Fixed 2 duplicate /gene - ltaS1_1 ltaS1_2
[14:02:40] Fixed 2 duplicate /gene - ytcD_1 ytcD_2
[14:02:40] Fixed 2 duplicate /gene - arlR_1 arlR_2
[14:02:40] Fixed 4 duplicate /gene - tagU_1 tagU_2 tagU_3 tagU_4
[14:02:40] Fixed 2 duplicate /gene - hdfR_1 hdfR_2
[14:02:40] Fixed 3 duplicate /gene - gadC_1 gadC_2 gadC_3
[14:02:40] Fixed 4 duplicate /gene - dapE_1 dapE_2 dapE_3 dapE_4
[14:02:40] Fixed 2 duplicate /gene - macB_1 macB_2
[14:02:40] Fixed 3 duplicate /gene - mdtP_1 mdtP_2 mdtP_3
[14:02:40] Fixed 2 duplicate /gene - yfeW_1 yfeW_2
[14:02:40] Fixed 3 duplicate /gene - bcaP_1 bcaP_2 bcaP_3
[14:02:40] Fixed 6 duplicate /gene - smc_1 smc_2 smc_3 smc_4 smc_5 smc_6
[14:02:40] Fixed 2 duplicate /gene - btuD_1 btuD_2
[14:02:40] Fixed 2 duplicate /gene - argR_1 argR_2
[14:02:40] Fixed 2 duplicate /gene - thrB_1 thrB_2
[14:02:40] Fixed 4 duplicate /gene - sasA_1 sasA_2 sasA_3 sasA_4
[14:02:40] Fixed 4 duplicate /gene - degV_1 degV_2 degV_3 degV_4
[14:02:40] Fixed 2 duplicate /gene - cycA_1 cycA_2
[14:02:40] Fixed 2 duplicate /gene - pyrP_1 pyrP_2
[14:02:40] Fixed 3 duplicate /gene - spx_1 spx_2 spx_3
[14:02:40] Fixed 2 duplicate /gene - def_1 def_2
[14:02:40] Fixed 2 duplicate /gene - bglK_1 bglK_2
[14:02:40] Fixed 2 duplicate /gene - ret_1 ret_2
[14:02:40] Fixed 2 duplicate /gene - npr_1 npr_2
[14:02:40] Fixed 3 duplicate /gene - ybiV_1 ybiV_2 ybiV_3
[14:02:40] Fixed 2 duplicate /gene - lplJ_1 lplJ_2
[14:02:40] Fixed 2 duplicate /gene - yhfK_1 yhfK_2
[14:02:40] Fixed 3 duplicate /gene - yidA_1 yidA_2 yidA_3
[14:02:40] Fixed 3 duplicate /gene - xynB_1 xynB_2 xynB_3
[14:02:40] Fixed 2 duplicate /gene - prs_1 prs_2
[14:02:40] Fixed 10 duplicate /gene - dppA_1 dppA_2 dppA_3 dppA_4 dppA_5 dppA_6 dppA_7 dppA_8 dppA_9 dppA_10
[14:02:40] Fixed 2 duplicate /gene - cfa_1 cfa_2
[14:02:40] Fixed 2 duplicate /gene - prsA_1 prsA_2
[14:02:40] Fixed 2 duplicate /gene - pstS1_1 pstS1_2
[14:02:40] Fixed 3 duplicate /gene - glnQ_1 glnQ_2 glnQ_3
[14:02:40] Fixed 2 duplicate /gene - gmk_1 gmk_2
[14:02:40] Fixed 2 duplicate /gene - deoB_1 deoB_2
[14:02:40] Fixed 2 duplicate /gene - mprA_1 mprA_2
[14:02:40] Fixed 2 duplicate /gene - gntT_1 gntT_2
[14:02:40] Fixed 3 duplicate /gene - ackA_1 ackA_2 ackA_3
[14:02:40] Fixed 2 duplicate /gene - kdgA_1 kdgA_2
[14:02:40] Fixed 2 duplicate /gene - rmlB_1 rmlB_2
[14:02:40] Fixed 2 duplicate /gene - yycB_1 yycB_2
[14:02:40] Fixed 2 duplicate /gene - greA_1 greA_2
[14:02:40] Fixed 2 duplicate /gene - pip_1 pip_2
[14:02:40] Fixed 7 duplicate /gene - rhaR_1 rhaR_2 rhaR_3 rhaR_4 rhaR_5 rhaR_6 rhaR_7
[14:02:40] Fixed 2 duplicate /gene - pduN_1 pduN_2
[14:02:40] Fixed 2 duplicate /gene - trxA_1 trxA_2
[14:02:40] Fixed 3 duplicate /gene - kdgR_1 kdgR_2 kdgR_3
[14:02:40] Fixed 2 duplicate /gene - pbuE_1 pbuE_2
[14:02:40] Fixed 2 duplicate /gene - arcA_1 arcA_2
[14:02:40] Fixed 2 duplicate /gene - yybR_1 yybR_2
[14:02:40] Fixed 2 duplicate /gene - ygaZ_1 ygaZ_2
[14:02:40] Fixed 2 duplicate /gene - mscL_1 mscL_2
[14:02:40] Fixed 2 duplicate /gene - qorB_1 qorB_2
[14:02:40] Fixed 3 duplicate /gene - murJ_1 murJ_2 murJ_3
[14:02:40] Fixed 2 duplicate /gene - nagR_1 nagR_2
[14:02:40] Fixed 2 duplicate /gene - assT_1 assT_2
[14:02:40] Fixed 2 duplicate /gene - tadA_1 tadA_2
[14:02:40] Fixed 2 duplicate /gene - nox_1 nox_2
[14:02:40] Fixed 2 duplicate /gene - kduD_1 kduD_2
[14:02:40] Fixed 3 duplicate /gene - ard_1 ard_2 ard_3
[14:02:40] Fixed 2 duplicate /gene - rihA_1 rihA_2
[14:02:40] Fixed 2 duplicate /gene - ytrB_1 ytrB_2
[14:02:40] Fixed 2 duplicate /gene - bipA_1 bipA_2
[14:02:40] Fixed 2 duplicate /gene - gtfA_1 gtfA_2
[14:02:40] Fixed 8 duplicate /gene - gpmA_1 gpmA_2 gpmA_3 gpmA_4 gpmA_5 gpmA_6 gpmA_7 gpmA_8
[14:02:40] Fixed 2 duplicate /gene - dacA_1 dacA_2
[14:02:40] Fixed 2 duplicate /gene - pdeK_1 pdeK_2
[14:02:40] Fixed 2 duplicate /gene - deoR_1 deoR_2
[14:02:40] Fixed 4 duplicate /gene - stp_1 stp_2 stp_3 stp_4
[14:02:40] Fixed 2 duplicate /gene - acpP_1 acpP_2
[14:02:40] Fixed 2 duplicate /gene - czrA_1 czrA_2
[14:02:40] Fixed 2 duplicate /gene - rspR_1 rspR_2
[14:02:40] Fixed 2 duplicate /gene - gpsB_1 gpsB_2
[14:02:40] Fixed 2 duplicate /gene - gabD1_1 gabD1_2
[14:02:40] Fixed 3 duplicate /gene - rluD_1 rluD_2 rluD_3
[14:02:40] Fixed 2 duplicate /gene - gltC_1 gltC_2
[14:02:40] Fixed 2 duplicate /gene - msrA_1 msrA_2
[14:02:40] Fixed 2 duplicate /gene - galK_1 galK_2
[14:02:40] Fixed 2 duplicate /gene - ytbE_1 ytbE_2
[14:02:40] Fixed 2 duplicate /gene - helD_1 helD_2
[14:02:40] Fixed 3 duplicate /gene - yxeI_1 yxeI_2 yxeI_3
[14:02:40] Fixed 2 duplicate /gene - iolU_1 iolU_2
[14:02:40] Fixed 3 duplicate /gene - kduI1_1 kduI1_2 kduI1_3
[14:02:40] Fixed 2 duplicate /gene - lysN_1 lysN_2
[14:02:40] Fixed 2 duplicate /gene - yjeM_1 yjeM_2
[14:02:40] Fixed 2 duplicate /gene - ecfT_1 ecfT_2
[14:02:40] Fixed 2 duplicate /gene - tagF_1 tagF_2
[14:02:40] Fixed 2 duplicate /gene - tyrS_1 tyrS_2
[14:02:40] Fixed 2 duplicate /gene - tag_1 tag_2
[14:02:40] Fixed 2 duplicate /gene - pheT_1 pheT_2
[14:02:40] Fixed 2 duplicate /gene - arcC1_1 arcC1_2
[14:02:40] Fixed 2 duplicate /gene - rny_1 rny_2
[14:02:40] Fixed 2 duplicate /gene - iscS_1 iscS_2
[14:02:40] Fixed 8 duplicate /gene - xylP_1 xylP_2 xylP_3 xylP_4 xylP_5 xylP_6 xylP_7 xylP_8
[14:02:40] Fixed 2 duplicate /gene - thiD_1 thiD_2
[14:02:40] Fixed 2 duplicate /gene - ptpB_1 ptpB_2
[14:02:40] Fixed 2 duplicate /gene - rimI_1 rimI_2
[14:02:40] Fixed 2 duplicate /gene - dagK_1 dagK_2
[14:02:40] Fixed 2 duplicate /gene - napA_1 napA_2
[14:02:40] Fixed 4 duplicate /gene - nhaK_1 nhaK_2 nhaK_3 nhaK_4
[14:02:40] Fixed 3 duplicate /gene - xylT_1 xylT_2 xylT_3
[14:02:40] Fixed 4 duplicate /gene - kdsr_1 kdsr_2 kdsr_3 kdsr_4
[14:02:40] Fixed 11 duplicate /gene - xerC_1 xerC_2 xerC_3 xerC_4 xerC_5 xerC_6 xerC_7 xerC_8 xerC_9 xerC_10 xerC_11
[14:02:40] Fixed 2 duplicate /gene - scpA_1 scpA_2
[14:02:40] Fixed 2 duplicate /gene - rcsC_1 rcsC_2
[14:02:40] Fixed 3 duplicate /gene - gcvH_1 gcvH_2 gcvH_3
[14:02:40] Fixed 2 duplicate /gene - rodA_1 rodA_2
[14:02:40] Fixed 2 duplicate /gene - uxuA_1 uxuA_2
[14:02:40] Fixed 2 duplicate /gene - rnhA_1 rnhA_2
[14:02:40] Fixed 2 duplicate /gene - gadB_1 gadB_2
[14:02:40] Fixed 3 duplicate /gene - uvrA_1 uvrA_2 uvrA_3
[14:02:40] Fixed 2 duplicate /gene - nagC_1 nagC_2
[14:02:40] Fixed 3 duplicate /gene - ssbA_1 ssbA_2 ssbA_3
[14:02:40] Fixed 2 duplicate /gene - vmlR_1 vmlR_2
[14:02:40] Fixed 2 duplicate /gene - oppF_1 oppF_2
[14:02:40] Fixed 2 duplicate /gene - ettA_1 ettA_2
[14:02:40] Fixed 2 duplicate /gene - menA_1 menA_2
[14:02:40] Fixed 2 duplicate /gene - fucP_1 fucP_2
[14:02:40] Fixed 2 duplicate /gene - iolS_1 iolS_2
[14:02:40] Fixed 3 duplicate /gene - gpr_1 gpr_2 gpr_3
[14:02:40] Fixed 2 duplicate /gene - arcD1_1 arcD1_2
[14:02:40] Fixed 2 duplicate /gene - menH_1 menH_2
[14:02:40] Fixed 2 duplicate /gene - map_1 map_2
[14:02:40] Fixed 5 duplicate /gene - adh_1 adh_2 adh_3 adh_4 adh_5
[14:02:40] Fixed 2 duplicate /gene - adhA_1 adhA_2
[14:02:40] Fixed 3 duplicate /gene - clpP_1 clpP_2 clpP_3
[14:02:40] Fixed 2 duplicate /gene - pdhD_1 pdhD_2
[14:02:40] Fixed 178 colliding /gene names.
[14:02:40] Adding /locus_tag identifiers
[14:02:40] Assigned 2888 locus_tags to CDS and RNA features.
[14:02:40] Writing outputs to prokka_output/ASM276217v1_FemaleGut/
[14:02:41] Generating annotation statistics file
[14:02:41] Generating Genbank and Sequin files
[14:02:41] Running: tbl2asn -V b -a r10k -l paired-ends -M n -N 1 -y 'Annotated using prokka 1.15.6 from https://github.com/tseemann/prokka' -Z prokka_output\/ASM276217v1_FemaleGut\/ASM276217v1_FemaleGut\.err -i prokka_output\/ASM276217v1_FemaleGut\/ASM276217v1_FemaleGut\.fsa 2> /dev/null
[14:02:46] Deleting unwanted file: prokka_output/ASM276217v1_FemaleGut/errorsummary.val
[14:02:46] Deleting unwanted file: prokka_output/ASM276217v1_FemaleGut/ASM276217v1_FemaleGut.dr
[14:02:46] Deleting unwanted file: prokka_output/ASM276217v1_FemaleGut/ASM276217v1_FemaleGut.fixedproducts
[14:02:46] Deleting unwanted file: prokka_output/ASM276217v1_FemaleGut/ASM276217v1_FemaleGut.ecn
[14:02:46] Deleting unwanted file: prokka_output/ASM276217v1_FemaleGut/ASM276217v1_FemaleGut.val
[14:02:46] Repairing broken .GBK output that tbl2asn produces...
[14:02:46] Running: sed 's/COORDINATES: profile/COORDINATES:profile/' < prokka_output\/ASM276217v1_FemaleGut\/ASM276217v1_FemaleGut\.gbf > prokka_output\/ASM276217v1_FemaleGut\/ASM276217v1_FemaleGut\.gbk
[14:02:46] Deleting unwanted file: prokka_output/ASM276217v1_FemaleGut/ASM276217v1_FemaleGut.gbf
[14:02:46] Output files:
[14:02:46] prokka_output/ASM276217v1_FemaleGut/ASM276217v1_FemaleGut.log
[14:02:46] prokka_output/ASM276217v1_FemaleGut/ASM276217v1_FemaleGut.gff
[14:02:46] prokka_output/ASM276217v1_FemaleGut/ASM276217v1_FemaleGut.gbk
[14:02:46] prokka_output/ASM276217v1_FemaleGut/ASM276217v1_FemaleGut.txt
[14:02:46] prokka_output/ASM276217v1_FemaleGut/ASM276217v1_FemaleGut.tbl
[14:02:46] prokka_output/ASM276217v1_FemaleGut/ASM276217v1_FemaleGut.tsv
[14:02:46] prokka_output/ASM276217v1_FemaleGut/ASM276217v1_FemaleGut.ffn
[14:02:46] prokka_output/ASM276217v1_FemaleGut/ASM276217v1_FemaleGut.sqn
[14:02:46] prokka_output/ASM276217v1_FemaleGut/ASM276217v1_FemaleGut.faa
[14:02:46] prokka_output/ASM276217v1_FemaleGut/ASM276217v1_FemaleGut.fna
[14:02:46] prokka_output/ASM276217v1_FemaleGut/ASM276217v1_FemaleGut.fsa
[14:02:46] prokka_output/ASM276217v1_FemaleGut/ASM276217v1_FemaleGut.err
[14:02:46] Annotation finished successfully.
[14:02:46] Walltime used: 2.17 minutes
[14:02:46] If you use this result please cite the Prokka paper:
[14:02:46] Seemann T (2014) Prokka: rapid prokaryotic genome annotation. Bioinformatics. 30(14):2068-9.
[14:02:46] Type 'prokka --citation' for more details.
[14:02:46] Thank you, come again.
