[13:55:03] This is prokka 1.15.6
[13:55:03] Written by Torsten Seemann <torsten.seemann@gmail.com>
[13:55:03] Homepage is https://github.com/tseemann/prokka
[13:55:03] Local time is Thu Apr 30 13:55:03 2026
[13:55:03] You are intern
[13:55:03] Operating system is linux
[13:55:03] You have BioPerl 1.7.8
[13:55:03] System has 8 cores.
[13:55:03] Will use maximum of 8 cores.
[13:55:03] Annotating as >>> Bacteria <<<
[13:55:03] Generating locus_tag from 'FastaFiles/ASM167680v1_TraditionalKoreanKimichi.fna' contents.
[13:55:03] Setting --locustag KDAEOHOB from MD5 4dae818b7f711e693bd227a06bd46852
[13:55:03] Creating new output folder: prokka_output/ASM167680v1_TraditionalKoreanKimichi
[13:55:03] Running: mkdir -p prokka_output\/ASM167680v1_TraditionalKoreanKimichi
[13:55:03] Using filename prefix: ASM167680v1_TraditionalKoreanKimichi.XXX
[13:55:03] Setting HMMER_NCPU=1
[13:55:03] Writing log to: prokka_output/ASM167680v1_TraditionalKoreanKimichi/ASM167680v1_TraditionalKoreanKimichi.log
[13:55:03] Command: /home/intern/miniconda3/envs/prokka/bin/prokka --outdir prokka_output/ASM167680v1_TraditionalKoreanKimichi --prefix ASM167680v1_TraditionalKoreanKimichi --genus Levilactobacillus --species brevis --kingdom Bacteria --cpus 8 FastaFiles/ASM167680v1_TraditionalKoreanKimichi.fna
[13:55:03] Looking for 'aragorn' - found /home/intern/miniconda3/envs/prokka/bin/aragorn
[13:55:03] Determined aragorn version is v1.2 from 'ARAGORN v1.2.41 Dean Laslett'
[13:55:03] Looking for 'barrnap' - found /home/intern/miniconda3/envs/prokka/bin/barrnap
[13:55:03] Determined barrnap version is v1.10 from 'barrnap 1.10.5'
[13:55:03] Looking for 'blastp' - found /home/intern/miniconda3/envs/prokka/bin/blastp
[13:55:03] Determined blastp version is v2.17 from 'blastp: 2.17.0+'
[13:55:03] Looking for 'cmpress' - found /home/intern/miniconda3/envs/prokka/bin/cmpress
[13:55:03] Determined cmpress version is v1.1 from '# INFERNAL 1.1.5 (Sep 2023)'
[13:55:03] Looking for 'cmscan' - found /home/intern/miniconda3/envs/prokka/bin/cmscan
[13:55:03] Determined cmscan version is v1.1 from '# INFERNAL 1.1.5 (Sep 2023)'
[13:55:03] Looking for 'egrep' - found /usr/bin/egrep
[13:55:03] Looking for 'find' - found /usr/bin/find
[13:55:03] Looking for 'grep' - found /usr/bin/grep
[13:55:03] Looking for 'hmmpress' - found /home/intern/miniconda3/envs/prokka/bin/hmmpress
[13:55:03] Determined hmmpress version is v3.4 from '# HMMER 3.4 (Aug 2023); http://hmmer.org/'
[13:55:03] Looking for 'hmmscan' - found /home/intern/miniconda3/envs/prokka/bin/hmmscan
[13:55:03] Determined hmmscan version is v3.4 from '# HMMER 3.4 (Aug 2023); http://hmmer.org/'
[13:55:03] Looking for 'java' - found /home/intern/miniconda3/envs/prokka/bin/java
[13:55:03] Looking for 'makeblastdb' - found /home/intern/miniconda3/envs/prokka/bin/makeblastdb
[13:55:03] Determined makeblastdb version is v2.17 from 'makeblastdb: 2.17.0+'
[13:55:03] Looking for 'minced' - found /home/intern/miniconda3/envs/prokka/bin/minced
[13:55:04] Determined minced version is v4.2 from 'minced 0.4.2'
[13:55:04] Looking for 'parallel' - found /home/intern/miniconda3/envs/prokka/bin/parallel
[13:55:04] Determined parallel version is 20260422 from 'GNU parallel 20260422'
[13:55:04] Looking for 'prodigal' - found /home/intern/miniconda3/envs/prokka/bin/prodigal
[13:55:04] Determined prodigal version is v2.6 from 'Prodigal V2.6.3: February, 2016'
[13:55:04] Looking for 'prokka-genbank_to_fasta_db' - found /home/intern/miniconda3/envs/prokka/bin/prokka-genbank_to_fasta_db
[13:55:04] Looking for 'sed' - found /usr/bin/sed
[13:55:04] Looking for 'tbl2asn' - found /home/intern/miniconda3/envs/prokka/bin/tbl2asn
[13:55:04] Determined tbl2asn version is v25.7 from 'tbl2asn 25.7   arguments:'
[13:55:04] Using genetic code table 11.
[13:55:04] Loading and checking input file: FastaFiles/ASM167680v1_TraditionalKoreanKimichi.fna
[13:55:04] Wrote 1 contigs totalling 2552671 bp.
[13:55:04] Predicting tRNAs and tmRNAs
[13:55:04] Running: aragorn -l -gc11  -w prokka_output\/ASM167680v1_TraditionalKoreanKimichi\/ASM167680v1_TraditionalKoreanKimichi\.fna
[13:55:05] 1 tRNA-Arg c[28759,28830] 34 (tcg)
[13:55:05] 2 tRNA-Gln c[51478,51551] 34 (ttg)
[13:55:05] 3 tRNA-Lys c[305009,305084] 35 (ctt)
[13:55:05] 4 tRNA-Glu [360581,360656] 36 (ttc)
[13:55:05] 5 tRNA-Gln [360664,360735] 33 (ttg)
[13:55:05] 6 tRNA-Thr [779805,779877] 34 (ggt)
[13:55:05] 7 tRNA-Asn [904832,904907] 35 (gtt)
[13:55:05] 8 tRNA-Thr [904936,905011] 35 (cgt)
[13:55:05] 9 tRNA-Tyr [908356,908440] 38 (gta)
[13:55:05] 10 tRNA-Gln [908449,908521] 33 (ttg)
[13:55:05] 11 tRNA-Leu [919687,919772] 35 (aag)
[13:55:05] 12 tRNA-Arg [1031545,1031619] 35 (ccg)
[13:55:05] 13 tRNA-Arg [1032422,1032496] 35 (ccg)
[13:55:05] 14 tmRNA c[1098550,1098918] 91,132 AKNNNNSYALAA**
[13:55:05] 15 tRNA-Glu c[1110162,1110237] 37 (ctc)
[13:55:05] 16 tRNA-Gln [1110415,1110489] 35 (ctg)
[13:55:05] 17 tRNA-Val [1260422,1260496] 35 (tac)
[13:55:05] 18 tRNA-Lys [1260498,1260572] 35 (ttt)
[13:55:05] 19 tRNA-Thr [1260620,1260694] 35 (tgt)
[13:55:05] 20 tRNA-Gly [1260699,1260770] 33 (gcc)
[13:55:05] 21 tRNA-Arg [1260802,1260877] 36 (acg)
[13:55:05] 22 tRNA-Pro [1260883,1260956] 35 (tgg)
[13:55:05] 23 tRNA-Met [1260982,1261057] 36 (cat)
[13:55:05] 24 tRNA-Met [1261070,1261145] 36 (cat)
[13:55:05] 25 tRNA-Ser [1261178,1261267] 37 (tga)
[13:55:05] 26 tRNA-Met [1261277,1261352] 36 (cat)
[13:55:05] 27 tRNA-Asp [1261356,1261432] 37 (gtc)
[13:55:05] 28 tRNA-Phe [1261483,1261557] 35 (gaa)
[13:55:05] 29 tRNA-Gly [1261572,1261642] 33 (tcc)
[13:55:05] 30 tRNA-Ile [1261648,1261724] 37 (gat)
[13:55:05] 31 tRNA-Ser [1261727,1261816] 36 (gct)
[13:55:05] 32 tRNA-Glu [1261822,1261896] 36 (ttc)
[13:55:05] 33 tRNA-Met [1261915,1261990] 36 (cat)
[13:55:05] 34 tRNA-Asp [1261994,1262071] 37 (gtc)
[13:55:05] 35 tRNA-Met c[1671175,1671248] 35 (cat)
[13:55:05] 36 tRNA-Ser c[1736549,1736636] 33 (cga)
[13:55:05] 37 tRNA-Gly c[1862262,1862332] 33 (ccc)
[13:55:05] 38 tRNA-Leu c[1889011,1889096] 36 (cag)
[13:55:05] 39 tRNA-Leu c[1906636,1906722] 36 (caa)
[13:55:05] 40 tRNA-Cys c[1906756,1906826] 33 (gca)
[13:55:05] 41 tRNA-His c[1906883,1906956] 34 (gtg)
[13:55:05] 42 tRNA-Trp c[1906969,1907041] 34 (cca)
[13:55:05] 43 tRNA-Tyr c[1907043,1907128] 38 (gta)
[13:55:05] 44 tRNA-Phe c[1907131,1907205] 35 (gaa)
[13:55:05] 45 tRNA-Asp c[1907251,1907327] 37 (gtc)
[13:55:05] 46 tRNA-Val c[1907345,1907419] 35 (tac)
[13:55:05] 47 tRNA-Glu c[1907422,1907496] 36 (ttc)
[13:55:05] 48 tRNA-Ser c[1907508,1907600] 36 (gga)
[13:55:05] 49 tRNA-Ala c[1910758,1910832] 35 (tgc)
[13:55:05] 50 tRNA-Arg c[1949291,1949365] 36 (cct)
[13:55:05] 51 tRNA-Pro c[2099616,2099691] 36 (cgg)
[13:55:05] 52 tRNA-Pro c[2099718,2099793] 36 (tgg)
[13:55:05] 53 tRNA-Arg c[2099826,2099901] 36 (acg)
[13:55:05] 54 tRNA-Leu c[2099920,2100007] 36 (taa)
[13:55:05] 55 tRNA-Gly c[2100017,2100088] 33 (gcc)
[13:55:05] 56 tRNA-Thr c[2100114,2100188] 35 (agt)
[13:55:05] 57 tRNA-Leu c[2100224,2100307] 36 (tag)
[13:55:05] 58 tRNA-Val c[2100342,2100417] 35 (tac)
[13:55:05] 59 tRNA-Ala [2250386,2250460] 35 (cgc)
[13:55:05] 60 tRNA-Arg c[2337981,2338054] 35 (tct)
[13:55:05] Found 60 tRNAs
[13:55:05] Predicting Ribosomal RNAs
[13:55:05] Running Barrnap with 8 threads
[13:55:11] 1 NZ_CP015398.1 370239 16S ribosomal RNA
[13:55:11] 2 NZ_CP015398.1 372021 23S ribosomal RNA
[13:55:11] 3 NZ_CP015398.1 375009 5S ribosomal RNA
[13:55:11] 4 NZ_CP015398.1 774844 16S ribosomal RNA
[13:55:11] 5 NZ_CP015398.1 776626 23S ribosomal RNA
[13:55:11] 6 NZ_CP015398.1 779614 5S ribosomal RNA
[13:55:11] 7 NZ_CP015398.1 899940 16S ribosomal RNA
[13:55:11] 8 NZ_CP015398.1 901722 23S ribosomal RNA
[13:55:11] 9 NZ_CP015398.1 904710 5S ribosomal RNA
[13:55:11] 10 NZ_CP015398.1 1255529 16S ribosomal RNA
[13:55:11] 11 NZ_CP015398.1 1257311 23S ribosomal RNA
[13:55:11] 12 NZ_CP015398.1 1260299 5S ribosomal RNA
[13:55:11] 13 NZ_CP015398.1 1907673 23S ribosomal RNA
[13:55:11] Found 13 rRNAs
[13:55:11] Skipping ncRNA search, enable with --rfam if desired.
[13:55:11] Total of 72 tRNA + rRNA features
[13:55:11] Searching for CRISPR repeats
[13:55:11] CRISPR1 NZ_CP015398.1 79605 with 18 spacers
[13:55:11] CRISPR2 NZ_CP015398.1 1416352 with 5 spacers
[13:55:11] Found 2 CRISPRs
[13:55:11] Predicting coding sequences
[13:55:11] Contigs total 2552671 bp, so using single mode
[13:55:11] Running: prodigal -i prokka_output\/ASM167680v1_TraditionalKoreanKimichi\/ASM167680v1_TraditionalKoreanKimichi\.fna -c -m -g 11 -p single -f sco -q
[13:55:14] Excluding CDS which overlaps existing RNA (repeat_region) at NZ_CP015398.1:80013..80372 on + strand
[13:55:14] Excluding CDS which overlaps existing RNA (repeat_region) at NZ_CP015398.1:80389..80856 on + strand
[13:55:15] Excluding CDS which overlaps existing RNA (repeat_region) at NZ_CP015398.1:1416505..1416747 on + strand
[13:55:16] Found 2453 CDS
[13:55:16] Connecting features back to sequences
[13:55:16] Not using genus-specific database. Try --usegenus to enable it.
[13:55:16] Annotating CDS, please be patient.
[13:55:16] Will use 8 CPUs for similarity searching.
[13:55:16] There are still 2453 unannotated CDS left (started with 2453)
[13:55:16] Will use blast to search against /home/intern/miniconda3/envs/prokka/db/kingdom/Bacteria/IS with 8 CPUs
[13:55:16] Running: cat prokka_output\/ASM167680v1_TraditionalKoreanKimichi\/ASM167680v1_TraditionalKoreanKimichi\.IS\.tmp\.112176\.faa | parallel --gnu --plain -j 8 --block 46660 --recstart '>' --pipe blastp -query - -db /home/intern/miniconda3/envs/prokka/db/kingdom/Bacteria/IS -evalue 1e-30 -qcov_hsp_perc 90 -num_threads 1 -num_descriptions 1 -num_alignments 1 -seg no > prokka_output\/ASM167680v1_TraditionalKoreanKimichi\/ASM167680v1_TraditionalKoreanKimichi\.IS\.tmp\.112176\.blast 2> /dev/null
[13:55:25] Deleting unwanted file: prokka_output/ASM167680v1_TraditionalKoreanKimichi/ASM167680v1_TraditionalKoreanKimichi.IS.tmp.112176.faa
[13:55:25] Deleting unwanted file: prokka_output/ASM167680v1_TraditionalKoreanKimichi/ASM167680v1_TraditionalKoreanKimichi.IS.tmp.112176.blast
[13:55:25] There are still 2451 unannotated CDS left (started with 2453)
[13:55:25] Will use blast to search against /home/intern/miniconda3/envs/prokka/db/kingdom/Bacteria/AMR with 8 CPUs
[13:55:25] Running: cat prokka_output\/ASM167680v1_TraditionalKoreanKimichi\/ASM167680v1_TraditionalKoreanKimichi\.AMR\.tmp\.112176\.faa | parallel --gnu --plain -j 8 --block 46642 --recstart '>' --pipe blastp -query - -db /home/intern/miniconda3/envs/prokka/db/kingdom/Bacteria/AMR -evalue 1e-300 -qcov_hsp_perc 90 -num_threads 1 -num_descriptions 1 -num_alignments 1 -seg no > prokka_output\/ASM167680v1_TraditionalKoreanKimichi\/ASM167680v1_TraditionalKoreanKimichi\.AMR\.tmp\.112176\.blast 2> /dev/null
[13:55:40] Deleting unwanted file: prokka_output/ASM167680v1_TraditionalKoreanKimichi/ASM167680v1_TraditionalKoreanKimichi.AMR.tmp.112176.faa
[13:55:40] Deleting unwanted file: prokka_output/ASM167680v1_TraditionalKoreanKimichi/ASM167680v1_TraditionalKoreanKimichi.AMR.tmp.112176.blast
[13:55:40] There are still 2444 unannotated CDS left (started with 2453)
[13:55:40] Will use blast to search against /home/intern/miniconda3/envs/prokka/db/kingdom/Bacteria/sprot with 8 CPUs
[13:55:40] Running: cat prokka_output\/ASM167680v1_TraditionalKoreanKimichi\/ASM167680v1_TraditionalKoreanKimichi\.sprot\.tmp\.112176\.faa | parallel --gnu --plain -j 8 --block 46241 --recstart '>' --pipe blastp -query - -db /home/intern/miniconda3/envs/prokka/db/kingdom/Bacteria/sprot -evalue 1e-09 -qcov_hsp_perc 80 -num_threads 1 -num_descriptions 1 -num_alignments 1 -seg no > prokka_output\/ASM167680v1_TraditionalKoreanKimichi\/ASM167680v1_TraditionalKoreanKimichi\.sprot\.tmp\.112176\.blast 2> /dev/null
[13:56:23] Modify product: UPF0340 protein SAOUHSC_02355 => hypothetical protein
[13:56:23] Modify product: Uncharacterized HTH-type transcriptional regulator YybR => putative HTH-type transcriptional regulator YybR
[13:56:23] Modify product: Probable guanidinium efflux system subunit GdnD => putative guanidinium efflux system subunit GdnD
[13:56:23] Modify product: Zinc-type alcohol dehydrogenase-like protein SA1988 => Zinc-type alcohol dehydrogenase-like protein
[13:56:23] Modify product: Uncharacterized HTH-type transcriptional regulator HI_0186 => putative HTH-type transcriptional regulator
[13:56:23] Modify product: Uncharacterized HTH-type transcriptional regulator YtcD => putative HTH-type transcriptional regulator YtcD
[13:56:23] Modify product: Probable transporter SCO4007 => putative transporter
[13:56:23] Modify product: Putative 2-hydroxyacid dehydrogenase SA2098 => Putative 2-hydroxyacid dehydrogenase
[13:56:23] Modify product: Uncharacterized sugar kinase YdjH => putative sugar kinase YdjH
[13:56:23] Modify product: Probable fructoselysine utilization operon transcriptional repressor => putative fructoselysine utilization operon transcriptional repressor
[13:56:23] Modify product: Probable carboxylic ester hydrolase LipM => putative carboxylic ester hydrolase LipM
[13:56:23] Modify product: Uncharacterized HTH-type transcriptional regulator YtcD => putative HTH-type transcriptional regulator YtcD
[13:56:23] Modify product: UPF0324 inner membrane protein YeiH => hypothetical protein
[13:56:23] Modify product: Probable ATP-binding protein YbiT => putative ATP-binding protein YbiT
[13:56:23] Modify product: Nudix hydrolase DR_0079 => Nudix hydrolase
[13:56:23] Modify product: UPF0702 transmembrane protein YetF => hypothetical protein
[13:56:23] Modify product: Uncharacterized protein YhaZ => putative protein YhaZ
[13:56:23] Modify product: Probable succinyl-diaminopimelate desuccinylase => putative succinyl-diaminopimelate desuccinylase
[13:56:23] Modify product: Probable phosphatase IndB => putative phosphatase IndB
[13:56:23] Modify product: Uncharacterized protein Rv2915c => putative protein
[13:56:23] Modify product: Uncharacterized protein Rv2915c => putative protein
[13:56:23] Modify product: Cell wall protein Lmo0130 => Cell wall protein
[13:56:23] Modify product: Uncharacterized MFS-type transporter EfpA => putative MFS-type transporter EfpA
[13:56:23] Modify product: Uncharacterized transporter YycB => putative transporter YycB
[13:56:23] Modify product: Probable ATP-binding protein YheS => putative ATP-binding protein YheS
[13:56:23] Modify product: Probable undecaprenyl-phosphate N-acetylglucosaminyl 1-phosphate transferase => putative undecaprenyl-phosphate N-acetylglucosaminyl 1-phosphate transferase
[13:56:23] Modify product: Phosphate-specific transport system accessory protein PhoU homolog => Phosphate-specific transport system accessory protein PhoU 
[13:56:23] Modify product: Probable cell division protein WhiA => putative cell division protein WhiA
[13:56:23] Modify product: Uncharacterized HTH-type transcriptional regulator SACOL2360 => putative HTH-type transcriptional regulator
[13:56:23] Modify product: Probable protein-export membrane protein SecG => putative protein-export membrane protein SecG
[13:56:23] Modify product: Probable cadmium-transporting ATPase => putative cadmium-transporting ATPase
[13:56:23] Modify product: Probable heme-iron transport system permease protein IsdF => putative heme-iron transport system permease protein IsdF
[13:56:23] Modify product: Probable glucose uptake protein GlcU => putative glucose uptake protein GlcU
[13:56:23] Modify product: Potassium channel HX13_20290 => Potassium channel
[13:56:23] Modify product: Probable cyclic di-GMP phosphodiesterase PdeG => putative cyclic di-GMP phosphodiesterase PdeG
[13:56:23] Modify product: Putative universal stress protein SA1532 => Putative universal stress protein
[13:56:23] Modify product: Probable succinyl-diaminopimelate desuccinylase => putative succinyl-diaminopimelate desuccinylase
[13:56:23] Modify product: Aldo-keto reductase MSMEG_2408/MSMEI_2347 => Aldo-keto reductase/MSMEI_2347
[13:56:23] Modify product: Putative universal stress protein SA1532 => Putative universal stress protein
[13:56:23] Modify product: Putative glutamine amidotransferase Rv2859c => Putative glutamine amidotransferase
[13:56:23] Modify product: Probable tRNA-dihydrouridine synthase => putative tRNA-dihydrouridine synthase
[13:56:23] Modify product: Probable succinyl-diaminopimelate desuccinylase => putative succinyl-diaminopimelate desuccinylase
[13:56:23] Modify product: Probable ergothioneine transporter EgtUBC => putative ergothioneine transporter EgtUBC
[13:56:23] Modify product: Probable cation-transporting ATPase F => putative cation-transporting ATPase F
[13:56:23] Modify product: Uncharacterized inner membrane transporter YicL => putative inner membrane transporter YicL
[13:56:23] Modify product: Uncharacterized oxidoreductase YtbE => putative oxidoreductase YtbE
[13:56:23] Modify product: Probable copper-transporting ATPase PacS => putative copper-transporting ATPase PacS
[13:56:23] Modify product: Uncharacterized glycosyltransferase YkoT => putative glycosyltransferase YkoT
[13:56:23] Modify product: Uncharacterized ABC transporter ATP-binding protein Rv0986 => putative ABC transporter ATP-binding protein
[13:56:23] Modify product: Uncharacterized sugar epimerase YhfK => putative sugar epimerase YhfK
[13:56:23] Modify product: Uncharacterized ABC transporter ATP-binding protein Rv1273c => putative ABC transporter ATP-binding protein
[13:56:23] Modify product: Putative universal stress protein SA1532 => Putative universal stress protein
[13:56:23] Modify product: Uncharacterized protein YueI => putative protein YueI
[13:56:23] Modify product: Probable tRNA sulfurtransferase => putative tRNA sulfurtransferase
[13:56:23] Modify product: Probable bifunctional oligoribonuclease and PAP phosphatase NrnA => putative bifunctional oligoribonuclease and PAP phosphatase NrnA
[13:56:23] Modify product: UPF0297 protein EF_1202 => hypothetical protein
[13:56:23] Modify product: UPF0473 protein SP_0194 => hypothetical protein
[13:56:23] Modify product: Probable metallophosphoesterase MPN_126 => putative metallophosphoesterase MPN_126
[13:56:23] Modify product: Uncharacterized MscS family protein YkuT => putative MscS family protein YkuT
[13:56:23] Modify product: Probable transcriptional regulatory protein YebC => putative transcriptional regulatory protein YebC
[13:56:23] Modify product: Uncharacterized oxidoreductase YtbE => putative oxidoreductase YtbE
[13:56:23] Modify product: Uncharacterized HTH-type transcriptional regulator HI_0186 => putative HTH-type transcriptional regulator
[13:56:23] Modify product: Uncharacterized protein YpjQ => putative protein YpjQ
[13:56:23] Modify product: Uncharacterized protein Rv1339 => putative protein
[13:56:23] Modify product: Probable cyclic di-GMP phosphodiesterase PdeK => putative cyclic di-GMP phosphodiesterase PdeK
[13:56:23] Modify product: Putative dipeptidase SACOL1801 => Putative dipeptidase
[13:56:23] Modify product: Putative universal stress protein SA1532 => Putative universal stress protein
[13:56:23] Modify product: Fluoroquinolones export ATP-binding protein Rv2688c => Fluoroquinolones export ATP-binding protein
[13:56:23] Modify product: Uncharacterized beta-barrel protein YwiB => putative beta-barrel protein YwiB
[13:56:23] Modify product: Probable DNA-directed RNA polymerase subunit delta => putative DNA-directed RNA polymerase subunit delta
[13:56:24] Modify product: Protease HtpX homolog => Protease HtpX 
[13:56:24] Modify product: Uncharacterized hydrolase SAUSA300_2518 => putative hydrolase
[13:56:24] Modify product: Probable cyclic di-GMP phosphodiesterase PdeK => putative cyclic di-GMP phosphodiesterase PdeK
[13:56:24] Modify product: Uncharacterized PIN and TRAM-domain containing protein YacL => putative PIN and TRAM-domain containing protein YacL
[13:56:24] Modify product: Prophage bactoprenol glucosyl transferase homolog => Prophage bactoprenol glucosyl transferase 
[13:56:24] Modify product: Nucleoid-associated protein SA0437 => Nucleoid-associated protein
[13:56:24] Modify product: Uncharacterized protein Rv1488 => putative protein
[13:56:24] Modify product: Uncharacterized sugar epimerase YhfK => putative sugar epimerase YhfK
[13:56:24] Modify product: UPF0053 protein Rv1842c => hypothetical protein
[13:56:24] Modify product: Multidrug efflux system permease protein Rv1217c => Multidrug efflux system permease protein
[13:56:24] Modify product: Multidrug efflux system ATP-binding protein Rv1218c => Multidrug efflux system ATP-binding protein
[13:56:24] Modify product: Uncharacterized protein YedJ => putative protein YedJ
[13:56:24] Modify product: Glucuronide carrier protein homolog => Glucuronide carrier protein 
[13:56:24] Modify product: Probable HTH-type transcriptional repressor ExuR => putative HTH-type transcriptional repressor ExuR
[13:56:24] Modify product: Uncharacterized symporter YjmB => putative symporter YjmB
[13:56:24] Modify product: Probable transport protein HsrA => putative transport protein HsrA
[13:56:24] Modify product: Putative universal stress protein SA1532 => Putative universal stress protein
[13:56:24] Modify product: Uncharacterized protein YqeY => putative protein YqeY
[13:56:24] Modify product: Uncharacterized HTH-type transcriptional regulator YybR => putative HTH-type transcriptional regulator YybR
[13:56:24] Modify product: Zinc-type alcohol dehydrogenase-like protein SA1988 => Zinc-type alcohol dehydrogenase-like protein
[13:56:24] Modify product: Probable endonuclease 4 => putative endonuclease 4
[13:56:24] Modify product: Probable cell wall amidase LytH => putative cell wall amidase LytH
[13:56:24] Modify product: Probable ketoamine kinase lp_1983 => putative ketoamine kinase
[13:56:24] Modify product: Putative universal stress protein SA1532 => Putative universal stress protein
[13:56:24] Modify product: UPF0213 protein EF_2693 => hypothetical protein
[13:56:24] Modify product: Probable multidrug resistance ABC transporter ATP-binding/permease protein YheH => putative multidrug resistance ABC transporter ATP-binding/permease protein YheH
[13:56:24] Modify product: Probable multidrug resistance ABC transporter ATP-binding/permease protein YheI => putative multidrug resistance ABC transporter ATP-binding/permease protein YheI
[13:56:24] Modify product: UPF0154 protein SA1178 => hypothetical protein
[13:56:24] Modify product: UPF0291 protein SP_1473 => hypothetical protein
[13:56:24] Modify product: Putative universal stress protein SA1532 => Putative universal stress protein
[13:56:24] Modify product: Probable multidrug ABC transporter ATP-binding protein YbhF => putative multidrug ABC transporter ATP-binding protein YbhF
[13:56:24] Modify product: Uncharacterized transporter YycB => putative transporter YycB
[13:56:24] Modify product: Uncharacterized HTH-type transcriptional regulator HI_0186 => putative HTH-type transcriptional regulator
[13:56:24] Modify product: Aldo-keto reductase MSMEG_2408/MSMEI_2347 => Aldo-keto reductase/MSMEI_2347
[13:56:24] Modify product: Probable succinyl-diaminopimelate desuccinylase => putative succinyl-diaminopimelate desuccinylase
[13:56:24] Modify product: Putative phosphatase HI_0003 => Putative phosphatase
[13:56:24] Modify product: UPF0398 protein YpsA => hypothetical protein
[13:56:24] Modify product: Rqc2 homolog RqcH => Rqc2 RqcH
[13:56:24] Modify product: Uncharacterized oxidoreductase SA2266 => putative oxidoreductase
[13:56:24] Modify product: Uncharacterized MFS-type transporter EfpA => putative MFS-type transporter EfpA
[13:56:24] Modify product: Uncharacterized oxidoreductase SA2266 => putative oxidoreductase
[13:56:24] Modify product: Uncharacterized oxidoreductase SA2266 => putative oxidoreductase
[13:56:24] Modify product: Probable manganese-dependent inorganic pyrophosphatase => putative manganese-dependent inorganic pyrophosphatase
[13:56:24] Modify product: UPF0346 protein SP_0947 => hypothetical protein
[13:56:24] Modify product: DegV domain-containing protein SP_1112 => DegV domain-containing protein
[13:56:24] Modify product: UPF0073 inner membrane protein YqfA => hypothetical protein
[13:56:24] Modify product: Probable ATP-dependent DNA helicase RecS => putative ATP-dependent DNA helicase RecS
[13:56:24] Modify product: GTP cyclohydrolase 1 type 2 homolog => GTP cyclohydrolase 1 type 2 
[13:56:24] Modify product: Uncharacterized protein YqeH => putative protein YqeH
[13:56:24] Modify product: RNA-binding protein HI_1333 => RNA-binding protein
[13:56:24] Modify product: Uncharacterized protein YqgN => putative protein YqgN
[13:56:24] Modify product: Uncharacterized protein YibN => putative protein YibN
[13:56:24] Modify product: Uncharacterized protein Spy1535 => putative protein
[13:56:24] Modify product: Bifunctional protein FolD => Bifunctional protein FolD protein
[13:56:24] Modify product: Uncharacterized protein Spy1614 => putative protein
[13:56:24] Modify product: Uncharacterized protein SA1069 => putative protein
[13:56:24] Modify product: UPF0122 protein SPy_1201/M5005_Spy0916 => hypothetical protein
[13:56:24] Modify product: Uncharacterized HTH-type transcriptional regulator HI_0186 => putative HTH-type transcriptional regulator
[13:56:24] Modify product: Uncharacterized HTH-type transcriptional regulator SACOL2360 => putative HTH-type transcriptional regulator
[13:56:24] Modify product: Probable tautomerase SA1195.1 => putative tautomerase.1
[13:56:24] Modify product: UPF0145 protein BC_1012 => hypothetical protein
[13:56:24] Modify product: Uncharacterized protein YkuJ => putative protein YkuJ
[13:56:24] Modify product: Uncharacterized glycosyltransferase sll0501 => putative glycosyltransferase
[13:56:24] Modify product: Putative universal stress protein SA1532 => Putative universal stress protein
[13:56:24] Modify product: Probable ATP-dependent RNA helicase YfmL => putative ATP-dependent RNA helicase YfmL
[13:56:24] Modify product: Uncharacterized RNA methyltransferase SP_1029 => putative RNA methyltransferase
[13:56:24] Modify product: Uncharacterized lipoprotein YerH => putative lipoprotein YerH
[13:56:24] Modify product: Probable capsular polysaccharide biosynthesis protein YwqC => putative capsular polysaccharide biosynthesis protein YwqC
[13:56:24] Modify product: Probable GTP-binding protein EngB => putative GTP-binding protein EngB
[13:56:24] Modify product: Uncharacterized protein YlbL => putative protein YlbL
[13:56:24] Modify product: Probable peptidoglycan glycosyltransferase FtsW => putative peptidoglycan glycosyltransferase FtsW
[13:56:24] Modify product: UPF0223 protein BH2638 => hypothetical protein
[13:56:24] Modify product: Uncharacterized protein YpuA => putative protein YpuA
[13:56:24] Modify product: Probable ABC transporter extracellular-binding protein YckB => putative ABC transporter extracellular-binding protein YckB
[13:56:24] Modify product: Probable amino-acid permease protein YxeN => putative amino-acid permease protein YxeN
[13:56:24] Modify product: Putative transport protein Rv0205 => Putative transport protein
[13:56:24] Modify product: Uncharacterized RNA pseudouridine synthase Rv1540 => putative RNA pseudouridine synthase
[13:56:24] Modify product: UPF0342 protein SA1663 => hypothetical protein
[13:56:24] Modify product: Uncharacterized protein YyaP => putative protein YyaP
[13:56:24] Modify product: Putative 2-hydroxyacid dehydrogenase SA2098 => Putative 2-hydroxyacid dehydrogenase
[13:56:24] Modify product: Acetyltransferase SACOL1063 => Acetyltransferase
[13:56:24] Modify product: Multidrug efflux system ATP-binding protein Rv1218c => Multidrug efflux system ATP-binding protein
[13:56:24] Modify product: Uncharacterized protein YhaP => putative protein YhaP
[13:56:24] Modify product: Probable threonine/serine exporter => putative threonine/serine exporter
[13:56:24] Modify product: DegV domain-containing protein MW1315 => DegV domain-containing protein
[13:56:24] Modify product: Aldo-keto reductase MSMEG_2408/MSMEI_2347 => Aldo-keto reductase/MSMEI_2347
[13:56:24] Modify product: Putative universal stress protein SA1532 => Putative universal stress protein
[13:56:24] Modify product: Uncharacterized MFS-type transporter YhjX => putative MFS-type transporter YhjX
[13:56:24] Modify product: Uncharacterized inner membrane transporter YicL => putative inner membrane transporter YicL
[13:56:24] Modify product: Uncharacterized HTH-type transcriptional regulator Rv0681 => putative HTH-type transcriptional regulator
[13:56:24] Modify product: Uncharacterized oxidoreductase SA2266 => putative oxidoreductase
[13:56:24] Modify product: Putative dipeptidase SACOL1801 => Putative dipeptidase
[13:56:24] Modify product: Uncharacterized N-acetyltransferase YafP => putative N-acetyltransferase YafP
[13:56:24] Modify product: Probable iron export permease protein FetB => putative iron export permease protein FetB
[13:56:24] Modify product: Probable iron export ATP-binding protein FetA => putative iron export ATP-binding protein FetA
[13:56:24] Modify product: Probable glutamine ABC transporter permease protein GlnP => putative glutamine ABC transporter permease protein GlnP
[13:56:24] Modify product: Probable glutamine ABC transporter permease protein GlnM => putative glutamine ABC transporter permease protein GlnM
[13:56:24] Modify product: Virulence protein STM3117 => Virulence protein
[13:56:24] Modify product: Uncharacterized oxidoreductase YkwC => putative oxidoreductase YkwC
[13:56:24] Cleaned 169 /product names
[13:56:24] Deleting unwanted file: prokka_output/ASM167680v1_TraditionalKoreanKimichi/ASM167680v1_TraditionalKoreanKimichi.sprot.tmp.112176.faa
[13:56:24] Deleting unwanted file: prokka_output/ASM167680v1_TraditionalKoreanKimichi/ASM167680v1_TraditionalKoreanKimichi.sprot.tmp.112176.blast
[13:56:25] There are still 1091 unannotated CDS left (started with 2453)
[13:56:25] Will use hmmer3 to search against /home/intern/miniconda3/envs/prokka/db/hmm/HAMAP.hmm with 8 CPUs
[13:56:25] Running: cat prokka_output\/ASM167680v1_TraditionalKoreanKimichi\/ASM167680v1_TraditionalKoreanKimichi\.HAMAP\.hmm\.tmp\.112176\.faa | parallel --gnu --plain -j 8 --block 17042 --recstart '>' --pipe hmmscan --noali --notextw --acc -E 1e-09 --cpu 1 /home/intern/miniconda3/envs/prokka/db/hmm/HAMAP.hmm /dev/stdin > prokka_output\/ASM167680v1_TraditionalKoreanKimichi\/ASM167680v1_TraditionalKoreanKimichi\.HAMAP\.hmm\.tmp\.112176\.hmmer3 2> /dev/null
[13:56:39] Modify product: Protein SprT-like => Protein SprT-like protein
[13:56:39] Cleaned 1 /product names
[13:56:39] Deleting unwanted file: prokka_output/ASM167680v1_TraditionalKoreanKimichi/ASM167680v1_TraditionalKoreanKimichi.HAMAP.hmm.tmp.112176.faa
[13:56:39] Deleting unwanted file: prokka_output/ASM167680v1_TraditionalKoreanKimichi/ASM167680v1_TraditionalKoreanKimichi.HAMAP.hmm.tmp.112176.hmmer3
[13:56:39] Labelling remaining 983 proteins as 'hypothetical protein'
[13:56:39] Possible /pseudo 'Phosphate import ATP-binding protein PstB 3' at NZ_CP015398.1 position 1012142
[13:56:39] Possible /pseudo 'putative protein' at NZ_CP015398.1 position 1372442
[13:56:39] Possible /pseudo 'Alkaline shock protein 23' at NZ_CP015398.1 position 1635882
[13:56:39] Possible /pseudo 'UDP-N-acetylglucosamine--peptide N-acetylglucosaminyltransferase GtfA subunit' at NZ_CP015398.1 position 1834796
[13:56:39] Possible /pseudo 'Corrinoid adenosyltransferase PduO' at NZ_CP015398.1 position 1975530
[13:56:39] Possible /pseudo 'Dipeptide-binding protein' at NZ_CP015398.1 position 2175372
[13:56:39] Possible /pseudo 'Purine efflux pump PbuE' at NZ_CP015398.1 position 2378346
[13:56:39] Possible /pseudo 'Alkaline shock protein 23' at NZ_CP015398.1 position 2410952
[13:56:39] Possible /pseudo 'S-layer protein' at NZ_CP015398.1 position 2498669
[13:56:39] Found 1090 unique /gene codes.
[13:56:39] Fixed 2 duplicate /gene - yfeW_1 yfeW_2
[13:56:39] Fixed 2 duplicate /gene - dacA_1 dacA_2
[13:56:39] Fixed 2 duplicate /gene - gmk_1 gmk_2
[13:56:39] Fixed 2 duplicate /gene - yicL_1 yicL_2
[13:56:39] Fixed 2 duplicate /gene - helD_1 helD_2
[13:56:39] Fixed 2 duplicate /gene - arlR_1 arlR_2
[13:56:39] Fixed 2 duplicate /gene - qorB_1 qorB_2
[13:56:39] Fixed 7 duplicate /gene - rhaR_1 rhaR_2 rhaR_3 rhaR_4 rhaR_5 rhaR_6 rhaR_7
[13:56:39] Fixed 2 duplicate /gene - deoB_1 deoB_2
[13:56:39] Fixed 2 duplicate /gene - lacA_1 lacA_2
[13:56:39] Fixed 2 duplicate /gene - iscS_1 iscS_2
[13:56:39] Fixed 2 duplicate /gene - thrB_1 thrB_2
[13:56:39] Fixed 2 duplicate /gene - nox_1 nox_2
[13:56:39] Fixed 3 duplicate /gene - mdtP_1 mdtP_2 mdtP_3
[13:56:39] Fixed 2 duplicate /gene - kduD_1 kduD_2
[13:56:39] Fixed 2 duplicate /gene - ppx_1 ppx_2
[13:56:39] Fixed 2 duplicate /gene - msrA_1 msrA_2
[13:56:39] Fixed 2 duplicate /gene - gtfA_1 gtfA_2
[13:56:39] Fixed 2 duplicate /gene - galK_1 galK_2
[13:56:39] Fixed 2 duplicate /gene - greA_1 greA_2
[13:56:39] Fixed 2 duplicate /gene - brnQ_1 brnQ_2
[13:56:39] Fixed 3 duplicate /gene - yxeI_1 yxeI_2 yxeI_3
[13:56:39] Fixed 2 duplicate /gene - deoR_1 deoR_2
[13:56:39] Fixed 3 duplicate /gene - rluD_1 rluD_2 rluD_3
[13:56:39] Fixed 2 duplicate /gene - pheT_1 pheT_2
[13:56:39] Fixed 2 duplicate /gene - adhA_1 adhA_2
[13:56:39] Fixed 2 duplicate /gene - tadA_1 tadA_2
[13:56:39] Fixed 4 duplicate /gene - sasA_1 sasA_2 sasA_3 sasA_4
[13:56:39] Fixed 2 duplicate /gene - xynB_1 xynB_2
[13:56:39] Fixed 2 duplicate /gene - rny_1 rny_2
[13:56:39] Fixed 2 duplicate /gene - arcC1_1 arcC1_2
[13:56:39] Fixed 2 duplicate /gene - malL_1 malL_2
[13:56:39] Fixed 3 duplicate /gene - uvrA_1 uvrA_2 uvrA_3
[13:56:39] Fixed 2 duplicate /gene - ytrB_1 ytrB_2
[13:56:39] Fixed 3 duplicate /gene - kdgK_1 kdgK_2 kdgK_3
[13:56:39] Fixed 4 duplicate /gene - smc_1 smc_2 smc_3 smc_4
[13:56:39] Fixed 2 duplicate /gene - ykoD_1 ykoD_2
[13:56:39] Fixed 2 duplicate /gene - hdfR_1 hdfR_2
[13:56:39] Fixed 4 duplicate /gene - nhaK_1 nhaK_2 nhaK_3 nhaK_4
[13:56:39] Fixed 2 duplicate /gene - gltX_1 gltX_2
[13:56:39] Fixed 2 duplicate /gene - dagK_1 dagK_2
[13:56:39] Fixed 2 duplicate /gene - acpP_1 acpP_2
[13:56:39] Fixed 2 duplicate /gene - pstS1_1 pstS1_2
[13:56:39] Fixed 5 duplicate /gene - xerC_1 xerC_2 xerC_3 xerC_4 xerC_5
[13:56:39] Fixed 5 duplicate /gene - xylB_1 xylB_2 xylB_3 xylB_4 xylB_5
[13:56:39] Fixed 2 duplicate /gene - pnuC_1 pnuC_2
[13:56:39] Fixed 2 duplicate /gene - aguA_1 aguA_2
[13:56:39] Fixed 2 duplicate /gene - rcsC_1 rcsC_2
[13:56:39] Fixed 2 duplicate /gene - tag_1 tag_2
[13:56:39] Fixed 2 duplicate /gene - yhfK_1 yhfK_2
[13:56:39] Fixed 2 duplicate /gene - bipA_1 bipA_2
[13:56:39] Fixed 3 duplicate /gene - adhR_1 adhR_2 adhR_3
[13:56:39] Fixed 2 duplicate /gene - yvgN_1 yvgN_2
[13:56:39] Fixed 2 duplicate /gene - napA_1 napA_2
[13:56:39] Fixed 2 duplicate /gene - arcD1_1 arcD1_2
[13:56:39] Fixed 2 duplicate /gene - nagC_1 nagC_2
[13:56:39] Fixed 10 duplicate /gene - dppA_1 dppA_2 dppA_3 dppA_4 dppA_5 dppA_6 dppA_7 dppA_8 dppA_9 dppA_10
[13:56:39] Fixed 2 duplicate /gene - arcA_1 arcA_2
[13:56:39] Fixed 4 duplicate /gene - dapE_1 dapE_2 dapE_3 dapE_4
[13:56:39] Fixed 2 duplicate /gene - prs_1 prs_2
[13:56:39] Fixed 2 duplicate /gene - ecfT_1 ecfT_2
[13:56:39] Fixed 2 duplicate /gene - nagR_1 nagR_2
[13:56:39] Fixed 2 duplicate /gene - polC_1 polC_2
[13:56:39] Fixed 2 duplicate /gene - gpr_1 gpr_2
[13:56:39] Fixed 2 duplicate /gene - mepA_1 mepA_2
[13:56:39] Fixed 2 duplicate /gene - yjeM_1 yjeM_2
[13:56:39] Fixed 2 duplicate /gene - oppF_1 oppF_2
[13:56:39] Fixed 2 duplicate /gene - ytbE_1 ytbE_2
[13:56:39] Fixed 2 duplicate /gene - fucP_1 fucP_2
[13:56:39] Fixed 2 duplicate /gene - bglB_1 bglB_2
[13:56:39] Fixed 3 duplicate /gene - mntH_1 mntH_2 mntH_3
[13:56:39] Fixed 3 duplicate /gene - bcaP_1 bcaP_2 bcaP_3
[13:56:39] Fixed 2 duplicate /gene - gpsB_1 gpsB_2
[13:56:39] Fixed 2 duplicate /gene - elaA_1 elaA_2
[13:56:39] Fixed 2 duplicate /gene - fabZ_1 fabZ_2
[13:56:39] Fixed 3 duplicate /gene - kdgR_1 kdgR_2 kdgR_3
[13:56:39] Fixed 2 duplicate /gene - lacX_1 lacX_2
[13:56:39] Fixed 2 duplicate /gene - rimI_1 rimI_2
[13:56:39] Fixed 2 duplicate /gene - gntT_1 gntT_2
[13:56:39] Fixed 2 duplicate /gene - rarA_1 rarA_2
[13:56:39] Fixed 2 duplicate /gene - lysN_1 lysN_2
[13:56:39] Fixed 2 duplicate /gene - ptsI_1 ptsI_2
[13:56:39] Fixed 2 duplicate /gene - thiD_1 thiD_2
[13:56:39] Fixed 3 duplicate /gene - ribZ_1 ribZ_2 ribZ_3
[13:56:39] Fixed 2 duplicate /gene - def_1 def_2
[13:56:39] Fixed 2 duplicate /gene - araD_1 araD_2
[13:56:39] Fixed 2 duplicate /gene - ldh_1 ldh_2
[13:56:39] Fixed 2 duplicate /gene - uup_1 uup_2
[13:56:39] Fixed 2 duplicate /gene - vmlR_1 vmlR_2
[13:56:39] Fixed 2 duplicate /gene - tkt_1 tkt_2
[13:56:39] Fixed 2 duplicate /gene - pduN_1 pduN_2
[13:56:39] Fixed 2 duplicate /gene - argR_1 argR_2
[13:56:39] Fixed 3 duplicate /gene - murJ_1 murJ_2 murJ_3
[13:56:39] Fixed 7 duplicate /gene - gpmA_1 gpmA_2 gpmA_3 gpmA_4 gpmA_5 gpmA_6 gpmA_7
[13:56:39] Fixed 2 duplicate /gene - kdsr_1 kdsr_2
[13:56:39] Fixed 2 duplicate /gene - ptpB_1 ptpB_2
[13:56:39] Fixed 2 duplicate /gene - nth_1 nth_2
[13:56:39] Fixed 2 duplicate /gene - rihC_1 rihC_2
[13:56:39] Fixed 2 duplicate /gene - assT_1 assT_2
[13:56:39] Fixed 2 duplicate /gene - ltaS1_1 ltaS1_2
[13:56:39] Fixed 2 duplicate /gene - cdaR_1 cdaR_2
[13:56:39] Fixed 2 duplicate /gene - dinB_1 dinB_2
[13:56:39] Fixed 3 duplicate /gene - spx_1 spx_2 spx_3
[13:56:39] Fixed 2 duplicate /gene - pduO_1 pduO_2
[13:56:39] Fixed 2 duplicate /gene - rmlB_1 rmlB_2
[13:56:39] Fixed 2 duplicate /gene - czrA_1 czrA_2
[13:56:39] Fixed 3 duplicate /gene - pstB3_1 pstB3_2 pstB3_3
[13:56:39] Fixed 2 duplicate /gene - mprA_1 mprA_2
[13:56:39] Fixed 2 duplicate /gene - menH_1 menH_2
[13:56:39] Fixed 3 duplicate /gene - ywnA_1 ywnA_2 ywnA_3
[13:56:39] Fixed 2 duplicate /gene - dinG_1 dinG_2
[13:56:39] Fixed 2 duplicate /gene - glpK_1 glpK_2
[13:56:39] Fixed 2 duplicate /gene - ard_1 ard_2
[13:56:39] Fixed 5 duplicate /gene - adh_1 adh_2 adh_3 adh_4 adh_5
[13:56:39] Fixed 2 duplicate /gene - rodA_1 rodA_2
[13:56:39] Fixed 2 duplicate /gene - nhaC_1 nhaC_2
[13:56:39] Fixed 2 duplicate /gene - rfbC_1 rfbC_2
[13:56:39] Fixed 2 duplicate /gene - btuD_1 btuD_2
[13:56:39] Fixed 2 duplicate /gene - sbnD_1 sbnD_2
[13:56:39] Fixed 4 duplicate /gene - degV_1 degV_2 degV_3 degV_4
[13:56:39] Fixed 3 duplicate /gene - gadC_1 gadC_2 gadC_3
[13:56:39] Fixed 2 duplicate /gene - gadB_1 gadB_2
[13:56:39] Fixed 2 duplicate /gene - rmlD_1 rmlD_2
[13:56:39] Fixed 2 duplicate /gene - ytcD_1 ytcD_2
[13:56:39] Fixed 4 duplicate /gene - stp_1 stp_2 stp_3 stp_4
[13:56:39] Fixed 4 duplicate /gene - emrB_1 emrB_2 emrB_3 emrB_4
[13:56:39] Fixed 5 duplicate /gene - pepDA_1 pepDA_2 pepDA_3 pepDA_4 pepDA_5
[13:56:39] Fixed 2 duplicate /gene - yybR_1 yybR_2
[13:56:39] Fixed 3 duplicate /gene - pbuE_1 pbuE_2 pbuE_3
[13:56:39] Fixed 2 duplicate /gene - tagF_1 tagF_2
[13:56:39] Fixed 3 duplicate /gene - yidA_1 yidA_2 yidA_3
[13:56:39] Fixed 2 duplicate /gene - cycA_1 cycA_2
[13:56:39] Fixed 3 duplicate /gene - gcvH_1 gcvH_2 gcvH_3
[13:56:39] Fixed 2 duplicate /gene - murA1_1 murA1_2
[13:56:39] Fixed 2 duplicate /gene - iolS_1 iolS_2
[13:56:39] Fixed 5 duplicate /gene - tagU_1 tagU_2 tagU_3 tagU_4 tagU_5
[13:56:39] Fixed 3 duplicate /gene - ackA_1 ackA_2 ackA_3
[13:56:39] Fixed 2 duplicate /gene - nlhH_1 nlhH_2
[13:56:39] Fixed 2 duplicate /gene - rnhA_1 rnhA_2
[13:56:39] Fixed 2 duplicate /gene - pdeK_1 pdeK_2
[13:56:39] Fixed 2 duplicate /gene - guaA_1 guaA_2
[13:56:39] Fixed 3 duplicate /gene - maa_1 maa_2 maa_3
[13:56:39] Fixed 6 duplicate /gene - xylP_1 xylP_2 xylP_3 xylP_4 xylP_5 xylP_6
[13:56:39] Fixed 2 duplicate /gene - gltC_1 gltC_2
[13:56:39] Fixed 2 duplicate /gene - yycB_1 yycB_2
[13:56:39] Fixed 2 duplicate /gene - rihA_1 rihA_2
[13:56:39] Fixed 2 duplicate /gene - map_1 map_2
[13:56:39] Fixed 2 duplicate /gene - steT_1 steT_2
[13:56:39] Fixed 2 duplicate /gene - gabD1_1 gabD1_2
[13:56:39] Fixed 2 duplicate /gene - ygaZ_1 ygaZ_2
[13:56:39] Fixed 2 duplicate /gene - efpA_1 efpA_2
[13:56:39] Fixed 2 duplicate /gene - scpA_1 scpA_2
[13:56:39] Fixed 2 duplicate /gene - pdhD_1 pdhD_2
[13:56:39] Fixed 3 duplicate /gene - ccpA_1 ccpA_2 ccpA_3
[13:56:39] Fixed 2 duplicate /gene - trxA_1 trxA_2
[13:56:39] Fixed 2 duplicate /gene - tyrS_1 tyrS_2
[13:56:39] Fixed 2 duplicate /gene - prsA_1 prsA_2
[13:56:39] Fixed 2 duplicate /gene - uxaC_1 uxaC_2
[13:56:39] Fixed 2 duplicate /gene - kduI1_1 kduI1_2
[13:56:39] Fixed 2 duplicate /gene - rhaS_1 rhaS_2
[13:56:39] Fixed 2 duplicate /gene - menA_1 menA_2
[13:56:39] Fixed 2 duplicate /gene - mshD_1 mshD_2
[13:56:39] Fixed 2 duplicate /gene - macB_1 macB_2
[13:56:39] Fixed 2 duplicate /gene - abfA_1 abfA_2
[13:56:39] Fixed 2 duplicate /gene - spsB_1 spsB_2
[13:56:39] Fixed 2 duplicate /gene - lplJ_1 lplJ_2
[13:56:39] Fixed 3 duplicate /gene - glnQ_1 glnQ_2 glnQ_3
[13:56:39] Fixed 2 duplicate /gene - bglK_1 bglK_2
[13:56:39] Fixed 3 duplicate /gene - ybiV_1 ybiV_2 ybiV_3
[13:56:39] Fixed 3 duplicate /gene - xylT_1 xylT_2 xylT_3
[13:56:39] Fixed 170 colliding /gene names.
[13:56:39] Adding /locus_tag identifiers
[13:56:39] Assigned 2526 locus_tags to CDS and RNA features.
[13:56:39] Writing outputs to prokka_output/ASM167680v1_TraditionalKoreanKimichi/
[13:56:40] Generating annotation statistics file
[13:56:40] Generating Genbank and Sequin files
[13:56:40] Running: tbl2asn -V b -a r10k -l paired-ends -M n -N 1 -y 'Annotated using prokka 1.15.6 from https://github.com/tseemann/prokka' -Z prokka_output\/ASM167680v1_TraditionalKoreanKimichi\/ASM167680v1_TraditionalKoreanKimichi\.err -i prokka_output\/ASM167680v1_TraditionalKoreanKimichi\/ASM167680v1_TraditionalKoreanKimichi\.fsa 2> /dev/null
[13:56:43] Deleting unwanted file: prokka_output/ASM167680v1_TraditionalKoreanKimichi/errorsummary.val
[13:56:43] Deleting unwanted file: prokka_output/ASM167680v1_TraditionalKoreanKimichi/ASM167680v1_TraditionalKoreanKimichi.dr
[13:56:43] Deleting unwanted file: prokka_output/ASM167680v1_TraditionalKoreanKimichi/ASM167680v1_TraditionalKoreanKimichi.fixedproducts
[13:56:43] Deleting unwanted file: prokka_output/ASM167680v1_TraditionalKoreanKimichi/ASM167680v1_TraditionalKoreanKimichi.ecn
[13:56:43] Deleting unwanted file: prokka_output/ASM167680v1_TraditionalKoreanKimichi/ASM167680v1_TraditionalKoreanKimichi.val
[13:56:43] Repairing broken .GBK output that tbl2asn produces...
[13:56:43] Running: sed 's/COORDINATES: profile/COORDINATES:profile/' < prokka_output\/ASM167680v1_TraditionalKoreanKimichi\/ASM167680v1_TraditionalKoreanKimichi\.gbf > prokka_output\/ASM167680v1_TraditionalKoreanKimichi\/ASM167680v1_TraditionalKoreanKimichi\.gbk
[13:56:43] Deleting unwanted file: prokka_output/ASM167680v1_TraditionalKoreanKimichi/ASM167680v1_TraditionalKoreanKimichi.gbf
[13:56:43] Output files:
[13:56:43] prokka_output/ASM167680v1_TraditionalKoreanKimichi/ASM167680v1_TraditionalKoreanKimichi.gff
[13:56:43] prokka_output/ASM167680v1_TraditionalKoreanKimichi/ASM167680v1_TraditionalKoreanKimichi.log
[13:56:43] prokka_output/ASM167680v1_TraditionalKoreanKimichi/ASM167680v1_TraditionalKoreanKimichi.fsa
[13:56:43] prokka_output/ASM167680v1_TraditionalKoreanKimichi/ASM167680v1_TraditionalKoreanKimichi.txt
[13:56:43] prokka_output/ASM167680v1_TraditionalKoreanKimichi/ASM167680v1_TraditionalKoreanKimichi.fna
[13:56:43] prokka_output/ASM167680v1_TraditionalKoreanKimichi/ASM167680v1_TraditionalKoreanKimichi.faa
[13:56:43] prokka_output/ASM167680v1_TraditionalKoreanKimichi/ASM167680v1_TraditionalKoreanKimichi.tbl
[13:56:43] prokka_output/ASM167680v1_TraditionalKoreanKimichi/ASM167680v1_TraditionalKoreanKimichi.ffn
[13:56:43] prokka_output/ASM167680v1_TraditionalKoreanKimichi/ASM167680v1_TraditionalKoreanKimichi.sqn
[13:56:43] prokka_output/ASM167680v1_TraditionalKoreanKimichi/ASM167680v1_TraditionalKoreanKimichi.tsv
[13:56:43] prokka_output/ASM167680v1_TraditionalKoreanKimichi/ASM167680v1_TraditionalKoreanKimichi.err
[13:56:43] prokka_output/ASM167680v1_TraditionalKoreanKimichi/ASM167680v1_TraditionalKoreanKimichi.gbk
[13:56:43] Annotation finished successfully.
[13:56:43] Walltime used: 1.67 minutes
[13:56:43] If you use this result please cite the Prokka paper:
[13:56:43] Seemann T (2014) Prokka: rapid prokaryotic genome annotation. Bioinformatics. 30(14):2068-9.
[13:56:43] Type 'prokka --citation' for more details.
[13:56:43] Thank you, come again.
