[14:02:46] This is prokka 1.15.6
[14:02:46] Written by Torsten Seemann <torsten.seemann@gmail.com>
[14:02:46] Homepage is https://github.com/tseemann/prokka
[14:02:46] Local time is Thu Apr 30 14:02:46 2026
[14:02:46] You are intern
[14:02:46] Operating system is linux
[14:02:46] You have BioPerl 1.7.8
[14:02:46] System has 8 cores.
[14:02:46] Will use maximum of 8 cores.
[14:02:46] Annotating as >>> Bacteria <<<
[14:02:46] Generating locus_tag from 'FastaFiles/ASM3988027v1_TenebrioMolitorFeces.fna' contents.
[14:02:46] Setting --locustag KGEHKDDB from MD5 40e14ddb68e6237c9477424175770e2c
[14:02:46] Creating new output folder: prokka_output/ASM3988027v1_TenebrioMolitorFeces
[14:02:46] Running: mkdir -p prokka_output\/ASM3988027v1_TenebrioMolitorFeces
[14:02:46] Using filename prefix: ASM3988027v1_TenebrioMolitorFeces.XXX
[14:02:46] Setting HMMER_NCPU=1
[14:02:46] Writing log to: prokka_output/ASM3988027v1_TenebrioMolitorFeces/ASM3988027v1_TenebrioMolitorFeces.log
[14:02:46] Command: /home/intern/miniconda3/envs/prokka/bin/prokka --outdir prokka_output/ASM3988027v1_TenebrioMolitorFeces --prefix ASM3988027v1_TenebrioMolitorFeces --genus Levilactobacillus --species brevis --kingdom Bacteria --cpus 8 FastaFiles/ASM3988027v1_TenebrioMolitorFeces.fna
[14:02:46] Looking for 'aragorn' - found /home/intern/miniconda3/envs/prokka/bin/aragorn
[14:02:46] Determined aragorn version is v1.2 from 'ARAGORN v1.2.41 Dean Laslett'
[14:02:46] Looking for 'barrnap' - found /home/intern/miniconda3/envs/prokka/bin/barrnap
[14:02:46] Determined barrnap version is v1.10 from 'barrnap 1.10.5'
[14:02:46] Looking for 'blastp' - found /home/intern/miniconda3/envs/prokka/bin/blastp
[14:02:46] Determined blastp version is v2.17 from 'blastp: 2.17.0+'
[14:02:46] Looking for 'cmpress' - found /home/intern/miniconda3/envs/prokka/bin/cmpress
[14:02:46] Determined cmpress version is v1.1 from '# INFERNAL 1.1.5 (Sep 2023)'
[14:02:46] Looking for 'cmscan' - found /home/intern/miniconda3/envs/prokka/bin/cmscan
[14:02:46] Determined cmscan version is v1.1 from '# INFERNAL 1.1.5 (Sep 2023)'
[14:02:46] Looking for 'egrep' - found /usr/bin/egrep
[14:02:46] Looking for 'find' - found /usr/bin/find
[14:02:46] Looking for 'grep' - found /usr/bin/grep
[14:02:46] Looking for 'hmmpress' - found /home/intern/miniconda3/envs/prokka/bin/hmmpress
[14:02:46] Determined hmmpress version is v3.4 from '# HMMER 3.4 (Aug 2023); http://hmmer.org/'
[14:02:46] Looking for 'hmmscan' - found /home/intern/miniconda3/envs/prokka/bin/hmmscan
[14:02:46] Determined hmmscan version is v3.4 from '# HMMER 3.4 (Aug 2023); http://hmmer.org/'
[14:02:46] Looking for 'java' - found /home/intern/miniconda3/envs/prokka/bin/java
[14:02:46] Looking for 'makeblastdb' - found /home/intern/miniconda3/envs/prokka/bin/makeblastdb
[14:02:46] Determined makeblastdb version is v2.17 from 'makeblastdb: 2.17.0+'
[14:02:46] Looking for 'minced' - found /home/intern/miniconda3/envs/prokka/bin/minced
[14:02:46] Determined minced version is v4.2 from 'minced 0.4.2'
[14:02:46] Looking for 'parallel' - found /home/intern/miniconda3/envs/prokka/bin/parallel
[14:02:46] Determined parallel version is 20260422 from 'GNU parallel 20260422'
[14:02:46] Looking for 'prodigal' - found /home/intern/miniconda3/envs/prokka/bin/prodigal
[14:02:46] Determined prodigal version is v2.6 from 'Prodigal V2.6.3: February, 2016'
[14:02:46] Looking for 'prokka-genbank_to_fasta_db' - found /home/intern/miniconda3/envs/prokka/bin/prokka-genbank_to_fasta_db
[14:02:46] Looking for 'sed' - found /usr/bin/sed
[14:02:46] Looking for 'tbl2asn' - found /home/intern/miniconda3/envs/prokka/bin/tbl2asn
[14:02:46] Determined tbl2asn version is v25.7 from 'tbl2asn 25.7   arguments:'
[14:02:46] Using genetic code table 11.
[14:02:46] Loading and checking input file: FastaFiles/ASM3988027v1_TenebrioMolitorFeces.fna
[14:02:46] Wrote 5 contigs totalling 2745725 bp.
[14:02:46] Predicting tRNAs and tmRNAs
[14:02:46] Running: aragorn -l -gc11  -w prokka_output\/ASM3988027v1_TenebrioMolitorFeces\/ASM3988027v1_TenebrioMolitorFeces\.fna
[14:02:47] 1 tRNA-Lys c[31740,31815] 35 (ctt)
[14:02:47] 2 tRNA-Glu [87314,87389] 36 (ttc)
[14:02:47] 3 tRNA-Gln [87397,87468] 33 (ttg)
[14:02:47] 4 tRNA-Thr [505968,506040] 34 (ggt)
[14:02:47] 5 tRNA-Ile [637402,637478] 37 (gat)
[14:02:47] 6 tRNA-Ala [637499,637573] 35 (tgc)
[14:02:47] 7 tRNA-Asn [640850,640925] 35 (gtt)
[14:02:47] 8 tRNA-Thr [640954,641029] 35 (cgt)
[14:02:47] 9 tRNA-Tyr [644375,644459] 38 (gta)
[14:02:47] 10 tRNA-Gln [644468,644540] 33 (ttg)
[14:02:47] 11 tRNA-Leu [655706,655793] 36 (aag)
[14:02:47] 12 tRNA-Arg [759769,759843] 35 (ccg)
[14:02:47] 13 tRNA-Arg [760644,760717] 35 (ccg)
[14:02:47] 14 tmRNA c[828200,828568] 91,132 AKNNNNSYALAA**
[14:02:47] 15 tRNA-Glu c[839812,839887] 37 (ctc)
[14:02:47] 16 tRNA-Gln [840065,840139] 35 (ctg)
[14:02:47] 17 tRNA-Val [975299,975373] 35 (tac)
[14:02:47] 18 tRNA-Lys [975375,975449] 35 (ttt)
[14:02:47] 19 tRNA-Thr [975497,975571] 35 (tgt)
[14:02:47] 20 tRNA-Gly [975576,975647] 33 (gcc)
[14:02:47] 21 tRNA-Arg [975679,975754] 36 (acg)
[14:02:47] 22 tRNA-Pro [975760,975833] 35 (tgg)
[14:02:47] 23 tRNA-Met [975859,975934] 36 (cat)
[14:02:47] 24 tRNA-Met [975947,976022] 36 (cat)
[14:02:47] 25 tRNA-Ser [976055,976144] 37 (tga)
[14:02:47] 26 tRNA-Met [976154,976229] 36 (cat)
[14:02:47] 27 tRNA-Asp [976233,976309] 37 (gtc)
[14:02:47] 28 tRNA-Phe [976360,976434] 35 (gaa)
[14:02:47] 29 tRNA-Gly [976449,976519] 33 (tcc)
[14:02:47] 30 tRNA-Ile [976525,976601] 37 (gat)
[14:02:47] 31 tRNA-Ser [976604,976693] 36 (gct)
[14:02:47] 32 tRNA-Glu [976699,976773] 36 (ttc)
[14:02:47] 33 tRNA-Met [976792,976867] 36 (cat)
[14:02:47] 34 tRNA-Asp [976871,976948] 37 (gtc)
[14:02:47] 35 tRNA-Met c[1396662,1396738] 36 (cat)
[14:02:47] 36 tRNA-Arg [1410628,1410703] 36 (cct)
[14:02:47] 37 tRNA-Met [1410704,1410779] 36 (cat)
[14:02:47] 38 tRNA-Ser c[1460207,1460294] 33 (cga)
[14:02:47] 39 tRNA-Gly c[1585764,1585834] 33 (ccc)
[14:02:47] 40 tRNA-Leu c[1655073,1655158] 36 (cag)
[14:02:47] 41 tRNA-Leu c[1672697,1672783] 36 (caa)
[14:02:47] 42 tRNA-Cys c[1672817,1672887] 33 (gca)
[14:02:47] 43 tRNA-His c[1672944,1673017] 34 (gtg)
[14:02:47] 44 tRNA-Trp c[1673030,1673102] 34 (cca)
[14:02:47] 45 tRNA-Tyr c[1673104,1673189] 38 (gta)
[14:02:47] 46 tRNA-Phe c[1673192,1673266] 35 (gaa)
[14:02:47] 47 tRNA-Asp c[1673312,1673388] 37 (gtc)
[14:02:47] 48 tRNA-Val c[1673406,1673480] 35 (tac)
[14:02:47] 49 tRNA-Glu c[1673483,1673557] 36 (ttc)
[14:02:47] 50 tRNA-Ser c[1673569,1673661] 36 (gga)
[14:02:47] 51 tRNA-Asn c[1673669,1673742] 34 (gtt)
[14:02:47] 52 tRNA-Ala c[1677020,1677094] 35 (tgc)
[14:02:47] 53 tRNA-Ile c[1677115,1677191] 37 (gat)
[14:02:47] 54 tRNA-Arg c[1717208,1717282] 36 (cct)
[14:02:47] 55 tRNA-Pro c[1841351,1841426] 36 (cgg)
[14:02:47] 56 tRNA-Pro c[1841453,1841528] 36 (tgg)
[14:02:47] 57 tRNA-Arg c[1841561,1841636] 36 (acg)
[14:02:47] 58 tRNA-Leu c[1841655,1841742] 36 (taa)
[14:02:47] 59 tRNA-Gly c[1841752,1841823] 33 (gcc)
[14:02:47] 60 tRNA-Thr c[1841849,1841923] 35 (agt)
[14:02:47] 61 tRNA-Leu c[1841959,1842042] 36 (tag)
[14:02:47] 62 tRNA-Val c[1842077,1842152] 35 (tac)
[14:02:47] 63 tRNA-Ala [1995151,1995225] 35 (cgc)
[14:02:47] 64 tRNA-Arg c[2086213,2086286] 35 (tct)
[14:02:47] 65 tRNA-Arg c[2299536,2299607] 34 (tcg)
[14:02:47] 66 tRNA-Gln c[2328734,2328807] 34 (ttg)
[14:02:47] Found 66 tRNAs
[14:02:47] Predicting Ribosomal RNAs
[14:02:47] Running Barrnap with 8 threads
[14:02:54] 1 NZ_CP156920.1 96973 16S ribosomal RNA
[14:02:54] 2 NZ_CP156920.1 98755 23S ribosomal RNA
[14:02:54] 3 NZ_CP156920.1 101743 5S ribosomal RNA
[14:02:54] 4 NZ_CP156920.1 501007 16S ribosomal RNA
[14:02:54] 5 NZ_CP156920.1 502789 23S ribosomal RNA
[14:02:54] 6 NZ_CP156920.1 505777 5S ribosomal RNA
[14:02:54] 7 NZ_CP156920.1 635756 16S ribosomal RNA
[14:02:54] 8 NZ_CP156920.1 637740 23S ribosomal RNA
[14:02:54] 9 NZ_CP156920.1 640728 5S ribosomal RNA
[14:02:54] 10 NZ_CP156920.1 970406 16S ribosomal RNA
[14:02:54] 11 NZ_CP156920.1 972188 23S ribosomal RNA
[14:02:54] 12 NZ_CP156920.1 975176 5S ribosomal RNA
[14:02:54] 13 NZ_CP156920.1 1673749 5S ribosomal RNA
[14:02:54] 14 NZ_CP156920.1 1673935 23S ribosomal RNA
[14:02:54] 15 NZ_CP156920.1 1677272 16S ribosomal RNA
[14:02:54] Found 15 rRNAs
[14:02:54] Skipping ncRNA search, enable with --rfam if desired.
[14:02:54] Total of 80 tRNA + rRNA features
[14:02:54] Searching for CRISPR repeats
[14:02:55] CRISPR1 NZ_CP156920.1 116195 with 4 spacers
[14:02:55] CRISPR2 NZ_CP156920.1 1133622 with 6 spacers
[14:02:55] Found 2 CRISPRs
[14:02:55] Predicting coding sequences
[14:02:55] Contigs total 2745725 bp, so using single mode
[14:02:55] Running: prodigal -i prokka_output\/ASM3988027v1_TenebrioMolitorFeces\/ASM3988027v1_TenebrioMolitorFeces\.fna -c -m -g 11 -p single -f sco -q
[14:02:59] Excluding CDS which overlaps existing RNA (repeat_region) at NZ_CP156920.1:1133836..1134078 on + strand
[14:03:00] Found 2677 CDS
[14:03:00] Connecting features back to sequences
[14:03:00] Not using genus-specific database. Try --usegenus to enable it.
[14:03:00] Annotating CDS, please be patient.
[14:03:00] Will use 8 CPUs for similarity searching.
[14:03:01] There are still 2677 unannotated CDS left (started with 2677)
[14:03:01] Will use blast to search against /home/intern/miniconda3/envs/prokka/db/kingdom/Bacteria/IS with 8 CPUs
[14:03:01] Running: cat prokka_output\/ASM3988027v1_TenebrioMolitorFeces\/ASM3988027v1_TenebrioMolitorFeces\.IS\.tmp\.121744\.faa | parallel --gnu --plain -j 8 --block 50027 --recstart '>' --pipe blastp -query - -db /home/intern/miniconda3/envs/prokka/db/kingdom/Bacteria/IS -evalue 1e-30 -qcov_hsp_perc 90 -num_threads 1 -num_descriptions 1 -num_alignments 1 -seg no > prokka_output\/ASM3988027v1_TenebrioMolitorFeces\/ASM3988027v1_TenebrioMolitorFeces\.IS\.tmp\.121744\.blast 2> /dev/null
[14:03:13] Deleting unwanted file: prokka_output/ASM3988027v1_TenebrioMolitorFeces/ASM3988027v1_TenebrioMolitorFeces.IS.tmp.121744.faa
[14:03:13] Deleting unwanted file: prokka_output/ASM3988027v1_TenebrioMolitorFeces/ASM3988027v1_TenebrioMolitorFeces.IS.tmp.121744.blast
[14:03:14] There are still 2646 unannotated CDS left (started with 2677)
[14:03:14] Will use blast to search against /home/intern/miniconda3/envs/prokka/db/kingdom/Bacteria/AMR with 8 CPUs
[14:03:14] Running: cat prokka_output\/ASM3988027v1_TenebrioMolitorFeces\/ASM3988027v1_TenebrioMolitorFeces\.AMR\.tmp\.121744\.faa | parallel --gnu --plain -j 8 --block 49496 --recstart '>' --pipe blastp -query - -db /home/intern/miniconda3/envs/prokka/db/kingdom/Bacteria/AMR -evalue 1e-300 -qcov_hsp_perc 90 -num_threads 1 -num_descriptions 1 -num_alignments 1 -seg no > prokka_output\/ASM3988027v1_TenebrioMolitorFeces\/ASM3988027v1_TenebrioMolitorFeces\.AMR\.tmp\.121744\.blast 2> /dev/null
[14:03:33] Deleting unwanted file: prokka_output/ASM3988027v1_TenebrioMolitorFeces/ASM3988027v1_TenebrioMolitorFeces.AMR.tmp.121744.faa
[14:03:33] Deleting unwanted file: prokka_output/ASM3988027v1_TenebrioMolitorFeces/ASM3988027v1_TenebrioMolitorFeces.AMR.tmp.121744.blast
[14:03:34] There are still 2637 unannotated CDS left (started with 2677)
[14:03:34] Will use blast to search against /home/intern/miniconda3/envs/prokka/db/kingdom/Bacteria/sprot with 8 CPUs
[14:03:34] Running: cat prokka_output\/ASM3988027v1_TenebrioMolitorFeces\/ASM3988027v1_TenebrioMolitorFeces\.sprot\.tmp\.121744\.faa | parallel --gnu --plain -j 8 --block 49007 --recstart '>' --pipe blastp -query - -db /home/intern/miniconda3/envs/prokka/db/kingdom/Bacteria/sprot -evalue 1e-09 -qcov_hsp_perc 80 -num_threads 1 -num_descriptions 1 -num_alignments 1 -seg no > prokka_output\/ASM3988027v1_TenebrioMolitorFeces\/ASM3988027v1_TenebrioMolitorFeces\.sprot\.tmp\.121744\.blast 2> /dev/null
[14:04:24] Modify product: Putative universal stress protein SA1532 => Putative universal stress protein
[14:04:24] Modify product: Uncharacterized protein YueI => putative protein YueI
[14:04:24] Modify product: Probable tRNA sulfurtransferase => putative tRNA sulfurtransferase
[14:04:24] Modify product: Probable bifunctional oligoribonuclease and PAP phosphatase NrnA => putative bifunctional oligoribonuclease and PAP phosphatase NrnA
[14:04:24] Modify product: UPF0297 protein EF_1202 => hypothetical protein
[14:04:24] Modify product: UPF0473 protein SP_0194 => hypothetical protein
[14:04:24] Modify product: Uncharacterized MscS family protein YkuT => putative MscS family protein YkuT
[14:04:24] Modify product: Probable transcriptional regulatory protein YebC => putative transcriptional regulatory protein YebC
[14:04:24] Modify product: Uncharacterized oxidoreductase YtbE => putative oxidoreductase YtbE
[14:04:24] Modify product: Uncharacterized protein YpjQ => putative protein YpjQ
[14:04:24] Modify product: Uncharacterized protein Rv1339 => putative protein
[14:04:24] Modify product: Probable cyclic di-GMP phosphodiesterase PdeK => putative cyclic di-GMP phosphodiesterase PdeK
[14:04:24] Modify product: ABC transporter ATP-binding/permease protein Rv1747 => ABC transporter ATP-binding/permease protein
[14:04:24] Modify product: Putative dipeptidase SACOL1801 => Putative dipeptidase
[14:04:24] Modify product: Putative universal stress protein SA1532 => Putative universal stress protein
[14:04:24] Modify product: UPF0398 protein YpsA => hypothetical protein
[14:04:24] Modify product: Rqc2 homolog RqcH => Rqc2 RqcH
[14:04:24] Modify product: Uncharacterized oxidoreductase SA2266 => putative oxidoreductase
[14:04:24] Modify product: Uncharacterized oxidoreductase SA2266 => putative oxidoreductase
[14:04:24] Modify product: Probable manganese-dependent inorganic pyrophosphatase => putative manganese-dependent inorganic pyrophosphatase
[14:04:24] Modify product: UPF0346 protein SP_0947 => hypothetical protein
[14:04:24] Modify product: DegV domain-containing protein SP_1112 => DegV domain-containing protein
[14:04:24] Modify product: UPF0073 inner membrane protein YqfA => hypothetical protein
[14:04:24] Modify product: Probable ATP-dependent DNA helicase RecS => putative ATP-dependent DNA helicase RecS
[14:04:24] Modify product: GTP cyclohydrolase 1 type 2 homolog => GTP cyclohydrolase 1 type 2 
[14:04:24] Modify product: Uncharacterized protein YqeY => putative protein YqeY
[14:04:24] Modify product: Uncharacterized HTH-type transcriptional regulator YybR => putative HTH-type transcriptional regulator YybR
[14:04:24] Modify product: Zinc-type alcohol dehydrogenase-like protein SA1988 => Zinc-type alcohol dehydrogenase-like protein
[14:04:24] Modify product: Probable endonuclease 4 => putative endonuclease 4
[14:04:24] Modify product: Probable cell wall amidase LytH => putative cell wall amidase LytH
[14:04:24] Modify product: Probable ketoamine kinase lp_1983 => putative ketoamine kinase
[14:04:24] Modify product: Uncharacterized protein YqeH => putative protein YqeH
[14:04:24] Modify product: RNA-binding protein HI_1333 => RNA-binding protein
[14:04:24] Modify product: Uncharacterized protein YqgN => putative protein YqgN
[14:04:24] Modify product: Uncharacterized protein YibN => putative protein YibN
[14:04:24] Modify product: Uncharacterized protein Spy1535 => putative protein
[14:04:24] Modify product: Bifunctional protein FolD => Bifunctional protein FolD protein
[14:04:24] Modify product: Uncharacterized protein Spy1614 => putative protein
[14:04:24] Modify product: Uncharacterized protein SA1069 => putative protein
[14:04:24] Modify product: UPF0122 protein SPy_1201/M5005_Spy0916 => hypothetical protein
[14:04:24] Modify product: Uncharacterized HTH-type transcriptional regulator HI_0186 => putative HTH-type transcriptional regulator
[14:04:24] Modify product: Uncharacterized HTH-type transcriptional regulator SACOL2360 => putative HTH-type transcriptional regulator
[14:04:24] Modify product: Probable tautomerase SA1195.1 => putative tautomerase.1
[14:04:24] Modify product: Probable multidrug ABC transporter ATP-binding protein YbhF => putative multidrug ABC transporter ATP-binding protein YbhF
[14:04:24] Modify product: Uncharacterized transporter YycB => putative transporter YycB
[14:04:24] Modify product: Uncharacterized HTH-type transcriptional regulator HI_0186 => putative HTH-type transcriptional regulator
[14:04:24] Modify product: Aldo-keto reductase MSMEG_2408/MSMEI_2347 => Aldo-keto reductase/MSMEI_2347
[14:04:24] Modify product: Probable succinyl-diaminopimelate desuccinylase => putative succinyl-diaminopimelate desuccinylase
[14:04:24] Modify product: Uncharacterized glycosyltransferase YkoT => putative glycosyltransferase YkoT
[14:04:24] Modify product: Uncharacterized ABC transporter ATP-binding protein Rv0986 => putative ABC transporter ATP-binding protein
[14:04:24] Modify product: Uncharacterized sugar epimerase YhfK => putative sugar epimerase YhfK
[14:04:24] Modify product: Probable carboxylic ester hydrolase LipM => putative carboxylic ester hydrolase LipM
[14:04:24] Modify product: Uncharacterized HTH-type transcriptional regulator YtcD => putative HTH-type transcriptional regulator YtcD
[14:04:24] Modify product: UPF0324 inner membrane protein YeiH => hypothetical protein
[14:04:24] Modify product: Probable ATP-binding protein YbiT => putative ATP-binding protein YbiT
[14:04:24] Modify product: UPF0702 transmembrane protein YetF => hypothetical protein
[14:04:24] Modify product: Fluoroquinolones export ATP-binding protein Rv2688c => Fluoroquinolones export ATP-binding protein
[14:04:24] Modify product: Uncharacterized beta-barrel protein YwiB => putative beta-barrel protein YwiB
[14:04:24] Modify product: Probable DNA-directed RNA polymerase subunit delta => putative DNA-directed RNA polymerase subunit delta
[14:04:24] Modify product: Protease HtpX homolog => Protease HtpX 
[14:04:24] Modify product: Uncharacterized hydrolase SAUSA300_2518 => putative hydrolase
[14:04:24] Modify product: Probable cyclic di-GMP phosphodiesterase PdeK => putative cyclic di-GMP phosphodiesterase PdeK
[14:04:24] Modify product: Uncharacterized PIN and TRAM-domain containing protein YacL => putative PIN and TRAM-domain containing protein YacL
[14:04:24] Modify product: Nucleoid-associated protein SA0437 => Nucleoid-associated protein
[14:04:24] Modify product: Uncharacterized transporter YycB => putative transporter YycB
[14:04:24] Modify product: Probable ATP-binding protein YheS => putative ATP-binding protein YheS
[14:04:24] Modify product: Probable undecaprenyl-phosphate N-acetylglucosaminyl 1-phosphate transferase => putative undecaprenyl-phosphate N-acetylglucosaminyl 1-phosphate transferase
[14:04:24] Modify product: Phosphate-specific transport system accessory protein PhoU homolog => Phosphate-specific transport system accessory protein PhoU 
[14:04:24] Modify product: Probable cell division protein WhiA => putative cell division protein WhiA
[14:04:24] Modify product: Uncharacterized HTH-type transcriptional regulator SACOL2360 => putative HTH-type transcriptional regulator
[14:04:24] Modify product: Probable protein-export membrane protein SecG => putative protein-export membrane protein SecG
[14:04:24] Modify product: Probable cadmium-transporting ATPase => putative cadmium-transporting ATPase
[14:04:24] Modify product: Probable heme-iron transport system permease protein IsdF => putative heme-iron transport system permease protein IsdF
[14:04:25] Modify product: Probable glucose uptake protein GlcU => putative glucose uptake protein GlcU
[14:04:25] Modify product: Potassium channel HX13_20290 => Potassium channel
[14:04:25] Modify product: Probable cyclic di-GMP phosphodiesterase PdeG => putative cyclic di-GMP phosphodiesterase PdeG
[14:04:25] Modify product: Uncharacterized ABC transporter ATP-binding protein Rv1273c => putative ABC transporter ATP-binding protein
[14:04:25] Modify product: Probable HTH-type transcriptional repressor ExuR => putative HTH-type transcriptional repressor ExuR
[14:04:25] Modify product: Uncharacterized symporter YjmB => putative symporter YjmB
[14:04:25] Modify product: Probable transport protein HsrA => putative transport protein HsrA
[14:04:25] Modify product: Putative universal stress protein SA1532 => Putative universal stress protein
[14:04:25] Modify product: Putative universal stress protein SA1532 => Putative universal stress protein
[14:04:25] Modify product: Probable succinyl-diaminopimelate desuccinylase => putative succinyl-diaminopimelate desuccinylase
[14:04:25] Modify product: Aldo-keto reductase MSMEG_2408/MSMEI_2347 => Aldo-keto reductase/MSMEI_2347
[14:04:25] Modify product: Putative universal stress protein SA1532 => Putative universal stress protein
[14:04:25] Modify product: Putative glutamine amidotransferase Rv2859c => Putative glutamine amidotransferase
[14:04:25] Modify product: Probable tRNA-dihydrouridine synthase => putative tRNA-dihydrouridine synthase
[14:04:25] Modify product: Probable succinyl-diaminopimelate desuccinylase => putative succinyl-diaminopimelate desuccinylase
[14:04:25] Modify product: Probable ergothioneine transporter EgtUBC => putative ergothioneine transporter EgtUBC
[14:04:25] Modify product: Probable cation-transporting ATPase F => putative cation-transporting ATPase F
[14:04:25] Modify product: Uncharacterized inner membrane transporter YicL => putative inner membrane transporter YicL
[14:04:25] Modify product: Uncharacterized oxidoreductase YtbE => putative oxidoreductase YtbE
[14:04:25] Modify product: Probable copper-transporting ATPase PacS => putative copper-transporting ATPase PacS
[14:04:25] Modify product: Uncharacterized protein Rv2915c => putative protein
[14:04:25] Modify product: Uncharacterized protein Rv2915c => putative protein
[14:04:25] Modify product: Cell wall protein Lmo0130 => Cell wall protein
[14:04:25] Modify product: Uncharacterized MFS-type transporter EfpA => putative MFS-type transporter EfpA
[14:04:25] Modify product: Uncharacterized protein Rv1488 => putative protein
[14:04:25] Modify product: Uncharacterized sugar epimerase YhfK => putative sugar epimerase YhfK
[14:04:25] Modify product: UPF0053 protein Rv1842c => hypothetical protein
[14:04:25] Modify product: Multidrug efflux system permease protein Rv1217c => Multidrug efflux system permease protein
[14:04:25] Modify product: Multidrug efflux system ATP-binding protein Rv1218c => Multidrug efflux system ATP-binding protein
[14:04:25] Modify product: Uncharacterized protein YedJ => putative protein YedJ
[14:04:25] Modify product: Glucuronide carrier protein homolog => Glucuronide carrier protein 
[14:04:25] Modify product: Probable ABC transporter extracellular-binding protein YckB => putative ABC transporter extracellular-binding protein YckB
[14:04:25] Modify product: Probable amino-acid permease protein YxeN => putative amino-acid permease protein YxeN
[14:04:25] Modify product: Putative transport protein Rv0205 => Putative transport protein
[14:04:25] Modify product: Uncharacterized RNA pseudouridine synthase Rv1540 => putative RNA pseudouridine synthase
[14:04:25] Modify product: UPF0342 protein SA1663 => hypothetical protein
[14:04:25] Modify product: Uncharacterized protein YyaP => putative protein YyaP
[14:04:25] Modify product: Putative 2-hydroxyacid dehydrogenase SA2098 => Putative 2-hydroxyacid dehydrogenase
[14:04:25] Modify product: UPF0145 protein BC_1012 => hypothetical protein
[14:04:25] Modify product: Uncharacterized protein YkuJ => putative protein YkuJ
[14:04:25] Modify product: Putative universal stress protein SA1532 => Putative universal stress protein
[14:04:25] Modify product: UPF0213 protein EF_2693 => hypothetical protein
[14:04:25] Modify product: Probable multidrug resistance ABC transporter ATP-binding/permease protein YheH => putative multidrug resistance ABC transporter ATP-binding/permease protein YheH
[14:04:25] Modify product: Probable multidrug resistance ABC transporter ATP-binding/permease protein YheI => putative multidrug resistance ABC transporter ATP-binding/permease protein YheI
[14:04:25] Modify product: UPF0154 protein SA1178 => hypothetical protein
[14:04:25] Modify product: UPF0291 protein SP_1473 => hypothetical protein
[14:04:25] Modify product: Putative universal stress protein SA1532 => Putative universal stress protein
[14:04:25] Modify product: Probable GTP-binding protein EngB => putative GTP-binding protein EngB
[14:04:25] Modify product: Uncharacterized protein YlbL => putative protein YlbL
[14:04:25] Modify product: Probable peptidoglycan glycosyltransferase FtsW => putative peptidoglycan glycosyltransferase FtsW
[14:04:25] Modify product: UPF0223 protein BH2638 => hypothetical protein
[14:04:25] Modify product: Uncharacterized protein YpuA => putative protein YpuA
[14:04:25] Modify product: Uncharacterized glycosyltransferase sll0501 => putative glycosyltransferase
[14:04:25] Modify product: Putative universal stress protein SA1532 => Putative universal stress protein
[14:04:25] Modify product: Probable ATP-dependent RNA helicase YfmL => putative ATP-dependent RNA helicase YfmL
[14:04:25] Modify product: Uncharacterized RNA methyltransferase SP_1029 => putative RNA methyltransferase
[14:04:25] Modify product: Uncharacterized lipoprotein YerH => putative lipoprotein YerH
[14:04:25] Modify product: Probable capsular polysaccharide biosynthesis protein YwqC => putative capsular polysaccharide biosynthesis protein YwqC
[14:04:25] Modify product: Putative universal stress protein SA1532 => Putative universal stress protein
[14:04:25] Modify product: Uncharacterized MFS-type transporter YhjX => putative MFS-type transporter YhjX
[14:04:25] Modify product: Uncharacterized inner membrane transporter YicL => putative inner membrane transporter YicL
[14:04:25] Modify product: Uncharacterized HTH-type transcriptional regulator Rv0681 => putative HTH-type transcriptional regulator
[14:04:25] Modify product: Uncharacterized oxidoreductase SA2266 => putative oxidoreductase
[14:04:25] Modify product: Putative dipeptidase SACOL1801 => Putative dipeptidase
[14:04:25] Modify product: Uncharacterized N-acetyltransferase YafP => putative N-acetyltransferase YafP
[14:04:25] Modify product: Uncharacterized ABC transporter ATP-binding protein YknY => putative ABC transporter ATP-binding protein YknY
[14:04:25] Modify product: Probable iron export permease protein FetB => putative iron export permease protein FetB
[14:04:25] Modify product: Probable iron export ATP-binding protein FetA => putative iron export ATP-binding protein FetA
[14:04:25] Modify product: UPF0340 protein SAOUHSC_02355 => hypothetical protein
[14:04:25] Modify product: Uncharacterized HTH-type transcriptional regulator YybR => putative HTH-type transcriptional regulator YybR
[14:04:25] Modify product: Probable guanidinium efflux system subunit GdnD => putative guanidinium efflux system subunit GdnD
[14:04:25] Modify product: Zinc-type alcohol dehydrogenase-like protein SA1988 => Zinc-type alcohol dehydrogenase-like protein
[14:04:25] Modify product: Uncharacterized HTH-type transcriptional regulator HI_0186 => putative HTH-type transcriptional regulator
[14:04:25] Modify product: Uncharacterized HTH-type transcriptional regulator YtcD => putative HTH-type transcriptional regulator YtcD
[14:04:25] Modify product: Probable transporter SCO4007 => putative transporter
[14:04:25] Modify product: Putative 2-hydroxyacid dehydrogenase SA2098 => Putative 2-hydroxyacid dehydrogenase
[14:04:25] Modify product: Uncharacterized sugar kinase YdjH => putative sugar kinase YdjH
[14:04:25] Modify product: Probable fructoselysine utilization operon transcriptional repressor => putative fructoselysine utilization operon transcriptional repressor
[14:04:25] Modify product: Uncharacterized protein YhaZ => putative protein YhaZ
[14:04:25] Modify product: Probable succinyl-diaminopimelate desuccinylase => putative succinyl-diaminopimelate desuccinylase
[14:04:25] Modify product: Probable phosphatase IndB => putative phosphatase IndB
[14:04:25] Modify product: Uncharacterized glycosyltransferase EpsJ => putative glycosyltransferase EpsJ
[14:04:25] Modify product: Probable capsular polysaccharide biosynthesis protein YwqC => putative capsular polysaccharide biosynthesis protein YwqC
[14:04:25] Modify product: Uncharacterized glycosyltransferase EpsJ => putative glycosyltransferase EpsJ
[14:04:25] Modify product: HTH-type transcriptional regulator Rv0324 => HTH-type transcriptional regulator
[14:04:25] Modify product: HTH-type transcriptional regulator Rv0324 => HTH-type transcriptional regulator
[14:04:25] Modify product: Putative universal stress protein SA1532 => Putative universal stress protein
[14:04:25] Modify product: Probable glutamine ABC transporter permease protein GlnP => putative glutamine ABC transporter permease protein GlnP
[14:04:25] Modify product: Probable glutamine ABC transporter permease protein GlnM => putative glutamine ABC transporter permease protein GlnM
[14:04:25] Modify product: Virulence protein STM3117 => Virulence protein
[14:04:25] Modify product: Uncharacterized oxidoreductase YkwC => putative oxidoreductase YkwC
[14:04:25] Modify product: Acetyltransferase SACOL1063 => Acetyltransferase
[14:04:25] Modify product: Multidrug efflux system ATP-binding protein Rv1218c => Multidrug efflux system ATP-binding protein
[14:04:25] Modify product: Uncharacterized protein YhaP => putative protein YhaP
[14:04:25] Modify product: Probable threonine/serine exporter => putative threonine/serine exporter
[14:04:25] Modify product: DegV domain-containing protein MW1315 => DegV domain-containing protein
[14:04:25] Modify product: Aldo-keto reductase MSMEG_2408/MSMEI_2347 => Aldo-keto reductase/MSMEI_2347
[14:04:25] Cleaned 170 /product names
[14:04:25] Deleting unwanted file: prokka_output/ASM3988027v1_TenebrioMolitorFeces/ASM3988027v1_TenebrioMolitorFeces.sprot.tmp.121744.faa
[14:04:25] Deleting unwanted file: prokka_output/ASM3988027v1_TenebrioMolitorFeces/ASM3988027v1_TenebrioMolitorFeces.sprot.tmp.121744.blast
[14:04:26] There are still 1227 unannotated CDS left (started with 2677)
[14:04:26] Will use hmmer3 to search against /home/intern/miniconda3/envs/prokka/db/hmm/HAMAP.hmm with 8 CPUs
[14:04:26] Running: cat prokka_output\/ASM3988027v1_TenebrioMolitorFeces\/ASM3988027v1_TenebrioMolitorFeces\.HAMAP\.hmm\.tmp\.121744\.faa | parallel --gnu --plain -j 8 --block 18820 --recstart '>' --pipe hmmscan --noali --notextw --acc -E 1e-09 --cpu 1 /home/intern/miniconda3/envs/prokka/db/hmm/HAMAP.hmm /dev/stdin > prokka_output\/ASM3988027v1_TenebrioMolitorFeces\/ASM3988027v1_TenebrioMolitorFeces\.HAMAP\.hmm\.tmp\.121744\.hmmer3 2> /dev/null
[14:04:40] Modify product: Protein SprT-like => Protein SprT-like protein
[14:04:41] Cleaned 1 /product names
[14:04:41] Deleting unwanted file: prokka_output/ASM3988027v1_TenebrioMolitorFeces/ASM3988027v1_TenebrioMolitorFeces.HAMAP.hmm.tmp.121744.faa
[14:04:41] Deleting unwanted file: prokka_output/ASM3988027v1_TenebrioMolitorFeces/ASM3988027v1_TenebrioMolitorFeces.HAMAP.hmm.tmp.121744.hmmer3
[14:04:41] Labelling remaining 1113 proteins as 'hypothetical protein'
[14:04:41] Possible /pseudo 'Phosphate import ATP-binding protein PstB 3' at NZ_CP156920.1 position 740367
[14:04:41] Possible /pseudo 'putative protein' at NZ_CP156920.1 position 1089708
[14:04:41] Possible /pseudo 'Alkaline shock protein 23' at NZ_CP156920.1 position 1360314
[14:04:41] Possible /pseudo 'UDP-N-acetylglucosamine--peptide N-acetylglucosaminyltransferase GtfA subunit' at NZ_CP156920.1 position 1558299
[14:04:41] Possible /pseudo 'Corrinoid adenosyltransferase PduO' at NZ_CP156920.1 position 1743444
[14:04:41] Possible /pseudo 'Dipeptide-binding protein' at NZ_CP156920.1 position 1920134
[14:04:41] Possible /pseudo 'Purine efflux pump PbuE' at NZ_CP156920.1 position 2126887
[14:04:41] Possible /pseudo 'Alkaline shock protein 23' at NZ_CP156920.1 position 2159502
[14:04:41] Possible /pseudo 'IS5 family transposase ISLpl3' at NZ_CP156921.1 position 68987
[14:04:41] Possible /pseudo 'Thioredoxin' at NZ_CP156924.1 position 6227
[14:04:41] Possible /pseudo 'Thioredoxin' at NZ_CP156924.1 position 17174
[14:04:41] Found 1100 unique /gene codes.
[14:04:41] Fixed 2 duplicate /gene - mnaA_1 mnaA_2
[14:04:41] Fixed 2 duplicate /gene - dacA_1 dacA_2
[14:04:41] Fixed 2 duplicate /gene - pduO_1 pduO_2
[14:04:41] Fixed 2 duplicate /gene - sbnD_1 sbnD_2
[14:04:41] Fixed 2 duplicate /gene - czrA_1 czrA_2
[14:04:41] Fixed 2 duplicate /gene - galK_1 galK_2
[14:04:41] Fixed 2 duplicate /gene - wbbD_1 wbbD_2
[14:04:41] Fixed 2 duplicate /gene - pdeK_1 pdeK_2
[14:04:41] Fixed 3 duplicate /gene - ackA_1 ackA_2 ackA_3
[14:04:41] Fixed 3 duplicate /gene - pbuE_1 pbuE_2 pbuE_3
[14:04:41] Fixed 2 duplicate /gene - nagC_1 nagC_2
[14:04:41] Fixed 2 duplicate /gene - oppF_1 oppF_2
[14:04:41] Fixed 8 duplicate /gene - xylP_1 xylP_2 xylP_3 xylP_4 xylP_5 xylP_6 xylP_7 xylP_8
[14:04:41] Fixed 2 duplicate /gene - rnhA_1 rnhA_2
[14:04:41] Fixed 2 duplicate /gene - ytbE_1 ytbE_2
[14:04:41] Fixed 2 duplicate /gene - abfA_1 abfA_2
[14:04:41] Fixed 2 duplicate /gene - map_1 map_2
[14:04:41] Fixed 3 duplicate /gene - ribZ_1 ribZ_2 ribZ_3
[14:04:41] Fixed 2 duplicate /gene - lplJ_1 lplJ_2
[14:04:41] Fixed 7 duplicate /gene - gpmA_1 gpmA_2 gpmA_3 gpmA_4 gpmA_5 gpmA_6 gpmA_7
[14:04:41] Fixed 2 duplicate /gene - ygaZ_1 ygaZ_2
[14:04:41] Fixed 2 duplicate /gene - helD_1 helD_2
[14:04:41] Fixed 2 duplicate /gene - pheT_1 pheT_2
[14:04:41] Fixed 4 duplicate /gene - napA_1 napA_2 napA_3 napA_4
[14:04:41] Fixed 2 duplicate /gene - yvgN_1 yvgN_2
[14:04:41] Fixed 2 duplicate /gene - fabZ_1 fabZ_2
[14:04:41] Fixed 2 duplicate /gene - clpC_1 clpC_2
[14:04:41] Fixed 2 duplicate /gene - gpsB_1 gpsB_2
[14:04:41] Fixed 5 duplicate /gene - smc_1 smc_2 smc_3 smc_4 smc_5
[14:04:41] Fixed 3 duplicate /gene - xynB_1 xynB_2 xynB_3
[14:04:41] Fixed 2 duplicate /gene - qorB_1 qorB_2
[14:04:41] Fixed 2 duplicate /gene - nagR_1 nagR_2
[14:04:41] Fixed 2 duplicate /gene - yjeM_1 yjeM_2
[14:04:41] Fixed 2 duplicate /gene - npr_1 npr_2
[14:04:41] Fixed 2 duplicate /gene - clpP_1 clpP_2
[14:04:41] Fixed 2 duplicate /gene - gntT_1 gntT_2
[14:04:41] Fixed 2 duplicate /gene - lysN_1 lysN_2
[14:04:41] Fixed 2 duplicate /gene - arcC1_1 arcC1_2
[14:04:41] Fixed 3 duplicate /gene - pstB3_1 pstB3_2 pstB3_3
[14:04:41] Fixed 2 duplicate /gene - iscS_1 iscS_2
[14:04:41] Fixed 2 duplicate /gene - tarD_1 tarD_2
[14:04:41] Fixed 2 duplicate /gene - kduI1_1 kduI1_2
[14:04:41] Fixed 2 duplicate /gene - msrA_1 msrA_2
[14:04:41] Fixed 3 duplicate /gene - yxeI_1 yxeI_2 yxeI_3
[14:04:41] Fixed 3 duplicate /gene - cinA_1 cinA_2 cinA_3
[14:04:41] Fixed 2 duplicate /gene - rihA_1 rihA_2
[14:04:41] Fixed 2 duplicate /gene - scpA_1 scpA_2
[14:04:41] Fixed 3 duplicate /gene - gadC_1 gadC_2 gadC_3
[14:04:41] Fixed 2 duplicate /gene - yhfK_1 yhfK_2
[14:04:41] Fixed 2 duplicate /gene - nhaC_1 nhaC_2
[14:04:41] Fixed 2 duplicate /gene - yicL_1 yicL_2
[14:04:41] Fixed 2 duplicate /gene - rodA_1 rodA_2
[14:04:41] Fixed 2 duplicate /gene - thiD_1 thiD_2
[14:04:41] Fixed 2 duplicate /gene - gtfA_1 gtfA_2
[14:04:41] Fixed 2 duplicate /gene - yycB_1 yycB_2
[14:04:41] Fixed 2 duplicate /gene - rarA_1 rarA_2
[14:04:41] Fixed 2 duplicate /gene - gltX_1 gltX_2
[14:04:41] Fixed 3 duplicate /gene - strA_1 strA_2 strA_3
[14:04:41] Fixed 3 duplicate /gene - glnQ_1 glnQ_2 glnQ_3
[14:04:41] Fixed 2 duplicate /gene - mshD_1 mshD_2
[14:04:41] Fixed 5 duplicate /gene - pepDA_1 pepDA_2 pepDA_3 pepDA_4 pepDA_5
[14:04:41] Fixed 2 duplicate /gene - def_1 def_2
[14:04:41] Fixed 3 duplicate /gene - kdsr_1 kdsr_2 kdsr_3
[14:04:41] Fixed 2 duplicate /gene - kduD_1 kduD_2
[14:04:41] Fixed 2 duplicate /gene - ytcD_1 ytcD_2
[14:04:41] Fixed 2 duplicate /gene - tag_1 tag_2
[14:04:41] Fixed 2 duplicate /gene - deoB_1 deoB_2
[14:04:41] Fixed 2 duplicate /gene - gltC_1 gltC_2
[14:04:41] Fixed 2 duplicate /gene - dinG_1 dinG_2
[14:04:41] Fixed 3 duplicate /gene - rluD_1 rluD_2 rluD_3
[14:04:41] Fixed 2 duplicate /gene - ecfT_1 ecfT_2
[14:04:41] Fixed 8 duplicate /gene - rhaR_1 rhaR_2 rhaR_3 rhaR_4 rhaR_5 rhaR_6 rhaR_7 rhaR_8
[14:04:41] Fixed 3 duplicate /gene - kdgR_1 kdgR_2 kdgR_3
[14:04:41] Fixed 3 duplicate /gene - uvrA_1 uvrA_2 uvrA_3
[14:04:41] Fixed 2 duplicate /gene - pnuC_1 pnuC_2
[14:04:41] Fixed 2 duplicate /gene - wbpP_1 wbpP_2
[14:04:41] Fixed 2 duplicate /gene - tyrS_1 tyrS_2
[14:04:41] Fixed 3 duplicate /gene - ytpP_1 ytpP_2 ytpP_3
[14:04:41] Fixed 2 duplicate /gene - bipA_1 bipA_2
[14:04:41] Fixed 3 duplicate /gene - yidA_1 yidA_2 yidA_3
[14:04:41] Fixed 2 duplicate /gene - arcD1_1 arcD1_2
[14:04:41] Fixed 2 duplicate /gene - cycA_1 cycA_2
[14:04:41] Fixed 10 duplicate /gene - dppA_1 dppA_2 dppA_3 dppA_4 dppA_5 dppA_6 dppA_7 dppA_8 dppA_9 dppA_10
[14:04:41] Fixed 4 duplicate /gene - murJ_1 murJ_2 murJ_3 murJ_4
[14:04:41] Fixed 4 duplicate /gene - stp_1 stp_2 stp_3 stp_4
[14:04:41] Fixed 2 duplicate /gene - aguA_1 aguA_2
[14:04:41] Fixed 2 duplicate /gene - pduN_1 pduN_2
[14:04:41] Fixed 2 duplicate /gene - gabD1_1 gabD1_2
[14:04:41] Fixed 2 duplicate /gene - lacA_1 lacA_2
[14:04:41] Fixed 2 duplicate /gene - ppx_1 ppx_2
[14:04:41] Fixed 3 duplicate /gene - adhR_1 adhR_2 adhR_3
[14:04:41] Fixed 2 duplicate /gene - elaA_1 elaA_2
[14:04:41] Fixed 2 duplicate /gene - bglK_1 bglK_2
[14:04:41] Fixed 2 duplicate /gene - hdfR_1 hdfR_2
[14:04:41] Fixed 4 duplicate /gene - sasA_1 sasA_2 sasA_3 sasA_4
[14:04:41] Fixed 3 duplicate /gene - ybiV_1 ybiV_2 ybiV_3
[14:04:41] Fixed 2 duplicate /gene - pstS1_1 pstS1_2
[14:04:41] Fixed 2 duplicate /gene - greA_1 greA_2
[14:04:41] Fixed 2 duplicate /gene - bglB_1 bglB_2
[14:04:41] Fixed 2 duplicate /gene - epsJ_1 epsJ_2
[14:04:41] Fixed 3 duplicate /gene - maa_1 maa_2 maa_3
[14:04:41] Fixed 2 duplicate /gene - budC_1 budC_2
[14:04:41] Fixed 3 duplicate /gene - gpr_1 gpr_2 gpr_3
[14:04:41] Fixed 2 duplicate /gene - nox_1 nox_2
[14:04:41] Fixed 2 duplicate /gene - thrB_1 thrB_2
[14:04:41] Fixed 2 duplicate /gene - ldh_1 ldh_2
[14:04:41] Fixed 2 duplicate /gene - araD_1 araD_2
[14:04:41] Fixed 3 duplicate /gene - ywnA_1 ywnA_2 ywnA_3
[14:04:41] Fixed 3 duplicate /gene - rihC_1 rihC_2 rihC_3
[14:04:41] Fixed 2 duplicate /gene - pinR_1 pinR_2
[14:04:41] Fixed 2 duplicate /gene - clpL_1 clpL_2
[14:04:41] Fixed 3 duplicate /gene - spx_1 spx_2 spx_3
[14:04:41] Fixed 4 duplicate /gene - ccpA_1 ccpA_2 ccpA_3 ccpA_4
[14:04:41] Fixed 2 duplicate /gene - prsA_1 prsA_2
[14:04:41] Fixed 2 duplicate /gene - topB_1 topB_2
[14:04:41] Fixed 2 duplicate /gene - yybR_1 yybR_2
[14:04:41] Fixed 3 duplicate /gene - soj_1 soj_2 soj_3
[14:04:41] Fixed 2 duplicate /gene - btuD_1 btuD_2
[14:04:41] Fixed 5 duplicate /gene - adh_1 adh_2 adh_3 adh_4 adh_5
[14:04:41] Fixed 2 duplicate /gene - steT_1 steT_2
[14:04:41] Fixed 2 duplicate /gene - ytrB_1 ytrB_2
[14:04:41] Fixed 2 duplicate /gene - uxaC_1 uxaC_2
[14:04:41] Fixed 2 duplicate /gene - rpmE2_1 rpmE2_2
[14:04:41] Fixed 3 duplicate /gene - trxB_1 trxB_2 trxB_3
[14:04:41] Fixed 4 duplicate /gene - degV_1 degV_2 degV_3 degV_4
[14:04:41] Fixed 2 duplicate /gene - uup_1 uup_2
[14:04:41] Fixed 5 duplicate /gene - xerC_1 xerC_2 xerC_3 xerC_4 xerC_5
[14:04:41] Fixed 2 duplicate /gene - paiA_1 paiA_2
[14:04:41] Fixed 3 duplicate /gene - gcvH_1 gcvH_2 gcvH_3
[14:04:41] Fixed 2 duplicate /gene - dinB_1 dinB_2
[14:04:41] Fixed 5 duplicate /gene - xylB_1 xylB_2 xylB_3 xylB_4 xylB_5
[14:04:41] Fixed 2 duplicate /gene - ykoD_1 ykoD_2
[14:04:41] Fixed 2 duplicate /gene - ywqC_1 ywqC_2
[14:04:41] Fixed 4 duplicate /gene - dapE_1 dapE_2 dapE_3 dapE_4
[14:04:41] Fixed 3 duplicate /gene - mgrA_1 mgrA_2 mgrA_3
[14:04:41] Fixed 2 duplicate /gene - dps_1 dps_2
[14:04:41] Fixed 2 duplicate /gene - ydhP_1 ydhP_2
[14:04:41] Fixed 2 duplicate /gene - gmk_1 gmk_2
[14:04:41] Fixed 6 duplicate /gene - tagU_1 tagU_2 tagU_3 tagU_4 tagU_5 tagU_6
[14:04:41] Fixed 6 duplicate /gene - trxA_1 trxA_2 trxA_3 trxA_4 trxA_5 trxA_6
[14:04:41] Fixed 2 duplicate /gene - spsB_1 spsB_2
[14:04:41] Fixed 2 duplicate /gene - rhaS_1 rhaS_2
[14:04:41] Fixed 3 duplicate /gene - mntH_1 mntH_2 mntH_3
[14:04:41] Fixed 2 duplicate /gene - nth_1 nth_2
[14:04:41] Fixed 2 duplicate /gene - malL_1 malL_2
[14:04:41] Fixed 2 duplicate /gene - ptsI_1 ptsI_2
[14:04:41] Fixed 3 duplicate /gene - xylT_1 xylT_2 xylT_3
[14:04:41] Fixed 2 duplicate /gene - ptpB_1 ptpB_2
[14:04:41] Fixed 2 duplicate /gene - tkt_1 tkt_2
[14:04:41] Fixed 3 duplicate /gene - murA1_1 murA1_2 murA1_3
[14:04:41] Fixed 2 duplicate /gene - fucP_1 fucP_2
[14:04:41] Fixed 2 duplicate /gene - bin3_1 bin3_2
[14:04:41] Fixed 2 duplicate /gene - polC_1 polC_2
[14:04:41] Fixed 2 duplicate /gene - tadA_1 tadA_2
[14:04:41] Fixed 2 duplicate /gene - cdaR_1 cdaR_2
[14:04:41] Fixed 2 duplicate /gene - vmlR_1 vmlR_2
[14:04:41] Fixed 2 duplicate /gene - dagK_1 dagK_2
[14:04:41] Fixed 3 duplicate /gene - epsF_1 epsF_2 epsF_3
[14:04:41] Fixed 2 duplicate /gene - guaA_1 guaA_2
[14:04:41] Fixed 3 duplicate /gene - menH_1 menH_2 menH_3
[14:04:41] Fixed 3 duplicate /gene - ard_1 ard_2 ard_3
[14:04:41] Fixed 3 duplicate /gene - clcA_1 clcA_2 clcA_3
[14:04:41] Fixed 2 duplicate /gene - wecA_1 wecA_2
[14:04:41] Fixed 2 duplicate /gene - rny_1 rny_2
[14:04:41] Fixed 2 duplicate /gene - glpK_1 glpK_2
[14:04:41] Fixed 2 duplicate /gene - prs_1 prs_2
[14:04:41] Fixed 2 duplicate /gene - argR_1 argR_2
[14:04:41] Fixed 2 duplicate /gene - assT_1 assT_2
[14:04:41] Fixed 2 duplicate /gene - kup_1 kup_2
[14:04:41] Fixed 2 duplicate /gene - adhA_1 adhA_2
[14:04:41] Fixed 2 duplicate /gene - iolS_1 iolS_2
[14:04:41] Fixed 2 duplicate /gene - glnH_1 glnH_2
[14:04:41] Fixed 3 duplicate /gene - kdgK_1 kdgK_2 kdgK_3
[14:04:41] Fixed 2 duplicate /gene - ltaS1_1 ltaS1_2
[14:04:41] Fixed 2 duplicate /gene - lacX_1 lacX_2
[14:04:41] Fixed 2 duplicate /gene - tagF_1 tagF_2
[14:04:41] Fixed 3 duplicate /gene - mdtP_1 mdtP_2 mdtP_3
[14:04:41] Fixed 4 duplicate /gene - garB_1 garB_2 garB_3 garB_4
[14:04:41] Fixed 2 duplicate /gene - rimI_1 rimI_2
[14:04:41] Fixed 3 duplicate /gene - bcaP_1 bcaP_2 bcaP_3
[14:04:41] Fixed 2 duplicate /gene - deoR_1 deoR_2
[14:04:41] Fixed 2 duplicate /gene - ywqD_1 ywqD_2
[14:04:41] Fixed 4 duplicate /gene - emrB_1 emrB_2 emrB_3 emrB_4
[14:04:41] Fixed 2 duplicate /gene - gadB_1 gadB_2
[14:04:41] Fixed 2 duplicate /gene - pdhD_1 pdhD_2
[14:04:41] Fixed 2 duplicate /gene - brnQ_1 brnQ_2
[14:04:41] Fixed 2 duplicate /gene - arlR_1 arlR_2
[14:04:41] Fixed 2 duplicate /gene - acpP_1 acpP_2
[14:04:41] Fixed 4 duplicate /gene - nhaK_1 nhaK_2 nhaK_3 nhaK_4
[14:04:41] Fixed 2 duplicate /gene - menA_1 menA_2
[14:04:41] Fixed 2 duplicate /gene - cfa_1 cfa_2
[14:04:41] Fixed 5 duplicate /gene - ywqE_1 ywqE_2 ywqE_3 ywqE_4 ywqE_5
[14:04:41] Fixed 2 duplicate /gene - mepA_1 mepA_2
[14:04:41] Fixed 193 colliding /gene names.
[14:04:41] Adding /locus_tag identifiers
[14:04:41] Assigned 2758 locus_tags to CDS and RNA features.
[14:04:41] Writing outputs to prokka_output/ASM3988027v1_TenebrioMolitorFeces/
[14:04:42] Generating annotation statistics file
[14:04:42] Generating Genbank and Sequin files
[14:04:42] Running: tbl2asn -V b -a r10k -l paired-ends -M n -N 1 -y 'Annotated using prokka 1.15.6 from https://github.com/tseemann/prokka' -Z prokka_output\/ASM3988027v1_TenebrioMolitorFeces\/ASM3988027v1_TenebrioMolitorFeces\.err -i prokka_output\/ASM3988027v1_TenebrioMolitorFeces\/ASM3988027v1_TenebrioMolitorFeces\.fsa 2> /dev/null
[14:04:46] Deleting unwanted file: prokka_output/ASM3988027v1_TenebrioMolitorFeces/errorsummary.val
[14:04:46] Deleting unwanted file: prokka_output/ASM3988027v1_TenebrioMolitorFeces/ASM3988027v1_TenebrioMolitorFeces.dr
[14:04:46] Deleting unwanted file: prokka_output/ASM3988027v1_TenebrioMolitorFeces/ASM3988027v1_TenebrioMolitorFeces.fixedproducts
[14:04:46] Deleting unwanted file: prokka_output/ASM3988027v1_TenebrioMolitorFeces/ASM3988027v1_TenebrioMolitorFeces.ecn
[14:04:46] Deleting unwanted file: prokka_output/ASM3988027v1_TenebrioMolitorFeces/ASM3988027v1_TenebrioMolitorFeces.val
[14:04:46] Repairing broken .GBK output that tbl2asn produces...
[14:04:46] Running: sed 's/COORDINATES: profile/COORDINATES:profile/' < prokka_output\/ASM3988027v1_TenebrioMolitorFeces\/ASM3988027v1_TenebrioMolitorFeces\.gbf > prokka_output\/ASM3988027v1_TenebrioMolitorFeces\/ASM3988027v1_TenebrioMolitorFeces\.gbk
[14:04:46] Deleting unwanted file: prokka_output/ASM3988027v1_TenebrioMolitorFeces/ASM3988027v1_TenebrioMolitorFeces.gbf
[14:04:46] Output files:
[14:04:46] prokka_output/ASM3988027v1_TenebrioMolitorFeces/ASM3988027v1_TenebrioMolitorFeces.faa
[14:04:46] prokka_output/ASM3988027v1_TenebrioMolitorFeces/ASM3988027v1_TenebrioMolitorFeces.tbl
[14:04:46] prokka_output/ASM3988027v1_TenebrioMolitorFeces/ASM3988027v1_TenebrioMolitorFeces.fsa
[14:04:46] prokka_output/ASM3988027v1_TenebrioMolitorFeces/ASM3988027v1_TenebrioMolitorFeces.log
[14:04:46] prokka_output/ASM3988027v1_TenebrioMolitorFeces/ASM3988027v1_TenebrioMolitorFeces.err
[14:04:46] prokka_output/ASM3988027v1_TenebrioMolitorFeces/ASM3988027v1_TenebrioMolitorFeces.sqn
[14:04:46] prokka_output/ASM3988027v1_TenebrioMolitorFeces/ASM3988027v1_TenebrioMolitorFeces.txt
[14:04:46] prokka_output/ASM3988027v1_TenebrioMolitorFeces/ASM3988027v1_TenebrioMolitorFeces.tsv
[14:04:46] prokka_output/ASM3988027v1_TenebrioMolitorFeces/ASM3988027v1_TenebrioMolitorFeces.fna
[14:04:46] prokka_output/ASM3988027v1_TenebrioMolitorFeces/ASM3988027v1_TenebrioMolitorFeces.gff
[14:04:46] prokka_output/ASM3988027v1_TenebrioMolitorFeces/ASM3988027v1_TenebrioMolitorFeces.gbk
[14:04:46] prokka_output/ASM3988027v1_TenebrioMolitorFeces/ASM3988027v1_TenebrioMolitorFeces.ffn
[14:04:46] Annotation finished successfully.
[14:04:46] Walltime used: 2.00 minutes
[14:04:46] If you use this result please cite the Prokka paper:
[14:04:46] Seemann T (2014) Prokka: rapid prokaryotic genome annotation. Bioinformatics. 30(14):2068-9.
[14:04:46] Type 'prokka --citation' for more details.
[14:04:46] Thank you, come again.
