[13:53:25] This is prokka 1.15.6
[13:53:25] Written by Torsten Seemann <torsten.seemann@gmail.com>
[13:53:25] Homepage is https://github.com/tseemann/prokka
[13:53:25] Local time is Thu Apr 30 13:53:25 2026
[13:53:25] You are intern
[13:53:25] Operating system is linux
[13:53:25] You have BioPerl 1.7.8
[13:53:25] System has 8 cores.
[13:53:25] Will use maximum of 8 cores.
[13:53:25] Annotating as >>> Bacteria <<<
[13:53:25] Generating locus_tag from 'FastaFiles/45709_F01_Reference.fna' contents.
[13:53:25] Setting --locustag JECDCPOO from MD5 3ecdc988260fb3947829cf7a1afcf4c3
[13:53:25] Creating new output folder: prokka_output/45709_F01_Reference
[13:53:25] Running: mkdir -p prokka_output\/45709_F01_Reference
[13:53:25] Using filename prefix: 45709_F01_Reference.XXX
[13:53:25] Setting HMMER_NCPU=1
[13:53:25] Writing log to: prokka_output/45709_F01_Reference/45709_F01_Reference.log
[13:53:25] Command: /home/intern/miniconda3/envs/prokka/bin/prokka --outdir prokka_output/45709_F01_Reference --prefix 45709_F01_Reference --genus Levilactobacillus --species brevis --kingdom Bacteria --cpus 8 FastaFiles/45709_F01_Reference.fna
[13:53:25] Looking for 'aragorn' - found /home/intern/miniconda3/envs/prokka/bin/aragorn
[13:53:25] Determined aragorn version is v1.2 from 'ARAGORN v1.2.41 Dean Laslett'
[13:53:25] Looking for 'barrnap' - found /home/intern/miniconda3/envs/prokka/bin/barrnap
[13:53:25] Determined barrnap version is v1.10 from 'barrnap 1.10.5'
[13:53:25] Looking for 'blastp' - found /home/intern/miniconda3/envs/prokka/bin/blastp
[13:53:25] Determined blastp version is v2.17 from 'blastp: 2.17.0+'
[13:53:25] Looking for 'cmpress' - found /home/intern/miniconda3/envs/prokka/bin/cmpress
[13:53:25] Determined cmpress version is v1.1 from '# INFERNAL 1.1.5 (Sep 2023)'
[13:53:25] Looking for 'cmscan' - found /home/intern/miniconda3/envs/prokka/bin/cmscan
[13:53:25] Determined cmscan version is v1.1 from '# INFERNAL 1.1.5 (Sep 2023)'
[13:53:25] Looking for 'egrep' - found /usr/bin/egrep
[13:53:25] Looking for 'find' - found /usr/bin/find
[13:53:25] Looking for 'grep' - found /usr/bin/grep
[13:53:25] Looking for 'hmmpress' - found /home/intern/miniconda3/envs/prokka/bin/hmmpress
[13:53:25] Determined hmmpress version is v3.4 from '# HMMER 3.4 (Aug 2023); http://hmmer.org/'
[13:53:25] Looking for 'hmmscan' - found /home/intern/miniconda3/envs/prokka/bin/hmmscan
[13:53:25] Determined hmmscan version is v3.4 from '# HMMER 3.4 (Aug 2023); http://hmmer.org/'
[13:53:25] Looking for 'java' - found /home/intern/miniconda3/envs/prokka/bin/java
[13:53:25] Looking for 'makeblastdb' - found /home/intern/miniconda3/envs/prokka/bin/makeblastdb
[13:53:25] Determined makeblastdb version is v2.17 from 'makeblastdb: 2.17.0+'
[13:53:25] Looking for 'minced' - found /home/intern/miniconda3/envs/prokka/bin/minced
[13:53:25] Determined minced version is v4.2 from 'minced 0.4.2'
[13:53:25] Looking for 'parallel' - found /home/intern/miniconda3/envs/prokka/bin/parallel
[13:53:25] Determined parallel version is 20260422 from 'GNU parallel 20260422'
[13:53:25] Looking for 'prodigal' - found /home/intern/miniconda3/envs/prokka/bin/prodigal
[13:53:25] Determined prodigal version is v2.6 from 'Prodigal V2.6.3: February, 2016'
[13:53:25] Looking for 'prokka-genbank_to_fasta_db' - found /home/intern/miniconda3/envs/prokka/bin/prokka-genbank_to_fasta_db
[13:53:25] Looking for 'sed' - found /usr/bin/sed
[13:53:25] Looking for 'tbl2asn' - found /home/intern/miniconda3/envs/prokka/bin/tbl2asn
[13:53:25] Determined tbl2asn version is v25.7 from 'tbl2asn 25.7   arguments:'
[13:53:25] Using genetic code table 11.
[13:53:25] Loading and checking input file: FastaFiles/45709_F01_Reference.fna
[13:53:25] Wrote 1 contigs totalling 2494328 bp.
[13:53:25] Predicting tRNAs and tmRNAs
[13:53:25] Running: aragorn -l -gc11  -w prokka_output\/45709_F01_Reference\/45709_F01_Reference\.fna
[13:53:26] 1 tRNA-Lys c[41185,41259] 35 (ctt)
[13:53:26] 2 tRNA-Lys c[41483,41558] 35 (ctt)
[13:53:26] 3 tRNA-Glu [94134,94209] 36 (ttc)
[13:53:26] 4 tRNA-Gln [94217,94288] 33 (ttg)
[13:53:26] 5 tRNA-Thr [508156,508228] 34 (ggt)
[13:53:26] 6 tRNA-Ile [627979,628055] 37 (gat)
[13:53:26] 7 tRNA-Ala [628076,628150] 35 (tgc)
[13:53:26] 8 tRNA-Asn [631427,631502] 35 (gtt)
[13:53:26] 9 tRNA-Thr [631531,631606] 35 (cgt)
[13:53:26] 10 tRNA-Tyr [634951,635035] 38 (gta)
[13:53:26] 11 tRNA-Gln [635044,635116] 33 (ttg)
[13:53:26] 12 tRNA-Leu [646223,646310] 36 (aag)
[13:53:26] 13 tRNA-Arg [750286,750360] 35 (ccg)
[13:53:26] 14 tRNA-Arg [751161,751235] 35 (ccg)
[13:53:26] 15 tmRNA c[818652,819020] 91,132 AKNNNNSYALAA**
[13:53:26] 16 tRNA-Glu c[830262,830337] 37 (ctc)
[13:53:26] 17 tRNA-Gln [830515,830589] 35 (ctg)
[13:53:26] 18 tRNA-Val [969355,969429] 35 (tac)
[13:53:26] 19 tRNA-Lys [969431,969505] 35 (ttt)
[13:53:26] 20 tRNA-Thr [969553,969627] 35 (tgt)
[13:53:26] 21 tRNA-Gly [969632,969703] 33 (gcc)
[13:53:26] 22 tRNA-Arg [969735,969810] 36 (acg)
[13:53:26] 23 tRNA-Pro [969816,969889] 35 (tgg)
[13:53:26] 24 tRNA-Met [969915,969990] 36 (cat)
[13:53:26] 25 tRNA-Met [970003,970078] 36 (cat)
[13:53:26] 26 tRNA-Ser [970111,970200] 37 (tga)
[13:53:26] 27 tRNA-Met [970210,970285] 36 (cat)
[13:53:26] 28 tRNA-Asp [970289,970365] 37 (gtc)
[13:53:26] 29 tRNA-Phe [970416,970490] 35 (gaa)
[13:53:26] 30 tRNA-Gly [970505,970575] 33 (tcc)
[13:53:26] 31 tRNA-Ile [970581,970657] 37 (gat)
[13:53:26] 32 tRNA-Ser [970660,970749] 36 (gct)
[13:53:26] 33 tRNA-Glu [970755,970829] 36 (ttc)
[13:53:26] 34 tRNA-Met [970848,970923] 36 (cat)
[13:53:26] 35 tRNA-Asp [970927,971004] 37 (gtc)
[13:53:26] 36 tRNA-Ser c[1400754,1400841] 33 (cga)
[13:53:26] 37 tRNA-Gly c[1526480,1526550] 33 (ccc)
[13:53:26] 38 tRNA-Leu c[1553234,1553319] 36 (cag)
[13:53:26] 39 tRNA-Met c[1608419,1608494] 36 (cat)
[13:53:26] 40 tRNA-Met [1621517,1621592] 36 (cat)
[13:53:26] 41 tRNA-Leu c[1624255,1624341] 36 (caa)
[13:53:26] 42 tRNA-Cys c[1624378,1624448] 33 (gca)
[13:53:26] 43 tRNA-His c[1624505,1624578] 34 (gtg)
[13:53:26] 44 tRNA-Trp c[1624591,1624663] 34 (cca)
[13:53:26] 45 tRNA-Tyr c[1624665,1624750] 38 (gta)
[13:53:26] 46 tRNA-Phe c[1624753,1624827] 35 (gaa)
[13:53:26] 47 tRNA-Asp c[1624873,1624949] 37 (gtc)
[13:53:26] 48 tRNA-Val c[1624967,1625041] 35 (tac)
[13:53:26] 49 tRNA-Glu c[1625044,1625118] 36 (ttc)
[13:53:26] 50 tRNA-Ser c[1625130,1625222] 36 (gga)
[13:53:26] 51 tRNA-Asn c[1625230,1625303] 34 (gtt)
[13:53:26] 52 tRNA-Ala c[1628581,1628655] 35 (tgc)
[13:53:26] 53 tRNA-Ile c[1628676,1628752] 37 (gat)
[13:53:26] 54 tRNA-Arg c[1668760,1668834] 36 (cct)
[13:53:26] 55 tRNA-Pro c[1795308,1795383] 36 (cgg)
[13:53:26] 56 tRNA-Pro c[1795410,1795485] 36 (tgg)
[13:53:26] 57 tRNA-Arg c[1795518,1795593] 36 (acg)
[13:53:26] 58 tRNA-Leu c[1795612,1795699] 36 (taa)
[13:53:26] 59 tRNA-Gly c[1795709,1795780] 33 (gcc)
[13:53:26] 60 tRNA-Thr c[1795806,1795880] 35 (agt)
[13:53:26] 61 tRNA-Leu c[1795916,1795999] 36 (tag)
[13:53:26] 62 tRNA-Val c[1796034,1796109] 35 (tac)
[13:53:26] 63 tRNA-Ala [1938337,1938411] 35 (cgc)
[13:53:26] 64 tRNA-Arg c[2028332,2028405] 35 (tct)
[13:53:26] 65 tRNA-Arg c[2258324,2258395] 34 (tcg)
[13:53:26] 66 tRNA-Gln c[2287318,2287391] 34 (ttg)
[13:53:26] Found 66 tRNAs
[13:53:26] Predicting Ribosomal RNAs
[13:53:26] Running Barrnap with 8 threads
[13:53:32] 1 NZ_LS483405.1 103793 16S ribosomal RNA
[13:53:32] 2 NZ_LS483405.1 105575 23S ribosomal RNA
[13:53:32] 3 NZ_LS483405.1 108563 5S ribosomal RNA
[13:53:32] 4 NZ_LS483405.1 503195 16S ribosomal RNA
[13:53:32] 5 NZ_LS483405.1 504977 23S ribosomal RNA
[13:53:32] 6 NZ_LS483405.1 507965 5S ribosomal RNA
[13:53:32] 7 NZ_LS483405.1 626333 16S ribosomal RNA
[13:53:32] 8 NZ_LS483405.1 628317 23S ribosomal RNA
[13:53:32] 9 NZ_LS483405.1 631305 5S ribosomal RNA
[13:53:32] 10 NZ_LS483405.1 964462 16S ribosomal RNA
[13:53:32] 11 NZ_LS483405.1 966244 23S ribosomal RNA
[13:53:32] 12 NZ_LS483405.1 969232 5S ribosomal RNA
[13:53:32] 13 NZ_LS483405.1 1625310 5S ribosomal RNA
[13:53:32] 14 NZ_LS483405.1 1625496 23S ribosomal RNA
[13:53:32] 15 NZ_LS483405.1 1628833 16S ribosomal RNA
[13:53:32] Found 15 rRNAs
[13:53:32] Skipping ncRNA search, enable with --rfam if desired.
[13:53:32] Total of 80 tRNA + rRNA features
[13:53:32] Searching for CRISPR repeats
[13:53:33] Found 0 CRISPRs
[13:53:33] Predicting coding sequences
[13:53:33] Contigs total 2494328 bp, so using single mode
[13:53:33] Running: prodigal -i prokka_output\/45709_F01_Reference\/45709_F01_Reference\.fna -c -m -g 11 -p single -f sco -q
[13:53:38] Found 2423 CDS
[13:53:38] Connecting features back to sequences
[13:53:38] Not using genus-specific database. Try --usegenus to enable it.
[13:53:38] Annotating CDS, please be patient.
[13:53:38] Will use 8 CPUs for similarity searching.
[13:53:38] There are still 2423 unannotated CDS left (started with 2423)
[13:53:38] Will use blast to search against /home/intern/miniconda3/envs/prokka/db/kingdom/Bacteria/IS with 8 CPUs
[13:53:38] Running: cat prokka_output\/45709_F01_Reference\/45709_F01_Reference\.IS\.tmp\.110210\.faa | parallel --gnu --plain -j 8 --block 45761 --recstart '>' --pipe blastp -query - -db /home/intern/miniconda3/envs/prokka/db/kingdom/Bacteria/IS -evalue 1e-30 -qcov_hsp_perc 90 -num_threads 1 -num_descriptions 1 -num_alignments 1 -seg no > prokka_output\/45709_F01_Reference\/45709_F01_Reference\.IS\.tmp\.110210\.blast 2> /dev/null
[13:53:47] Deleting unwanted file: prokka_output/45709_F01_Reference/45709_F01_Reference.IS.tmp.110210.faa
[13:53:47] Deleting unwanted file: prokka_output/45709_F01_Reference/45709_F01_Reference.IS.tmp.110210.blast
[13:53:47] There are still 2423 unannotated CDS left (started with 2423)
[13:53:47] Will use blast to search against /home/intern/miniconda3/envs/prokka/db/kingdom/Bacteria/AMR with 8 CPUs
[13:53:47] Running: cat prokka_output\/45709_F01_Reference\/45709_F01_Reference\.AMR\.tmp\.110210\.faa | parallel --gnu --plain -j 8 --block 45761 --recstart '>' --pipe blastp -query - -db /home/intern/miniconda3/envs/prokka/db/kingdom/Bacteria/AMR -evalue 1e-300 -qcov_hsp_perc 90 -num_threads 1 -num_descriptions 1 -num_alignments 1 -seg no > prokka_output\/45709_F01_Reference\/45709_F01_Reference\.AMR\.tmp\.110210\.blast 2> /dev/null
[13:54:02] Deleting unwanted file: prokka_output/45709_F01_Reference/45709_F01_Reference.AMR.tmp.110210.faa
[13:54:02] Deleting unwanted file: prokka_output/45709_F01_Reference/45709_F01_Reference.AMR.tmp.110210.blast
[13:54:02] There are still 2416 unannotated CDS left (started with 2423)
[13:54:02] Will use blast to search against /home/intern/miniconda3/envs/prokka/db/kingdom/Bacteria/sprot with 8 CPUs
[13:54:02] Running: cat prokka_output\/45709_F01_Reference\/45709_F01_Reference\.sprot\.tmp\.110210\.faa | parallel --gnu --plain -j 8 --block 45360 --recstart '>' --pipe blastp -query - -db /home/intern/miniconda3/envs/prokka/db/kingdom/Bacteria/sprot -evalue 1e-09 -qcov_hsp_perc 80 -num_threads 1 -num_descriptions 1 -num_alignments 1 -seg no > prokka_output\/45709_F01_Reference\/45709_F01_Reference\.sprot\.tmp\.110210\.blast 2> /dev/null
[13:54:44] Modify product: Multidrug efflux system ATP-binding protein Rv1218c => Multidrug efflux system ATP-binding protein
[13:54:44] Modify product: Uncharacterized protein YedJ => putative protein YedJ
[13:54:44] Modify product: Glucuronide carrier protein homolog => Glucuronide carrier protein 
[13:54:44] Modify product: Probable HTH-type transcriptional repressor ExuR => putative HTH-type transcriptional repressor ExuR
[13:54:44] Modify product: Uncharacterized symporter YjmB => putative symporter YjmB
[13:54:44] Modify product: Probable transport protein HsrA => putative transport protein HsrA
[13:54:44] Modify product: Putative universal stress protein SA1532 => Putative universal stress protein
[13:54:44] Modify product: Putative universal stress protein SA1532 => Putative universal stress protein
[13:54:44] Modify product: Probable succinyl-diaminopimelate desuccinylase => putative succinyl-diaminopimelate desuccinylase
[13:54:44] Modify product: Aldo-keto reductase MSMEG_2408/MSMEI_2347 => Aldo-keto reductase/MSMEI_2347
[13:54:44] Modify product: Putative universal stress protein SA1532 => Putative universal stress protein
[13:54:44] Modify product: Putative glutamine amidotransferase Rv2859c => Putative glutamine amidotransferase
[13:54:44] Modify product: Probable tRNA-dihydrouridine synthase => putative tRNA-dihydrouridine synthase
[13:54:44] Modify product: Probable succinyl-diaminopimelate desuccinylase => putative succinyl-diaminopimelate desuccinylase
[13:54:44] Modify product: Probable ergothioneine transporter EgtUBC => putative ergothioneine transporter EgtUBC
[13:54:44] Modify product: Probable cation-transporting ATPase F => putative cation-transporting ATPase F
[13:54:44] Modify product: Probable heme-iron transport system permease protein IsdF => putative heme-iron transport system permease protein IsdF
[13:54:44] Modify product: Probable glucose uptake protein GlcU => putative glucose uptake protein GlcU
[13:54:44] Modify product: Potassium channel HX13_20290 => Potassium channel
[13:54:44] Modify product: Probable cyclic di-GMP phosphodiesterase PdeG => putative cyclic di-GMP phosphodiesterase PdeG
[13:54:44] Modify product: Uncharacterized ABC transporter ATP-binding protein Rv1273c => putative ABC transporter ATP-binding protein
[13:54:44] Modify product: Putative universal stress protein SA1532 => Putative universal stress protein
[13:54:44] Modify product: Uncharacterized protein YueI => putative protein YueI
[13:54:44] Modify product: Probable tRNA sulfurtransferase => putative tRNA sulfurtransferase
[13:54:44] Modify product: Probable bifunctional oligoribonuclease and PAP phosphatase NrnA => putative bifunctional oligoribonuclease and PAP phosphatase NrnA
[13:54:44] Modify product: UPF0297 protein EF_1202 => hypothetical protein
[13:54:44] Modify product: UPF0473 protein SP_0194 => hypothetical protein
[13:54:44] Modify product: Uncharacterized MscS family protein YkuT => putative MscS family protein YkuT
[13:54:44] Modify product: Probable transcriptional regulatory protein YebC => putative transcriptional regulatory protein YebC
[13:54:44] Modify product: UPF0702 transmembrane protein YetF => hypothetical protein
[13:54:44] Modify product: Fluoroquinolones export ATP-binding protein Rv2688c => Fluoroquinolones export ATP-binding protein
[13:54:44] Modify product: Uncharacterized beta-barrel protein YwiB => putative beta-barrel protein YwiB
[13:54:44] Modify product: Probable DNA-directed RNA polymerase subunit delta => putative DNA-directed RNA polymerase subunit delta
[13:54:44] Modify product: Protease HtpX homolog => Protease HtpX 
[13:54:44] Modify product: Uncharacterized oxidoreductase YtbE => putative oxidoreductase YtbE
[13:54:44] Modify product: Uncharacterized HTH-type transcriptional regulator HI_0186 => putative HTH-type transcriptional regulator
[13:54:44] Modify product: Uncharacterized protein YpjQ => putative protein YpjQ
[13:54:44] Modify product: Uncharacterized protein Rv1339 => putative protein
[13:54:44] Modify product: Probable cyclic di-GMP phosphodiesterase PdeK => putative cyclic di-GMP phosphodiesterase PdeK
[13:54:44] Modify product: Putative dipeptidase SACOL1801 => Putative dipeptidase
[13:54:44] Modify product: Putative universal stress protein SA1532 => Putative universal stress protein
[13:54:44] Modify product: Uncharacterized protein YqeH => putative protein YqeH
[13:54:44] Modify product: RNA-binding protein HI_1333 => RNA-binding protein
[13:54:44] Modify product: Uncharacterized protein YqgN => putative protein YqgN
[13:54:44] Modify product: Uncharacterized protein YibN => putative protein YibN
[13:54:44] Modify product: Uncharacterized protein Spy1535 => putative protein
[13:54:44] Modify product: Bifunctional protein FolD => Bifunctional protein FolD protein
[13:54:44] Modify product: Uncharacterized protein Spy1614 => putative protein
[13:54:44] Modify product: Uncharacterized protein SA1069 => putative protein
[13:54:44] Modify product: UPF0122 protein SPy_1201/M5005_Spy0916 => hypothetical protein
[13:54:44] Modify product: Uncharacterized HTH-type transcriptional regulator HI_0186 => putative HTH-type transcriptional regulator
[13:54:44] Modify product: Uncharacterized HTH-type transcriptional regulator SACOL2360 => putative HTH-type transcriptional regulator
[13:54:44] Modify product: Uncharacterized protease YdeA => putative protease YdeA
[13:54:44] Modify product: Probable tautomerase SA1195.1 => putative tautomerase.1
[13:54:44] Modify product: Probable multidrug ABC transporter ATP-binding protein YbhF => putative multidrug ABC transporter ATP-binding protein YbhF
[13:54:44] Modify product: Uncharacterized transporter YycB => putative transporter YycB
[13:54:44] Modify product: Uncharacterized HTH-type transcriptional regulator HI_0186 => putative HTH-type transcriptional regulator
[13:54:44] Modify product: Aldo-keto reductase MSMEG_2408/MSMEI_2347 => Aldo-keto reductase/MSMEI_2347
[13:54:44] Modify product: Probable succinyl-diaminopimelate desuccinylase => putative succinyl-diaminopimelate desuccinylase
[13:54:44] Modify product: UPF0398 protein YpsA => hypothetical protein
[13:54:44] Modify product: Rqc2 homolog RqcH => Rqc2 RqcH
[13:54:44] Modify product: Uncharacterized oxidoreductase SA2266 => putative oxidoreductase
[13:54:44] Modify product: Uncharacterized oxidoreductase SA2266 => putative oxidoreductase
[13:54:44] Modify product: Uncharacterized hydrolase SAUSA300_2518 => putative hydrolase
[13:54:44] Modify product: Probable cyclic di-GMP phosphodiesterase PdeK => putative cyclic di-GMP phosphodiesterase PdeK
[13:54:44] Modify product: Uncharacterized PIN and TRAM-domain containing protein YacL => putative PIN and TRAM-domain containing protein YacL
[13:54:44] Modify product: Nucleoid-associated protein SA0437 => Nucleoid-associated protein
[13:54:44] Modify product: Uncharacterized transporter YycB => putative transporter YycB
[13:54:44] Modify product: Probable ATP-binding protein YheS => putative ATP-binding protein YheS
[13:54:44] Modify product: Probable undecaprenyl-phosphate N-acetylglucosaminyl 1-phosphate transferase => putative undecaprenyl-phosphate N-acetylglucosaminyl 1-phosphate transferase
[13:54:44] Modify product: Phosphate-specific transport system accessory protein PhoU homolog => Phosphate-specific transport system accessory protein PhoU 
[13:54:44] Modify product: Probable cell division protein WhiA => putative cell division protein WhiA
[13:54:44] Modify product: Uncharacterized HTH-type transcriptional regulator SACOL2360 => putative HTH-type transcriptional regulator
[13:54:44] Modify product: Probable protein-export membrane protein SecG => putative protein-export membrane protein SecG
[13:54:44] Modify product: Probable cadmium-transporting ATPase => putative cadmium-transporting ATPase
[13:54:44] Modify product: Uncharacterized inner membrane transporter YicL => putative inner membrane transporter YicL
[13:54:44] Modify product: Uncharacterized oxidoreductase YtbE => putative oxidoreductase YtbE
[13:54:44] Modify product: Probable copper-transporting ATPase PacS => putative copper-transporting ATPase PacS
[13:54:44] Modify product: Uncharacterized glycosyltransferase YkoT => putative glycosyltransferase YkoT
[13:54:44] Modify product: Uncharacterized ABC transporter ATP-binding protein Rv0986 => putative ABC transporter ATP-binding protein
[13:54:44] Modify product: Uncharacterized sugar epimerase YhfK => putative sugar epimerase YhfK
[13:54:44] Modify product: Probable carboxylic ester hydrolase LipM => putative carboxylic ester hydrolase LipM
[13:54:44] Modify product: Uncharacterized HTH-type transcriptional regulator YtcD => putative HTH-type transcriptional regulator YtcD
[13:54:44] Modify product: UPF0324 inner membrane protein YeiH => hypothetical protein
[13:54:44] Modify product: Probable ATP-binding protein YbiT => putative ATP-binding protein YbiT
[13:54:44] Modify product: Uncharacterized protein Rv2915c => putative protein
[13:54:44] Modify product: Uncharacterized protein Rv2915c => putative protein
[13:54:44] Modify product: Cell wall protein Lmo0130 => Cell wall protein
[13:54:44] Modify product: Uncharacterized MFS-type transporter EfpA => putative MFS-type transporter EfpA
[13:54:44] Modify product: Uncharacterized protein Rv1488 => putative protein
[13:54:44] Modify product: Uncharacterized sugar epimerase YhfK => putative sugar epimerase YhfK
[13:54:44] Modify product: UPF0053 protein Rv1842c => hypothetical protein
[13:54:44] Modify product: Multidrug efflux system permease protein Rv1217c => Multidrug efflux system permease protein
[13:54:44] Modify product: Putative 2-hydroxyacid dehydrogenase SA2098 => Putative 2-hydroxyacid dehydrogenase
[13:54:44] Modify product: UPF0145 protein BC_1012 => hypothetical protein
[13:54:44] Modify product: Uncharacterized protein YkuJ => putative protein YkuJ
[13:54:44] Modify product: Uncharacterized glycosyltransferase sll0501 => putative glycosyltransferase
[13:54:44] Modify product: Putative universal stress protein SA1532 => Putative universal stress protein
[13:54:44] Modify product: Probable ATP-dependent RNA helicase YfmL => putative ATP-dependent RNA helicase YfmL
[13:54:44] Modify product: Probable manganese-dependent inorganic pyrophosphatase => putative manganese-dependent inorganic pyrophosphatase
[13:54:44] Modify product: UPF0346 protein SP_0947 => hypothetical protein
[13:54:44] Modify product: DegV domain-containing protein SP_1112 => DegV domain-containing protein
[13:54:44] Modify product: UPF0073 inner membrane protein YqfA => hypothetical protein
[13:54:44] Modify product: Probable ATP-dependent DNA helicase RecS => putative ATP-dependent DNA helicase RecS
[13:54:44] Modify product: GTP cyclohydrolase 1 type 2 homolog => GTP cyclohydrolase 1 type 2 
[13:54:44] Modify product: Uncharacterized protein YqeY => putative protein YqeY
[13:54:44] Modify product: Uncharacterized HTH-type transcriptional regulator YybR => putative HTH-type transcriptional regulator YybR
[13:54:44] Modify product: Zinc-type alcohol dehydrogenase-like protein SA1988 => Zinc-type alcohol dehydrogenase-like protein
[13:54:44] Modify product: Probable endonuclease 4 => putative endonuclease 4
[13:54:44] Modify product: Probable cell wall amidase LytH => putative cell wall amidase LytH
[13:54:44] Modify product: Probable ketoamine kinase lp_1983 => putative ketoamine kinase
[13:54:44] Modify product: UPF0213 protein EF_2693 => hypothetical protein
[13:54:44] Modify product: Probable multidrug resistance ABC transporter ATP-binding/permease protein YheH => putative multidrug resistance ABC transporter ATP-binding/permease protein YheH
[13:54:44] Modify product: Probable multidrug resistance ABC transporter ATP-binding/permease protein YheI => putative multidrug resistance ABC transporter ATP-binding/permease protein YheI
[13:54:44] Modify product: Probable multidrug resistance ABC transporter ATP-binding/permease protein YheI => putative multidrug resistance ABC transporter ATP-binding/permease protein YheI
[13:54:44] Modify product: UPF0154 protein SA1178 => hypothetical protein
[13:54:44] Modify product: UPF0291 protein SP_1473 => hypothetical protein
[13:54:44] Modify product: Putative universal stress protein SA1532 => Putative universal stress protein
[13:54:44] Modify product: Probable GTP-binding protein EngB => putative GTP-binding protein EngB
[13:54:44] Modify product: Uncharacterized protein YlbL => putative protein YlbL
[13:54:44] Modify product: Probable peptidoglycan glycosyltransferase FtsW => putative peptidoglycan glycosyltransferase FtsW
[13:54:44] Modify product: UPF0223 protein BH2638 => hypothetical protein
[13:54:44] Modify product: Uncharacterized protein YpuA => putative protein YpuA
[13:54:44] Modify product: Probable ABC transporter extracellular-binding protein YckB => putative ABC transporter extracellular-binding protein YckB
[13:54:45] Modify product: Putative transport protein Rv0205 => Putative transport protein
[13:54:45] Modify product: UPF0342 protein SA1663 => hypothetical protein
[13:54:45] Modify product: Uncharacterized protein YyaP => putative protein YyaP
[13:54:45] Modify product: Uncharacterized HTH-type transcriptional regulator YtcD => putative HTH-type transcriptional regulator YtcD
[13:54:45] Modify product: Probable transporter SCO4007 => putative transporter
[13:54:45] Modify product: Putative 2-hydroxyacid dehydrogenase SA2098 => Putative 2-hydroxyacid dehydrogenase
[13:54:45] Modify product: Uncharacterized sugar kinase YdjH => putative sugar kinase YdjH
[13:54:45] Modify product: Probable fructoselysine utilization operon transcriptional repressor => putative fructoselysine utilization operon transcriptional repressor
[13:54:45] Modify product: Uncharacterized protein YhaZ => putative protein YhaZ
[13:54:45] Modify product: Probable succinyl-diaminopimelate desuccinylase => putative succinyl-diaminopimelate desuccinylase
[13:54:45] Modify product: Probable phosphatase IndB => putative phosphatase IndB
[13:54:45] Modify product: Uncharacterized inner membrane transporter YicL => putative inner membrane transporter YicL
[13:54:45] Modify product: Uncharacterized HTH-type transcriptional regulator Rv0681 => putative HTH-type transcriptional regulator
[13:54:45] Modify product: Probable ethanolamine permease EutH => putative ethanolamine permease EutH
[13:54:45] Modify product: Uncharacterized oxidoreductase SA2266 => putative oxidoreductase
[13:54:45] Modify product: Putative dipeptidase SACOL1801 => Putative dipeptidase
[13:54:45] Modify product: Uncharacterized HTH-type transcriptional regulator HI_0186 => putative HTH-type transcriptional regulator
[13:54:45] Modify product: Uncharacterized N-acetyltransferase YafP => putative N-acetyltransferase YafP
[13:54:45] Modify product: Probable iron export permease protein FetB => putative iron export permease protein FetB
[13:54:45] Modify product: Probable iron export ATP-binding protein FetA => putative iron export ATP-binding protein FetA
[13:54:45] Modify product: UPF0340 protein SAOUHSC_02355 => hypothetical protein
[13:54:45] Modify product: Uncharacterized HTH-type transcriptional regulator YybR => putative HTH-type transcriptional regulator YybR
[13:54:45] Modify product: Probable guanidinium efflux system subunit GdnD => putative guanidinium efflux system subunit GdnD
[13:54:45] Modify product: Zinc-type alcohol dehydrogenase-like protein SA1988 => Zinc-type alcohol dehydrogenase-like protein
[13:54:45] Modify product: Uncharacterized HTH-type transcriptional regulator HI_0186 => putative HTH-type transcriptional regulator
[13:54:45] Modify product: Uncharacterized RNA methyltransferase SP_1029 => putative RNA methyltransferase
[13:54:45] Modify product: Uncharacterized lipoprotein YerH => putative lipoprotein YerH
[13:54:45] Modify product: Probable capsular polysaccharide biosynthesis protein YwqC => putative capsular polysaccharide biosynthesis protein YwqC
[13:54:45] Modify product: Probable glutamine ABC transporter permease protein GlnP => putative glutamine ABC transporter permease protein GlnP
[13:54:45] Modify product: Probable glutamine ABC transporter permease protein GlnM => putative glutamine ABC transporter permease protein GlnM
[13:54:45] Modify product: Virulence protein STM3117 => Virulence protein
[13:54:45] Modify product: Uncharacterized oxidoreductase YkwC => putative oxidoreductase YkwC
[13:54:45] Modify product: Acetyltransferase SACOL1063 => Acetyltransferase
[13:54:45] Modify product: Multidrug efflux system ATP-binding protein Rv1218c => Multidrug efflux system ATP-binding protein
[13:54:45] Modify product: Uncharacterized protein YhaP => putative protein YhaP
[13:54:45] Modify product: Probable threonine/serine exporter => putative threonine/serine exporter
[13:54:45] Modify product: DegV domain-containing protein MW1315 => DegV domain-containing protein
[13:54:45] Modify product: Aldo-keto reductase MSMEG_2408/MSMEI_2347 => Aldo-keto reductase/MSMEI_2347
[13:54:45] Modify product: Putative universal stress protein SA1532 => Putative universal stress protein
[13:54:45] Modify product: Uncharacterized MFS-type transporter YhjX => putative MFS-type transporter YhjX
[13:54:45] Cleaned 164 /product names
[13:54:45] Deleting unwanted file: prokka_output/45709_F01_Reference/45709_F01_Reference.sprot.tmp.110210.faa
[13:54:45] Deleting unwanted file: prokka_output/45709_F01_Reference/45709_F01_Reference.sprot.tmp.110210.blast
[13:54:45] There are still 1052 unannotated CDS left (started with 2423)
[13:54:45] Will use hmmer3 to search against /home/intern/miniconda3/envs/prokka/db/hmm/HAMAP.hmm with 8 CPUs
[13:54:45] Running: cat prokka_output\/45709_F01_Reference\/45709_F01_Reference\.HAMAP\.hmm\.tmp\.110210\.faa | parallel --gnu --plain -j 8 --block 16168 --recstart '>' --pipe hmmscan --noali --notextw --acc -E 1e-09 --cpu 1 /home/intern/miniconda3/envs/prokka/db/hmm/HAMAP.hmm /dev/stdin > prokka_output\/45709_F01_Reference\/45709_F01_Reference\.HAMAP\.hmm\.tmp\.110210\.hmmer3 2> /dev/null
[13:54:58] Modify product: Protein SprT-like => Protein SprT-like protein
[13:54:58] Cleaned 1 /product names
[13:54:58] Deleting unwanted file: prokka_output/45709_F01_Reference/45709_F01_Reference.HAMAP.hmm.tmp.110210.faa
[13:54:58] Deleting unwanted file: prokka_output/45709_F01_Reference/45709_F01_Reference.HAMAP.hmm.tmp.110210.hmmer3
[13:54:58] Labelling remaining 943 proteins as 'hypothetical protein'
[13:54:59] Possible /pseudo 'Gamma-resorcylate decarboxylase' at NZ_LS483405.1 position 114427
[13:54:59] Possible /pseudo 'Phosphate import ATP-binding protein PstB 3' at NZ_LS483405.1 position 730883
[13:54:59] Possible /pseudo 'Alanine dehydrogenase' at NZ_LS483405.1 position 991322
[13:54:59] Possible /pseudo 'putative protein' at NZ_LS483405.1 position 1083927
[13:54:59] Possible /pseudo 'GTP pyrophosphokinase' at NZ_LS483405.1 position 1342313
[13:54:59] Possible /pseudo 'putative multidrug resistance ABC transporter ATP-binding/permease protein YheI' at NZ_LS483405.1 position 1391372
[13:54:59] Possible /pseudo 'UDP-N-acetylglucosamine--peptide N-acetylglucosaminyltransferase GtfA subunit' at NZ_LS483405.1 position 1499004
[13:54:59] Possible /pseudo 'Alkaline shock protein 23' at NZ_LS483405.1 position 1572235
[13:54:59] Possible /pseudo 'Corrinoid adenosyltransferase PduO' at NZ_LS483405.1 position 1694995
[13:54:59] Possible /pseudo 'Dipeptide-binding protein' at NZ_LS483405.1 position 1863321
[13:54:59] Possible /pseudo 'Purine efflux pump PbuE' at NZ_LS483405.1 position 2067909
[13:54:59] Possible /pseudo 'Alkaline shock protein 23' at NZ_LS483405.1 position 2118300
[13:54:59] Found 1103 unique /gene codes.
[13:54:59] Fixed 2 duplicate /gene - nhaC_1 nhaC_2
[13:54:59] Fixed 3 duplicate /gene - menH_1 menH_2 menH_3
[13:54:59] Fixed 2 duplicate /gene - pnuC_1 pnuC_2
[13:54:59] Fixed 2 duplicate /gene - bglK_1 bglK_2
[13:54:59] Fixed 3 duplicate /gene - ribZ_1 ribZ_2 ribZ_3
[13:54:59] Fixed 2 duplicate /gene - malL_1 malL_2
[13:54:59] Fixed 2 duplicate /gene - galK_1 galK_2
[13:54:59] Fixed 2 duplicate /gene - lplJ_1 lplJ_2
[13:54:59] Fixed 4 duplicate /gene - smc_1 smc_2 smc_3 smc_4
[13:54:59] Fixed 2 duplicate /gene - rimI_1 rimI_2
[13:54:59] Fixed 2 duplicate /gene - dinB_1 dinB_2
[13:54:59] Fixed 2 duplicate /gene - yybR_1 yybR_2
[13:54:59] Fixed 2 duplicate /gene - ytbE_1 ytbE_2
[13:54:59] Fixed 2 duplicate /gene - yvgN_1 yvgN_2
[13:54:59] Fixed 3 duplicate /gene - pbuE_1 pbuE_2 pbuE_3
[13:54:59] Fixed 2 duplicate /gene - nagC_1 nagC_2
[13:54:59] Fixed 2 duplicate /gene - yheI_1 yheI_2
[13:54:59] Fixed 3 duplicate /gene - rihC_1 rihC_2 rihC_3
[13:54:59] Fixed 2 duplicate /gene - gltX_1 gltX_2
[13:54:59] Fixed 3 duplicate /gene - kdgK_1 kdgK_2 kdgK_3
[13:54:59] Fixed 2 duplicate /gene - steT_1 steT_2
[13:54:59] Fixed 3 duplicate /gene - xerC_1 xerC_2 xerC_3
[13:54:59] Fixed 2 duplicate /gene - menA_1 menA_2
[13:54:59] Fixed 2 duplicate /gene - helD_1 helD_2
[13:54:59] Fixed 2 duplicate /gene - pduO_1 pduO_2
[13:54:59] Fixed 2 duplicate /gene - kduD_1 kduD_2
[13:54:59] Fixed 2 duplicate /gene - arcA_1 arcA_2
[13:54:59] Fixed 2 duplicate /gene - czrA_1 czrA_2
[13:54:59] Fixed 2 duplicate /gene - rnhA_1 rnhA_2
[13:54:59] Fixed 2 duplicate /gene - rny_1 rny_2
[13:54:59] Fixed 7 duplicate /gene - gpmA_1 gpmA_2 gpmA_3 gpmA_4 gpmA_5 gpmA_6 gpmA_7
[13:54:59] Fixed 2 duplicate /gene - pduN_1 pduN_2
[13:54:59] Fixed 3 duplicate /gene - xylT_1 xylT_2 xylT_3
[13:54:59] Fixed 2 duplicate /gene - cycA_1 cycA_2
[13:54:59] Fixed 2 duplicate /gene - glpK_1 glpK_2
[13:54:59] Fixed 4 duplicate /gene - nhaK_1 nhaK_2 nhaK_3 nhaK_4
[13:54:59] Fixed 2 duplicate /gene - adhA_1 adhA_2
[13:54:59] Fixed 2 duplicate /gene - lacX_1 lacX_2
[13:54:59] Fixed 2 duplicate /gene - spsB_1 spsB_2
[13:54:59] Fixed 2 duplicate /gene - ygaZ_1 ygaZ_2
[13:54:59] Fixed 2 duplicate /gene - bglB_1 bglB_2
[13:54:59] Fixed 2 duplicate /gene - scpA_1 scpA_2
[13:54:59] Fixed 2 duplicate /gene - assT_1 assT_2
[13:54:59] Fixed 2 duplicate /gene - napA_1 napA_2
[13:54:59] Fixed 2 duplicate /gene - rarA_1 rarA_2
[13:54:59] Fixed 2 duplicate /gene - deoR_1 deoR_2
[13:54:59] Fixed 2 duplicate /gene - relA_1 relA_2
[13:54:59] Fixed 2 duplicate /gene - dacA_1 dacA_2
[13:54:59] Fixed 2 duplicate /gene - gmk_1 gmk_2
[13:54:59] Fixed 2 duplicate /gene - iscS_1 iscS_2
[13:54:59] Fixed 2 duplicate /gene - pduV_1 pduV_2
[13:54:59] Fixed 2 duplicate /gene - cdaR_1 cdaR_2
[13:54:59] Fixed 2 duplicate /gene - argR_1 argR_2
[13:54:59] Fixed 3 duplicate /gene - spx_1 spx_2 spx_3
[13:54:59] Fixed 2 duplicate /gene - adhE_1 adhE_2
[13:54:59] Fixed 2 duplicate /gene - yjeM_1 yjeM_2
[13:54:59] Fixed 2 duplicate /gene - gpr_1 gpr_2
[13:54:59] Fixed 2 duplicate /gene - araD_1 araD_2
[13:54:59] Fixed 2 duplicate /gene - guaA_1 guaA_2
[13:54:59] Fixed 2 duplicate /gene - btuD_1 btuD_2
[13:54:59] Fixed 2 duplicate /gene - smoB_1 smoB_2
[13:54:59] Fixed 3 duplicate /gene - ackA_1 ackA_2 ackA_3
[13:54:59] Fixed 2 duplicate /gene - brnQ_1 brnQ_2
[13:54:59] Fixed 3 duplicate /gene - uvrA_1 uvrA_2 uvrA_3
[13:54:59] Fixed 3 duplicate /gene - emrB_1 emrB_2 emrB_3
[13:54:59] Fixed 2 duplicate /gene - ltaS1_1 ltaS1_2
[13:54:59] Fixed 3 duplicate /gene - ard_1 ard_2 ard_3
[13:54:59] Fixed 6 duplicate /gene - rhaR_1 rhaR_2 rhaR_3 rhaR_4 rhaR_5 rhaR_6
[13:54:59] Fixed 3 duplicate /gene - bcaP_1 bcaP_2 bcaP_3
[13:54:59] Fixed 2 duplicate /gene - tyrS_1 tyrS_2
[13:54:59] Fixed 3 duplicate /gene - ccpA_1 ccpA_2 ccpA_3
[13:54:59] Fixed 5 duplicate /gene - adh_1 adh_2 adh_3 adh_4 adh_5
[13:54:59] Fixed 2 duplicate /gene - yicL_1 yicL_2
[13:54:59] Fixed 3 duplicate /gene - murJ_1 murJ_2 murJ_3
[13:54:59] Fixed 2 duplicate /gene - oppF_1 oppF_2
[13:54:59] Fixed 2 duplicate /gene - pdhD_1 pdhD_2
[13:54:59] Fixed 2 duplicate /gene - mepA_1 mepA_2
[13:54:59] Fixed 2 duplicate /gene - pduQ_1 pduQ_2
[13:54:59] Fixed 3 duplicate /gene - rhaS_1 rhaS_2 rhaS_3
[13:54:59] Fixed 2 duplicate /gene - ecfT_1 ecfT_2
[13:54:59] Fixed 2 duplicate /gene - yvqK_1 yvqK_2
[13:54:59] Fixed 2 duplicate /gene - yfeW_1 yfeW_2
[13:54:59] Fixed 4 duplicate /gene - tagU_1 tagU_2 tagU_3 tagU_4
[13:54:59] Fixed 2 duplicate /gene - thrB_1 thrB_2
[13:54:59] Fixed 2 duplicate /gene - abfA_1 abfA_2
[13:54:59] Fixed 2 duplicate /gene - prsA_1 prsA_2
[13:54:59] Fixed 2 duplicate /gene - tkt_1 tkt_2
[13:54:59] Fixed 10 duplicate /gene - dppA_1 dppA_2 dppA_3 dppA_4 dppA_5 dppA_6 dppA_7 dppA_8 dppA_9 dppA_10
[13:54:59] Fixed 2 duplicate /gene - rihA_1 rihA_2
[13:54:59] Fixed 2 duplicate /gene - yhfK_1 yhfK_2
[13:54:59] Fixed 2 duplicate /gene - tadA_1 tadA_2
[13:54:59] Fixed 5 duplicate /gene - pepDA_1 pepDA_2 pepDA_3 pepDA_4 pepDA_5
[13:54:59] Fixed 2 duplicate /gene - gadB_1 gadB_2
[13:54:59] Fixed 3 duplicate /gene - ptpB_1 ptpB_2 ptpB_3
[13:54:59] Fixed 2 duplicate /gene - gtfA_1 gtfA_2
[13:54:59] Fixed 2 duplicate /gene - ytcD_1 ytcD_2
[13:54:59] Fixed 2 duplicate /gene - rmlB_1 rmlB_2
[13:54:59] Fixed 2 duplicate /gene - trxA_1 trxA_2
[13:54:59] Fixed 2 duplicate /gene - gabD1_1 gabD1_2
[13:54:59] Fixed 2 duplicate /gene - dinG_1 dinG_2
[13:54:59] Fixed 4 duplicate /gene - stp_1 stp_2 stp_3 stp_4
[13:54:59] Fixed 2 duplicate /gene - iolS_1 iolS_2
[13:54:59] Fixed 2 duplicate /gene - msrA_1 msrA_2
[13:54:59] Fixed 3 duplicate /gene - ywnA_1 ywnA_2 ywnA_3
[13:54:59] Fixed 3 duplicate /gene - yxeI_1 yxeI_2 yxeI_3
[13:54:59] Fixed 3 duplicate /gene - rluD_1 rluD_2 rluD_3
[13:54:59] Fixed 3 duplicate /gene - mntH_1 mntH_2 mntH_3
[13:54:59] Fixed 2 duplicate /gene - mshD_1 mshD_2
[13:54:59] Fixed 2 duplicate /gene - fucP_1 fucP_2
[13:54:59] Fixed 2 duplicate /gene - fabZ_1 fabZ_2
[13:54:59] Fixed 2 duplicate /gene - vmlR_1 vmlR_2
[13:54:59] Fixed 3 duplicate /gene - hdfR_1 hdfR_2 hdfR_3
[13:54:59] Fixed 2 duplicate /gene - def_1 def_2
[13:54:59] Fixed 2 duplicate /gene - pduL_1 pduL_2
[13:54:59] Fixed 2 duplicate /gene - ettA_1 ettA_2
[13:54:59] Fixed 6 duplicate /gene - xylB_1 xylB_2 xylB_3 xylB_4 xylB_5 xylB_6
[13:54:59] Fixed 2 duplicate /gene - map_1 map_2
[13:54:59] Fixed 2 duplicate /gene - arcC1_1 arcC1_2
[13:54:59] Fixed 2 duplicate /gene - cfa_1 cfa_2
[13:54:59] Fixed 2 duplicate /gene - qorB_1 qorB_2
[13:54:59] Fixed 2 duplicate /gene - arlR_1 arlR_2
[13:54:59] Fixed 2 duplicate /gene - nth_1 nth_2
[13:54:59] Fixed 2 duplicate /gene - gntT_1 gntT_2
[13:54:59] Fixed 2 duplicate /gene - yycB_1 yycB_2
[13:54:59] Fixed 2 duplicate /gene - gpsB_1 gpsB_2
[13:54:59] Fixed 3 duplicate /gene - yidA_1 yidA_2 yidA_3
[13:54:59] Fixed 2 duplicate /gene - kduI1_1 kduI1_2
[13:54:59] Fixed 2 duplicate /gene - ald_1 ald_2
[13:54:59] Fixed 5 duplicate /gene - maa_1 maa_2 maa_3 maa_4 maa_5
[13:54:59] Fixed 2 duplicate /gene - dagK_1 dagK_2
[13:54:59] Fixed 2 duplicate /gene - ytrB_1 ytrB_2
[13:54:59] Fixed 2 duplicate /gene - arcD1_1 arcD1_2
[13:54:59] Fixed 2 duplicate /gene - rodA_1 rodA_2
[13:54:59] Fixed 4 duplicate /gene - kdsr_1 kdsr_2 kdsr_3 kdsr_4
[13:54:59] Fixed 2 duplicate /gene - ywqN_1 ywqN_2
[13:54:59] Fixed 3 duplicate /gene - glnQ_1 glnQ_2 glnQ_3
[13:54:59] Fixed 4 duplicate /gene - dapE_1 dapE_2 dapE_3 dapE_4
[13:54:59] Fixed 2 duplicate /gene - thiD_1 thiD_2
[13:54:59] Fixed 2 duplicate /gene - nagR_1 nagR_2
[13:54:59] Fixed 2 duplicate /gene - uxaC_1 uxaC_2
[13:54:59] Fixed 3 duplicate /gene - kdgR_1 kdgR_2 kdgR_3
[13:54:59] Fixed 3 duplicate /gene - gcvH_1 gcvH_2 gcvH_3
[13:54:59] Fixed 3 duplicate /gene - xynB_1 xynB_2 xynB_3
[13:54:59] Fixed 3 duplicate /gene - ybiV_1 ybiV_2 ybiV_3
[13:54:59] Fixed 2 duplicate /gene - prs_1 prs_2
[13:54:59] Fixed 2 duplicate /gene - ykoD_1 ykoD_2
[13:54:59] Fixed 2 duplicate /gene - polC_1 polC_2
[13:54:59] Fixed 2 duplicate /gene - lysN_1 lysN_2
[13:54:59] Fixed 2 duplicate /gene - pdeK_1 pdeK_2
[13:54:59] Fixed 2 duplicate /gene - greA_1 greA_2
[13:54:59] Fixed 2 duplicate /gene - pstS1_1 pstS1_2
[13:54:59] Fixed 4 duplicate /gene - degV_1 degV_2 degV_3 degV_4
[13:54:59] Fixed 2 duplicate /gene - ppx_1 ppx_2
[13:54:59] Fixed 2 duplicate /gene - glnH_1 glnH_2
[13:54:59] Fixed 2 duplicate /gene - pheT_1 pheT_2
[13:54:59] Fixed 3 duplicate /gene - mdtP_1 mdtP_2 mdtP_3
[13:54:59] Fixed 2 duplicate /gene - elaA_1 elaA_2
[13:54:59] Fixed 2 duplicate /gene - tag_1 tag_2
[13:54:59] Fixed 2 duplicate /gene - aguA_1 aguA_2
[13:54:59] Fixed 2 duplicate /gene - nox_1 nox_2
[13:54:59] Fixed 3 duplicate /gene - pstB3_1 pstB3_2 pstB3_3
[13:54:59] Fixed 3 duplicate /gene - gadC_1 gadC_2 gadC_3
[13:54:59] Fixed 4 duplicate /gene - sasA_1 sasA_2 sasA_3 sasA_4
[13:54:59] Fixed 2 duplicate /gene - murA1_1 murA1_2
[13:54:59] Fixed 2 duplicate /gene - bipA_1 bipA_2
[13:54:59] Fixed 2 duplicate /gene - ptsI_1 ptsI_2
[13:54:59] Fixed 3 duplicate /gene - gltC_1 gltC_2 gltC_3
[13:54:59] Fixed 2 duplicate /gene - sbnD_1 sbnD_2
[13:54:59] Fixed 5 duplicate /gene - xylP_1 xylP_2 xylP_3 xylP_4 xylP_5
[13:54:59] Fixed 2 duplicate /gene - deoB_1 deoB_2
[13:54:59] Fixed 2 duplicate /gene - ldh_1 ldh_2
[13:54:59] Fixed 2 duplicate /gene - acpP_1 acpP_2
[13:54:59] Fixed 172 colliding /gene names.
[13:54:59] Adding /locus_tag identifiers
[13:54:59] Assigned 2504 locus_tags to CDS and RNA features.
[13:54:59] Writing outputs to prokka_output/45709_F01_Reference/
[13:54:59] Generating annotation statistics file
[13:54:59] Generating Genbank and Sequin files
[13:54:59] Running: tbl2asn -V b -a r10k -l paired-ends -M n -N 1 -y 'Annotated using prokka 1.15.6 from https://github.com/tseemann/prokka' -Z prokka_output\/45709_F01_Reference\/45709_F01_Reference\.err -i prokka_output\/45709_F01_Reference\/45709_F01_Reference\.fsa 2> /dev/null
[13:55:03] Deleting unwanted file: prokka_output/45709_F01_Reference/errorsummary.val
[13:55:03] Deleting unwanted file: prokka_output/45709_F01_Reference/45709_F01_Reference.dr
[13:55:03] Deleting unwanted file: prokka_output/45709_F01_Reference/45709_F01_Reference.fixedproducts
[13:55:03] Deleting unwanted file: prokka_output/45709_F01_Reference/45709_F01_Reference.ecn
[13:55:03] Deleting unwanted file: prokka_output/45709_F01_Reference/45709_F01_Reference.val
[13:55:03] Repairing broken .GBK output that tbl2asn produces...
[13:55:03] Running: sed 's/COORDINATES: profile/COORDINATES:profile/' < prokka_output\/45709_F01_Reference\/45709_F01_Reference\.gbf > prokka_output\/45709_F01_Reference\/45709_F01_Reference\.gbk
[13:55:03] Deleting unwanted file: prokka_output/45709_F01_Reference/45709_F01_Reference.gbf
[13:55:03] Output files:
[13:55:03] prokka_output/45709_F01_Reference/45709_F01_Reference.gbk
[13:55:03] prokka_output/45709_F01_Reference/45709_F01_Reference.err
[13:55:03] prokka_output/45709_F01_Reference/45709_F01_Reference.ffn
[13:55:03] prokka_output/45709_F01_Reference/45709_F01_Reference.sqn
[13:55:03] prokka_output/45709_F01_Reference/45709_F01_Reference.tsv
[13:55:03] prokka_output/45709_F01_Reference/45709_F01_Reference.tbl
[13:55:03] prokka_output/45709_F01_Reference/45709_F01_Reference.fna
[13:55:03] prokka_output/45709_F01_Reference/45709_F01_Reference.log
[13:55:03] prokka_output/45709_F01_Reference/45709_F01_Reference.fsa
[13:55:03] prokka_output/45709_F01_Reference/45709_F01_Reference.gff
[13:55:03] prokka_output/45709_F01_Reference/45709_F01_Reference.txt
[13:55:03] prokka_output/45709_F01_Reference/45709_F01_Reference.faa
[13:55:03] Annotation finished successfully.
[13:55:03] Walltime used: 1.63 minutes
[13:55:03] If you use this result please cite the Prokka paper:
[13:55:03] Seemann T (2014) Prokka: rapid prokaryotic genome annotation. Bioinformatics. 30(14):2068-9.
[13:55:03] Type 'prokka --citation' for more details.
[13:55:03] Thank you, come again.
